09-28 14:43:09.871  1787  4441 E OplusCustomizeRestrictionManagerService: isBiometricDisabled start
09-28 14:43:09.872  1787  4441 W DevicePolicyManager: Unknown user type: UserInfo{999:MultiApp:4001010}
09-28 14:43:09.873  1787  4441 E OplusCustomizeRestrictionManagerService: isBiometricDisabled start
09-28 14:43:09.873  1787  4441 E OplusCustomizeRestrictionManagerService: isBiometricDisabled start
09-28 14:43:09.874  1787  4441 W DevicePolicyManager: Unknown user type: UserInfo{999:MultiApp:4001010}
09-28 14:43:09.875  1787  1787 I WallpaperManagerServiceExt: removeDisplayData. displayId = 0
09-28 14:43:09.876  1787  4437 E OplusCustomizeRestrictionManagerService: isBiometricDisabled start
09-28 14:43:09.877  1787  4169 E OplusCustomizeRestrictionManagerService: isBiometricDisabled start
09-28 14:43:09.877  1787  4169 W DevicePolicyManager: Unknown user type: UserInfo{999:MultiApp:4001010}
09-28 14:43:09.879  1787  1920 E OplusCustomizeRestrictionManagerService: isBiometricDisabled start
09-28 14:43:09.880  1787  4444 E OplusCustomizeRestrictionManagerService: isBiometricDisabled start
09-28 14:43:09.880  1787  4437 W DevicePolicyManager: Unknown user type: UserInfo{999:MultiApp:4001010}
09-28 14:43:09.881  1787  4175 E OplusCustomizeRestrictionManagerService: isBiometricDisabled start
09-28 14:43:09.881  1787  4171 W DevicePolicyManager: Unknown user type: UserInfo{999:MultiApp:4001010}
09-28 14:43:09.882  1787  4171 E OplusCustomizeRestrictionManagerService: isBiometricDisabled start
09-28 14:43:09.883  1787  1920 E OplusCustomizeRestrictionManagerService: isBiometricDisabled start
09-28 14:43:09.883  1787  4437 E OplusCustomizeRestrictionManagerService: isBiometricDisabled start
09-28 14:43:09.883  1787  4439 W DevicePolicyManager: Unknown user type: UserInfo{999:MultiApp:4001010}
09-28 14:43:09.885  1787  4439 E OplusCustomizeRestrictionManagerService: isBiometricDisabled start
09-28 14:43:09.885  1787  4439 E OplusCustomizeRestrictionManagerService: isBiometricDisabled start
09-28 14:43:09.885  1787  4439 W DevicePolicyManager: Unknown user type: UserInfo{999:MultiApp:4001010}
09-28 14:43:09.886  1787 12398 I OplusAppSwitchManagerService: appswitch registerAppSwitchObserver pName = android observer = com.oplus.app.OplusAppSwitchManager$OnAppSwitchObserverDelegate@85baff3 config = OplusAppSwitchConfig = {  mConfigs = {2=[TOM@@power@@dapengeducation, TOM@@tencent@@tmgp@@speedmobile, TOM@@tencent@@af, TOM@@miHoYo@@bh3@@nearme@@gamecenter, TOM@@pwrd@@smdl, TOM@@happyelements@@AndroidAnimal, TOM@@tencent@@mm, TOM@@tencent@@mobileqq, TOM@@sina@@weibo, TOM@@taobao@@taobao, TOM@@heytap@@browser, TOM@@ss@@android@@article@@news, TOM@@android@@incallui, TOM@@kugou@@android, TOM@@tencent@@karaoke, TOM@@UCMobile, TOM@@tencent@@mtt, TOM@@baidu@@searchbox, TOM@@sogou@@map@@android@@maps, TOM@@autonavi@@cmccmap, TOM@@ss@@android@@article@@video, TOM@@wodidashi@@paint, TOM@@heytap@@yoli, TOM@@tencent@@weishi, TOM@@baidu@@minivideo, TOM@@jm@@video, TOM@@meitu@@meipaimv, TOM@@tudou@@android, TOM@@bokecc@@dance, tv@@yixia@@bobo, TOM@@tencent@@firevideo, cn@@cntv, TOM@@pplive@@androidphone@@sport, TOM@@hupu@@games, android@@zhibo8, org@@fungo@@fungoliveallstar, TOM@@dongqiudi@@news, org@@fungo@@fungolive, TOM@@tencent@@nbagametime, TOM@@tencent@@tv@@qie, TOM@@duowan@@kiwi, air@@tv@@douyu@@android, TOM@@tencent@@qgame, TOM@@yy@@huyaassist4game, TOM@@gameabc@@zhanqiAndroid, TOM@@tencent@@liveassistant, TOM@@naver@@vapp, TOM@@king@@candycrushsaga, TOM@@supercell@@clashofclans, TOM@@dts@@freefireth, jp@@konami@@pesam, om@@fingersoft@@hcr2, om@@mobile@@legends, TOM@@picsart@@studio, TOM@@tencent@@ig, TOM@@playrix@@homescapes, TOM@@netmarble@@sknightsgb, TOM@@fgol@@HungrySharkEvolution, TOM@@chillingo@@robberybobfree@@android@@row, TOM@@youmusic@@magictiles, TOM@@ea@@gp@@nbamobile, TOM@@shootinggames@@sniper3d@@assassin, TOM@@bubadu@@bubbu, TOM@@forthblue@@pool, TOM@@gta@@grandtheftauto@@sanandreas@@codes, TOM@@ChillyRoom@@DungeonShooter, TOM@@fungames@@blockcraft, TOM@@pixonic@@wwr, TOM@@kit@@durangoguides, TOM@@eg@@android@@AlipayGphone, TOM@@android@@calculator2, TOM@@sankuai@@meituan, TOM@@android@@mms, tv@@danmaku@@bili, TOM@@xunmeng@@pinduoduo, TOM@@netease@@cloudmusic, cn@@xuexi@@android, TOM@@tencent@@news, TOM@@kuaishou@@nebula, TOM@@ss@@android@@article@@lite, TOM@@taobao@@idlefish, TOM@@hunting@@matrix_callershow, TOM@@ss@@android@@ugc@@live, TOM@@immomo@@momo, TOM@@sup@@android@@superb, TOM@@babycloud@@hanju, TOM@@kmxs@@reader, TOM@@le123@@ysdq, TOM@@tencent@@qqmusic, TOM@@nearme@@instant@@platform, TOM@@ximalaya@@ting@@android, org@@xianliao, TOM@@hunantv@@imgo@@activity, TOM@@tencent@@weread, cn@@xiaochuankeji@@zuiyouLite, TOM@@jingdong@@app@@mall, TOM@@nearme@@note, TOM@@sdu@@didi@@gsui, TOM@@achievo@@vipshop, TOM@@jifen@@qukan, TOM@@lechuan@@midunovel, cn@@xiaochuankeji@@tieba, cn@@soulapp@@android, TOM@@xingin@@xhs, TOM@@qq@@reader, TOM@@baidu@@haokan, TOM@@tencent@@radio, TOM@@ztgame@@bob, TOM@@ushaqi@@zhuishushenqi@@adfree, TOM@@baidu@@netdisk, TOM@@google@@android@@youtube, TOM@@tencent@@qt@@qtl, TOM@@hipu@@yidian, TOM@@xunlei@@downloadprovider, TOM@@snda@@wifilocating, TOM@@duowan@@mobile, TOM@@baidu@@searchbox@@lite, TOM@@zhihu@@android, TOM@@taobao@@qianniu, TOM@@netease@@newsreader@@activity, TOM@@faloo@@BookReader4Android, TOM@@alibaba@@android@@rimet, TOM@@ushaqi@@zhuishushenqi, TOM@@qidian@@QDReader, TOM@@facebook@@katana, TOM@@sankuai@@meituan@@dispatch@@homebrew, TOM@@sdu@@didi@@psnger, TOM@@quark@@browser, TOM@@chaozh@@iReader@@dj, TOM@@chaozh@@iReaderFree, TOM@@chaoxing@@mobile, TOM@@baidu@@tieba, TOM@@jjwxc@@reader, TOM@@lechuan@@mdwz, cn@@wps@@moffice_eng, TOM@@handsgo@@jiakao@@android, TOM@@tencent@@wework, TOM@@lemon@@faceu, cn@@kuwo@@player, TOM@@meitu@@meiyancamera, TOM@@sohu@@sohuvideo, TOM@@wuba, me@@ele, TOM@@tadu@@read, TOM@@qihoo@@haosou@@subscribe@@vertical@@book, TOM@@cubic@@autohome, TOM@@zsqbmfxs@@novel, TOM@@hunting@@matrix_showcaller, TOM@@ss@@android@@ugc@@aweme@@lite, TOM@@tencent@@qqgame@@xq, TOM@@ucmobile@@lite, TOM@@duoduo@@child@@story, TOM@@android@@chrome, TOM@@android@@calendar, TOM@@mt@@mtxx@@mtxx, TOM@@zhongduomei@@rrmj@@society, TOM@@sankuai@@meituan@@takeoutnew, 
09-28 14:43:09.886  1787 12398 I OplusAppSwitchStateDispatcher: registerAppSwitchObserver addDynamicListener OK, info = OplusAppSwitchRuleInfo = {  observer = com.oplus.app.OplusAppSwitchManager$OnAppSwitchObserverDelegate@85baff3 observerFingerPrint = 197395463} rule size =11
09-28 14:43:09.886  1787 12398 I ColorAutomaticBrightnessController: setScreenOn to AIBrightnessModel, isOn = true
09-28 14:43:09.888  2243  2243 D OneHandedController: setLockedDisabled locked = true, enabled = false ,FeatureEnabled = false
09-28 14:43:09.889  1787  1920 E OplusCustomizeRestrictionManagerService: isBiometricDisabled start
09-28 14:43:09.891  1787  4171 W DevicePolicyManager: Unknown user type: UserInfo{999:MultiApp:4001010}
09-28 14:43:09.892  1787  4439 W DevicePolicyManager: Unknown user type: UserInfo{999:MultiApp:4001010}
09-28 14:43:09.892  1787  4171 E OplusCustomizeRestrictionManagerService: isBiometricDisabled start
09-28 14:43:09.892  1787  4444 E OplusCustomizeRestrictionManagerService: getUnlockByFingerprintPolicies fail, return default value.
09-28 14:43:09.896  1787  1920 W DevicePolicyManager: Unknown user type: UserInfo{999:MultiApp:4001010}
09-28 14:43:09.898  1787  1920 E OplusCustomizeRestrictionManagerService: isBiometricDisabled start
09-28 14:43:09.898  1787  1920 D BiometricUtils: isEncrypted: false isLockdown: false
09-28 14:43:09.900  1787  4444 W DevicePolicyManager: Unknown user type: UserInfo{999:MultiApp:4001010}
09-28 14:43:09.901  1787  2086 D BiometricScheduler/Fingerprint21: [Added] {[483] FingerprintUpdateActiveUserClient, proto=1, owner=android, cookie=0, userId=0}, new queue size: 1
09-28 14:43:09.901  1787  2086 D BiometricScheduler/Fingerprint21: [Polled] {[483] FingerprintUpdateActiveUserClient, proto=1, owner=android, cookie=0, userId=0}, State: 0
09-28 14:43:09.901  1787  2086 D BiometricScheduler/Fingerprint21: [Starting] {[483] FingerprintUpdateActiveUserClient, proto=1, owner=android, cookie=0, userId=0}, State: 0
09-28 14:43:09.901  1787  2086 D BiometricScheduler/Fingerprint21: [Started] {[483] FingerprintUpdateActiveUserClient, proto=1, owner=android, cookie=0, userId=0}
09-28 14:43:09.901  1787  2086 D FingerprintUpdateActiveUserClient: Already user: 0, returning
09-28 14:43:09.901  1787  1848 D OplusVFXScreenEffectFeature:  setColorFadeLevel 0
09-28 14:43:09.901  1787  2086 D BiometricScheduler/Fingerprint21: [Added] {[484] FingerprintAuthenticationClient, proto=3, owner=com.android.systemui, cookie=0, userId=0}, new queue size: 1
09-28 14:43:09.901  1787  2086 V BiometricScheduler/Fingerprint21: Not idle, current operation: {[483] FingerprintUpdateActiveUserClient, proto=1, owner=android, cookie=0, userId=0}, State: 2
09-28 14:43:09.901  1787  4441 W DevicePolicyManager: Unknown user type: UserInfo{999:MultiApp:4001010}
09-28 14:43:09.903  1787  2086 D BiometricScheduler/Fingerprint21: [Finishing] {[483] FingerprintUpdateActiveUserClient, proto=1, owner=android, cookie=0, userId=0}, success: true
09-28 14:43:09.903  1787  2086 D BiometricScheduler/Fingerprint21: [Polled] {[484] FingerprintAuthenticationClient, proto=3, owner=com.android.systemui, cookie=0, userId=0}, State: 0
09-28 14:43:09.903  1787  2086 D GestureAvailabilityTracker: Notifying gesture availability, active=false
09-28 14:43:09.903  1787  2086 D BiometricScheduler/Fingerprint21: [Starting] {[484] FingerprintAuthenticationClient, proto=3, owner=com.android.systemui, cookie=0, userId=0}, State: 0
09-28 14:43:09.903  1787  2086 D BiometricScheduler/Fingerprint21: [Started] {[484] FingerprintAuthenticationClient, proto=3, owner=com.android.systemui, cookie=0, userId=0}
09-28 14:43:09.903  1787  2086 D BiometricCoexCoordinator: addAuthenticationClient(Udfps), client: {[484] FingerprintAuthenticationClient, proto=3, owner=com.android.systemui, cookie=0, userId=0}
09-28 14:43:09.903  1787  2086 D FingerprintService: Fps state updated from 0 to 2, client {[484] FingerprintAuthenticationClient, proto=3, owner=com.android.systemui, cookie=0, userId=0}
09-28 14:43:09.903  1787  2086 D Biometrics/AuthenticationClient: Requesting auth for com.android.systemui
09-28 14:43:09.906  1787  2086 D UserManagerServiceExtImpl: getMultiSystemUserId  res = -10000
09-28 14:43:09.906  1787  4441 E OplusCustomizeRestrictionManagerService: getUnlockByFingerprintPolicies fail, return default value.
09-28 14:43:09.909  1787  1920 E OplusCustomizeRestrictionManagerService: getUnlockByFingerprintPolicies fail, return default value.
09-28 14:43:09.910  1787  1920 E OplusCustomizeRestrictionManagerService: isBiometricDisabled start
09-28 14:43:09.911  1787  1920 E OplusCustomizeRestrictionManagerService: isBiometricDisabled start
09-28 14:43:09.911  1787  1920 W DevicePolicyManager: Unknown user type: UserInfo{999:MultiApp:4001010}
09-28 14:43:09.912  1787  4171 E OplusCustomizeRestrictionManagerService: getUnlockByFingerprintPolicies fail, return default value.
09-28 14:43:09.912  1787  4441 E OplusCustomizeRestrictionManagerService: isBiometricDisabled start
09-28 14:43:09.913  1787  4441 E OplusCustomizeRestrictionManagerService: isBiometricDisabled start
09-28 14:43:09.913  1787  4441 W DevicePolicyManager: Unknown user type: UserInfo{999:MultiApp:4001010}
09-28 14:43:09.914  1787  1920 E OplusCustomizeRestrictionManagerService: isBiometricDisabled start
09-28 14:43:09.915  1787  1815 V UsbDeviceManager: onKeyguardStateChanged: isShowing:true secure:true user:0
09-28 14:43:09.915  1787  1920 E OplusCustomizeRestrictionManagerService: isBiometricDisabled start
09-28 14:43:09.915  1787  1920 W DevicePolicyManager: Unknown user type: UserInfo{999:MultiApp:4001010}
09-28 14:43:09.917  1787  4438 D OplusFeatureAOD: key:1787 tmp:2
09-28 14:43:09.918  1787  4444 E OplusCustomizeRestrictionManagerService: isBiometricDisabled start
09-28 14:43:09.919  1787  4444 E OplusCustomizeRestrictionManagerService: isBiometricDisabled start
09-28 14:43:09.919  1787  4444 W DevicePolicyManager: Unknown user type: UserInfo{999:MultiApp:4001010}
09-28 14:43:09.924  1787  4439 D WindowManager: mKeyguardDelegate.ShowListener.onDrawn.
09-28 14:43:09.925  1787  1813 W WindowManager: Setting mKeyguardDrawComplete
09-28 14:43:09.925  1787  1813 I WindowManager: Waiting for drawn Window{34529d u0 NotificationShade}: removed=false visible=true mHasSurface=true drawState=1
09-28 14:43:09.926  1787  1816 I WindowManager: Waiting for drawn Window{34529d u0 NotificationShade}: removed=false visible=true mHasSurface=true drawState=1
09-28 14:43:09.932  1787  4171 I WindowManager: Waiting for drawn Window{34529d u0 NotificationShade}: removed=false visible=true mHasSurface=true drawState=1
09-28 14:43:09.936  9162  9162 V OplusZoomWindowDecorViewHelper: removeZoomView
09-28 14:43:09.940  1787  4175 I WindowManager: Waiting for drawn Window{34529d u0 NotificationShade}: removed=false visible=true mHasSurface=true drawState=1
09-28 14:43:09.941  1787  4175 I WindowManager: Relayout Window{8a8833d u0 OnScreenFingerprintIcon}: oldVis=8 newVis=0 focusMayChange = true requestedWidth = 1080 requestedHeight = 1080 outFrames = ClientWindowFrames{frame=[0,1636][1080,2716] display=[-10000,-10000][10000,10000] backdrop=[0,0][1080,1080]} outSurfaceControl = Surface(name=OnScreenFingerprintIcon)/@0x51619e0
09-28 14:43:09.943  1787  4171 I WindowManager: Waiting for drawn Window{34529d u0 NotificationShade}: removed=false visible=true mHasSurface=true drawState=1
09-28 14:43:09.950  1787  4441 D WindowManager: setParent old=WindowToken{675cd8b android.os.BinderProxy@13575a},new=null,this window=Window{94b0e68 u0 GameSpaceFloatWindow},callers=com.android.server.wm.WindowContainer.removeChild:627 com.android.server.wm.WindowContainer.removeImmediately:683 com.android.server.wm.WindowState.removeImmediately:2543 com.android.server.wm.WindowState.removeIfPossible:2739 com.android.server.wm.WindowState.removeIfPossible:2609 com.android.server.wm.WindowManagerService.removeWindow:2139 
09-28 14:43:09.950  1787  4441 I OplusZoomWindowManagerService: removeTapExcluedWindow win = Window{94b0e68 u0 GameSpaceFloatWindow}
09-28 14:43:09.951  1787  4441 D WindowManager: setParent old=Leaf:3:14@230273924,new=null,this window=WindowToken{675cd8b android.os.BinderProxy@13575a},callers=com.android.server.wm.WindowContainer.removeChild:627 com.android.server.wm.WindowContainer.removeImmediately:683 com.android.server.wm.WindowToken.setExiting:253 com.android.server.wm.DisplayContent.removeWindowToken:1241 com.android.server.wm.WindowToken.removeImmediately:372 com.android.server.wm.WindowManagerService.postWindowRemoveCleanupLocked:2185 
09-28 14:43:09.954  1787  4441 I WindowManager: Waiting for drawn Window{34529d u0 NotificationShade}: removed=false visible=true mHasSurface=true drawState=1
09-28 14:43:09.957  1787  1816 I WindowManager: Waiting for drawn Window{34529d u0 NotificationShade}: removed=false visible=true mHasSurface=true drawState=4
09-28 14:43:09.957  1787  1816 D WindowManager: All windows drawn!
09-28 14:43:09.957  1787  1815 I WindowManager: All windows ready for every display
09-28 14:43:09.957  1787  1813 W WindowManager: Setting mWindowManagerDrawComplete
09-28 14:43:09.962  1787  1813 I WindowManager: Finished screen turning on...
09-28 14:43:09.962  1787  1813 D OplusDisplayPowerControllerExtImpl: ScreenOnUnblocker, onScreenOn
09-28 14:43:09.962  1787  1848 I DisplayPowerController[0]: Unblocked screen on after 105 ms
09-28 14:43:09.962  1787  1848 D OplusDisplayPowerControllerExtImpl: original brightness to dataBase:7624 final brightness:7624.0 scale:1.0 reason:4 darkLevel:0
09-28 14:43:09.962  1787  1848 V DisplayPowerController[0]: Brightness [7624.0] reason changing to: 'automatic [ auto_adj ]', previous reason: 'automatic'.
09-28 14:43:09.962  1787  1848 D VRR [OPlusRefreshRateService]: notifyBrightnessChange brightness: 7624.0
09-28 14:43:09.962  1787  1849 D AlarmWakeupCheck: SCREEN_ON: CntAlarmWakeup = 0
09-28 14:43:09.964  1787  2005 W OplusStorageManagerFeature: turn screenOn, maintPrepared:false
09-28 14:43:09.967   595 12416 D vold    : idle maintenance stopped
09-28 14:43:09.983  1787  4438 W ContextImpl: Calling a method in the system process without a qualified user: android.app.ContextImpl.sendBroadcast:1177 com.android.server.camera.OplusCameraStateBroadcast.notifyCameraState:50 com.android.server.camera.CameraServiceProxyExtImpl.extendNotifyCameraState:35 com.android.server.camera.CameraServiceProxy.updateActivityCount:1121 com.android.server.camera.CameraServiceProxy.access$1900:94 
09-28 14:43:09.994  1787  4438 E OplusCustomizeRestrictionManagerService: isBiometricDisabled start
09-28 14:43:09.996  1787  4438 W DevicePolicyManager: Unknown user type: UserInfo{999:MultiApp:4001010}
09-28 14:43:09.997  1787  4438 E OplusCustomizeRestrictionManagerService: isBiometricDisabled start
09-28 14:43:09.998  1787  4438 E OplusCustomizeRestrictionManagerService: isBiometricDisabled start
09-28 14:43:09.998  1787  4438 W DevicePolicyManager: Unknown user type: UserInfo{999:MultiApp:4001010}
09-28 14:43:09.999  1787  1920 E OplusCustomizeRestrictionManagerService: isBiometricDisabled start
09-28 14:43:10.000  1787  1787 D OplusPowerMonitor: Receive broadcast android.intent.action.SCREEN_ON
09-28 14:43:10.000  1787  1787 D NetworkDiagnostics: notifyStopMonitorScreenOn
09-28 14:43:10.002  1787  1933 D OplusSmartDozeHelper: smartdozehelper isSupportSmartDoze: true
09-28 14:43:10.002  1787  1933 D DeviceIdleHelper: setSmartDozeMode: enable = false
09-28 14:43:10.002  1787  1933 D OplusSmartDozeHelper: exitSmartDoze: 
09-28 14:43:10.006  1787  1787 D OplusFeatureBrightnessBarController: screen state:true
09-28 14:43:10.012  1787  4439 E WindowManager: makeSurface WindowToken{be144f8 android.os.BinderProxy@ddf845b} windowType 2015
09-28 14:43:10.014  1787  1920 D ActivityManager: getProcessesInErrorState callingUid=10044, CallingPid=9018
09-28 14:43:10.018  1787  1848 I ColorAutomaticBrightnessController: onSensorChanged mSensorChanged = 1
09-28 14:43:10.020  1787  2169 D AIBrightnessModel: handleUpdateBrightness brightness change from BrightnessPoint:(11.068346, 7624.244, 3213.0142, 416.51675)->BrightnessPoint:(6.360169, 4050.4612, 92.19242, 102.48694) lux:91.462, [3169.316,3169.316,3169.316,3169.316,3169.316,3169.316,3169.316,3169.316,3169.316]
09-28 14:43:10.020  1787  1848 I ColorAutomaticBrightnessController: onTargetBrightnessChanged mSensorChanged = 2
09-28 14:43:10.021  1787  1848 I ColorAutomaticBrightnessController: updateAutoBrightness: Auto
09-28 14:43:10.021  1787  1848 I ColorAutomaticBrightnessController: , sendUpdate = true, adjustment = 2007.0, AIBrightness = 4050, adjustManualBright = 4050
09-28 14:43:10.021  1787  1848 D OplusDisplayPowerControllerExtImpl: original brightness to dataBase:4050 final brightness:4050.0 scale:1.0 reason:4 darkLevel:0
09-28 14:43:10.021  1787  1848 D OplusDisplayPowerControllerExtImpl: Animating brightness: target=7624->4050, rate=6400, source=7
09-28 14:43:10.021  1787  1848 D RampAnimator:  updateCurrentToTarget = 4050
09-28 14:43:10.021  1787  1848 V DisplayPowerController[0]: Brightness [4050.0] reason changing to: 'automatic [ auto_adj ]', previous reason: 'automatic'.
09-28 14:43:10.021  1787  1848 D VRR [OPlusRefreshRateService]: notifyBrightnessChange brightness: 4050.0
09-28 14:43:10.022  1787  1848 D VRR [OPlusRefreshRateService]: notifyNitsChange nits: 102.46311 discrete nits: 416.48877
09-28 14:43:10.022  1787  1848 D OplusBrightUtils: Skip to send 0 to kernel while display state on, reset to oriBrightnessState -1.0
09-28 14:43:10.022  1787  1853 D VRR [OPlusRefreshRateService]: handleBrightnessChange nits: 102.46311
09-28 14:43:10.022  1787  1848 D OplusDisplayPowerControllerExtImpl: original brightness to dataBase:4050 final brightness:4050.0 scale:1.0 reason:4 darkLevel:0
09-28 14:43:10.022  1787  1848 V DisplayPowerController[0]: Brightness [4050.0] reason changing to: 'automatic [ auto_adj ]', previous reason: 'automatic'.
09-28 14:43:10.022  1787  1848 D VRR [OPlusRefreshRateService]: notifyBrightnessChange brightness: 4050.0
09-28 14:43:10.041  1787  4437 W ActivityManager: setGlThreads detect 2243 12423
09-28 14:43:10.042  1787  3372 D OplusDisplayPanelFeature: getDisplayPanelFeatureValue +++, featureID:11
09-28 14:43:10.047  1787  3372 D OplusDisplayPanelFeature: getDisplayPanelFeatureValue, ret = -1
09-28 14:43:10.047  1787  3372 D OplusDisplayPanelFeature: getDisplayPanelFeatureValue ---, result = []
09-28 14:43:10.091  1787  4444 W ContextImpl: Calling a method in the system process without a qualified user: android.app.ContextImpl.sendBroadcastMultiplePermissions:1260 com.android.server.TelephonyRegistry.broadcastServiceStateChanged:3041 com.android.server.TelephonyRegistry.notifyServiceStateForPhoneId:1684 com.android.internal.telephony.ITelephonyRegistry$Stub.onTransact:455 android.os.Binder.execTransactInternal:1226 
09-28 14:43:10.092  1787  1834 W BroadcastQueue: Permission Denial: receiving Intent { act=android.intent.action.SERVICE_STATE flg=0x1000010 (has extras) } to com.google.android.cellbroadcastreceiver/com.android.cellbroadcastreceiver.CellBroadcastReceiver requires android.permission.READ_PHONE_STATE due to sender android (uid 1001)
09-28 14:43:10.093  1787  1834 D CompatibilityChangeReporter: Compat change id reported: 135634846; UID 10213; state: DISABLED
09-28 14:43:10.093  1787  1834 D CompatibilityChangeReporter: Compat change id reported: 177438394; UID 10213; state: DISABLED
09-28 14:43:10.093  1787  1834 D CompatibilityChangeReporter: Compat change id reported: 135772972; UID 10213; state: DISABLED
09-28 14:43:10.093  1787  1834 D CompatibilityChangeReporter: Compat change id reported: 135754954; UID 10213; state: ENABLED
09-28 14:43:10.093  1787  1829 D CompatibilityChangeReporter: Compat change id reported: 143937733; UID 10213; state: ENABLED
09-28 14:43:10.104  1787  1829 I ActivityManager: Start proc 12428:com.google.android.cellbroadcastreceiver/u0a213 for broadcast {com.google.android.cellbroadcastreceiver/com.android.cellbroadcastreceiver.CellBroadcastReceiver}
09-28 14:43:10.105  1787  4441 E AppOps  : package com.oplus.internal.telephony not found, can't check for attributionTag null
09-28 14:43:10.105  1787  4441 E AppOps  : noteOperation
09-28 14:43:10.105  1787  4441 E AppOps  : java.lang.SecurityException: Specified package com.oplus.internal.telephony under uid 1001 but it is not
09-28 14:43:10.105  1787  4441 E AppOps  : 	at com.android.server.appop.AppOpsService.verifyAndGetBypass(AppOpsService.java:4791)
09-28 14:43:10.105  1787  4441 E AppOps  : 	at com.android.server.appop.AppOpsService.noteOperationUnchecked(AppOpsService.java:3575)
09-28 14:43:10.105  1787  4441 E AppOps  : 	at com.android.server.appop.AppOpsService.noteOperationImpl(AppOpsService.java:3563)
09-28 14:43:10.105  1787  4441 E AppOps  : 	at com.android.server.appop.AppOpsService.access$4000(AppOpsService.java:223)
09-28 14:43:10.105  1787  4441 E AppOps  : 	at com.android.server.appop.AppOpsService$CheckOpsDelegateDispatcher.lambda$noteOperation$4(AppOpsService.java:7769)
09-28 14:43:10.105  1787  4441 E AppOps  : 	at com.android.server.appop.AppOpsService$CheckOpsDelegateDispatcher$$ExternalSyntheticLambda5.apply(Unknown Source:33)
09-28 14:43:10.105  1787  4441 E AppOps  : 	at com.android.server.policy.AppOpsPolicy.noteOperation(AppOpsPolicy.java:221)
09-28 14:43:10.105  1787  4441 E AppOps  : 	at com.android.server.appop.AppOpsService$CheckOpsDelegateDispatcher.noteOperation(AppOpsService.java:7767)
09-28 14:43:10.105  1787  4441 E AppOps  : 	at com.android.server.appop.AppOpsService.noteOperation(AppOpsService.java:3547)
09-28 14:43:10.105  1787  4441 E AppOps  : 	at com.android.internal.app.IAppOpsService$Stub.onTransact(IAppOpsService.java:476)
09-28 14:43:10.105  1787  4441 E AppOps  : 	at com.android.server.appop.OplusAppOpsService.onTransact(OplusAppOpsService.java:38)
09-28 14:43:10.105  1787  4441 E AppOps  : 	at android.os.Binder.execTransactInternal(Binder.java:1226)
09-28 14:43:10.105  1787  4441 E AppOps  : 	at android.os.Binder.execTransact(Binder.java:1163)
09-28 14:43:10.139  1787  4441 V ActivityManager: New death recipient com.android.server.am.ActivityManagerService$AppDeathRecipient@fcfd1f for thread android.os.BinderProxy@5d1686c
09-28 14:43:10.140  1787  2170 E LocalDisplayAdapterExtImpl: power on! sync real time brightness:4050.0
09-28 14:43:10.144  1787  2086 V Biometrics/AcquisitionClient: Acquired: 6 3, shouldSend: true
09-28 14:43:10.144  1787  2170 D OplusVFXScreenEffectFeature:  setBrightness 4050
09-28 14:43:10.145  1787  2170 D LightsServiceExtImpl: baseSetLightLocked end.
09-28 14:43:10.146  1787  2170 D LightsServiceExtImpl: notifyFlingerLight color=4050code=21005
09-28 14:43:10.147  1787  2170 D OplusVFXScreenEffectFeature:  setBrightness 4050
09-28 14:43:10.147  1787  2170 D LightsServiceExtImpl: baseSetLightLocked end.
09-28 14:43:10.147  1787  1848 D OplusBrightUtils: Skip to send 0 to kernel while display state on, reset to oriBrightnessState -1.0
09-28 14:43:10.149  1787  1834 D CompatibilityChangeReporter: Compat change id reported: 135634846; UID 1000; state: DISABLED
09-28 14:43:10.149  1787  1834 D CompatibilityChangeReporter: Compat change id reported: 177438394; UID 1000; state: DISABLED
09-28 14:43:10.149  1787  1834 D CompatibilityChangeReporter: Compat change id reported: 135772972; UID 1000; state: DISABLED
09-28 14:43:10.149  1787  1834 D CompatibilityChangeReporter: Compat change id reported: 135754954; UID 1000; state: ENABLED
09-28 14:43:10.152  1787  1848 D OplusDisplayPowerControllerExtImpl: original brightness to dataBase:4050 final brightness:4050.0 scale:1.0 reason:4 darkLevel:0
09-28 14:43:10.152  1787  1848 V DisplayPowerController[0]: Brightness [4050.0] reason changing to: 'automatic [ auto_adj ]', previous reason: 'automatic'.
09-28 14:43:10.152  1787  1848 D VRR [OPlusRefreshRateService]: notifyBrightnessChange brightness: 4050.0
09-28 14:43:10.153  1787  1815 D DisplayManagerService: Delivering display event: displayId=0, event=4
09-28 14:43:10.153  1787  1848 D OplusDisplayPowerControllerExtImpl: original brightness to dataBase:4050 final brightness:4050.0 scale:1.0 reason:4 darkLevel:0
09-28 14:43:10.153  1787  1848 V DisplayPowerController[0]: Brightness [4050.0] reason changing to: 'automatic [ auto_adj ]', previous reason: 'automatic'.
09-28 14:43:10.153  1787  1848 D VRR [OPlusRefreshRateService]: notifyBrightnessChange brightness: 4050.0
09-28 14:43:10.160  1787  1829 I ActivityManager: Start proc 12449:com.oplus.wirelesssettings:tzupdate/1000 for broadcast {com.oplus.wirelesssettings/com.oplus.tzupdate.timezone.MccChangeReceiver}
09-28 14:43:10.182  1787  1920 W ContextImpl: Calling a method in the system process without a qualified user: android.app.ContextImpl.sendBroadcast:1177 com.android.server.camera.OplusCameraStateBroadcast.notifyCameraState:50 com.android.server.camera.CameraServiceProxyExtImpl.extendNotifyCameraState:35 com.android.server.camera.CameraServiceProxy.updateActivityCount:1121 com.android.server.camera.CameraServiceProxy.access$1900:94 
09-28 14:43:10.190  2243  2243 W FingerprintManager: Invalid acquired message: 6, 3
09-28 14:43:10.209  1787  4438 V ActivityManager: New death recipient com.android.server.am.ActivityManagerService$AppDeathRecipient@2fb7117 for thread android.os.BinderProxy@4e5904
09-28 14:43:10.216  1787  4438 D CompatibilityChangeReporter: Compat change id reported: 168419799; UID 1000; state: DISABLED
09-28 14:43:10.264  1787  1834 D CompatibilityChangeReporter: Compat change id reported: 135634846; UID 10334; state: DISABLED
09-28 14:43:10.264  1787  1834 D CompatibilityChangeReporter: Compat change id reported: 177438394; UID 10334; state: DISABLED
09-28 14:43:10.264  1787  1834 D CompatibilityChangeReporter: Compat change id reported: 135772972; UID 10334; state: DISABLED
09-28 14:43:10.264  1787  1834 D CompatibilityChangeReporter: Compat change id reported: 135754954; UID 10334; state: ENABLED
09-28 14:43:10.265  1787  1829 D CompatibilityChangeReporter: Compat change id reported: 143937733; UID 10334; state: ENABLED
09-28 14:43:10.288  1787  1829 I ActivityManager: Start proc 12535:com.redteamobile.roaming/u0a334 for broadcast {com.redteamobile.roaming/com.redteamobile.roaming.receiver.MccChangeReceiver}
09-28 14:43:10.327  1787  4171 V ActivityManager: New death recipient com.android.server.am.ActivityManagerService$AppDeathRecipient@e56c0f for thread android.os.BinderProxy@b35c49c
09-28 14:43:10.329  1787  4171 D CompatibilityChangeReporter: Compat change id reported: 168419799; UID 10334; state: DISABLED
09-28 14:43:10.359  1787  1853 D VRR [OPlusSurfaceFlingerController]:  setTouchIdle : TouchIdleBean{mEnable=true, mHwEnable=true, mSwEnable=true, mAdfrEnable=false, mTimeOut=4000, mContentThreshold=-1, mContentGapMs=500, mBrightnessLimit=200, mNitLimit=-1, mLowestRate=60, mBlackList=[], mReadingWhiteList=[], mSpecialTimeOutMap={}, mSwWhiteList=[], mSwNegligibleOverlay=[], mHwDisablePanel=[], mAdfrToHwList=[]}
09-28 14:43:10.481 12535 12576 E ActivityThread: Failed to find provider info for com.nearme.romupdate.provider.db
09-28 14:43:10.514  1787  1920 D ActivityManager: getProcessesInErrorState callingUid=10044, CallingPid=9018
09-28 14:43:10.523  1787  2086 E Biometrics/Face/HealthMonitor: demo process is restarting, startApiName = detectFace, session = 17649304
09-28 14:43:10.523  1787  2086 D FaceProvider/default/4: skip authentication frame return
09-28 14:43:10.570  1787  2086 D FaceProvider/default/4: skip authentication frame return
09-28 14:43:10.570  1787  2086 D FaceProvider/default/4: skip authentication frame return
09-28 14:43:10.570  1787  2085 D Biometrics/Face/OplusFaceServiceProvider: handleUnBlockScreenOn, reason = unBlockScreenOnByAuthenticateTimeout
09-28 14:43:10.571  1787  2085 E Biometrics/Face/HealthMonitor: demo process is restarting, stopApiName = blockScreenOn, session = 017648625
09-28 14:43:10.571  1787  2085 E Biometrics/Face/HealthMonitor: demo process is restarting, stopApiName = detectFace, session = 17649304
09-28 14:43:10.571  1787  2085 D OplusPowerManagerHelper: unblockScreenOn reason = unBlockScreenOnByAuthenticateTimeout
09-28 14:43:10.571  1787  2085 E OplusDisplayPowerControllerFeature: execute mBlockReasonList.clear
09-28 14:43:10.571  1787  2085 E OplusDisplayPowerControllerFeature: execute mBlockReasonList.clear
09-28 14:43:10.571  1787  2085 D OplusFeatureAOD: notifySfUnBlockScreenOn
09-28 14:43:10.571  1787  1848 D DisplayPowerState: setColorFadeLevel: level=1.0
09-28 14:43:10.571  1787  1848 D OplusVFXScreenEffectFeature:  setColorFadeLevel 1
09-28 14:43:10.571  1787  1848 D OplusVFXScreenEffectFeature: notifySFUpdateVFXEffectState state BRIGHTNESS_CHANGED NeedNotify false
09-28 14:43:10.571  1787  2085 D OplusPowerManagerHelper: scheduleNotifyStopDream
09-28 14:43:10.572  1787  1848 D OplusDisplayPowerControllerExtImpl: original brightness to dataBase:4050 final brightness:4050.0 scale:1.0 reason:4 darkLevel:0
09-28 14:43:10.572  1787  1848 V DisplayPowerController[0]: Brightness [4050.0] reason changing to: 'automatic [ auto_adj ]', previous reason: 'automatic'.
09-28 14:43:10.572  1787  1848 D VRR [OPlusRefreshRateService]: notifyBrightnessChange brightness: 4050.0
09-28 14:43:10.573  1787  1848 D OplusDisplayPowerControllerExtImpl: original brightness to dataBase:4050 final brightness:4050.0 scale:1.0 reason:4 darkLevel:0
09-28 14:43:10.573  1787  1848 V DisplayPowerController[0]: Brightness [4050.0] reason changing to: 'automatic [ auto_adj ]', previous reason: 'automatic'.
09-28 14:43:10.573  1787  1848 D VRR [OPlusRefreshRateService]: notifyBrightnessChange brightness: 4050.0
09-28 14:43:10.573  1787  1848 D OplusPowerManagerHelper: handleMessage:102
09-28 14:43:10.573  1787  1848 D OplusPowerManagerHelper: MSG_STOP_DEAM
09-28 14:43:10.573  1787  1848 I DreamManagerService: Leaving dreamland.
09-28 14:43:10.573  1787  1848 D OplusFeatureAOD: clearDozeStateMap
09-28 14:43:10.573  1787  1812 I DreamManagerService: Performing gentle wake from dream.
09-28 14:43:10.573  1787  1812 I DreamController: Stopping dream: name=ComponentInfo{com.android.systemui/com.android.systemui.doze.DozeService}, isTest=false, canDoze=true, userId=0, reason='requested stopDream'
09-28 14:43:10.575  1787  2170 D LightsServiceExtImpl: baseSetLightLocked end.
09-28 14:43:10.575  1787  1848 D OplusDisplayPowerControllerExtImpl: original brightness to dataBase:4050 final brightness:4050.0 scale:1.0 reason:4 darkLevel:0
09-28 14:43:10.575  1787  1848 V DisplayPowerController[0]: Brightness [4050.0] reason changing to: 'automatic [ auto_adj ]', previous reason: 'automatic'.
09-28 14:43:10.575  1787  1848 D DisplayPowerController[0]: screenTurnedOn state=2 brightnessState=4050.0
09-28 14:43:10.575  1787  1848 D OplusDisplayPowerControllerFeature: RECORD:onUpdatePowerState policy:3 state:2 brightness:4050
09-28 14:43:10.575  1787  1848 D VRR [OPlusRefreshRateService]: notifyBrightnessChange brightness: 4050.0
09-28 14:43:10.575  1787  1848 W PowerManagerService: Screen on took 755 ms. groupId = 0
09-28 14:43:10.575  1787  1848 D OplusPowerManagerHelper: [onWakeUpFinish]
09-28 14:43:10.576  1787  1848 D OplusFeatureAOD: notifySfUnBlockScreenOn
09-28 14:43:10.576  1787  1848 I Quality : ScreenOnOff: ON 755 0
09-28 14:43:10.581  1787  4171 E OplusCustomizeRestrictionManagerService: isBiometricDisabled start
09-28 14:43:10.582  1787  2005 W OplusStorageManagerFeature: turn screenOn, maintPrepared:false
09-28 14:43:10.582  1787  4171 E OplusCustomizeRestrictionManagerService: isBiometricDisabled start
09-28 14:43:10.582  1787  4437 W DevicePolicyManager: Unknown user type: UserInfo{999:MultiApp:4001010}
09-28 14:43:10.586   595 12582 D vold    : idle maintenance stopped
09-28 14:43:10.587  1787  4439 W DevicePolicyManager: Unknown user type: UserInfo{999:MultiApp:4001010}
09-28 14:43:10.591  1787  4439 E OplusCustomizeRestrictionManagerService: isBiometricDisabled start
09-28 14:43:10.591  1787  4175 E OplusCustomizeRestrictionManagerService: isBiometricDisabled start
09-28 14:43:10.626  1787  2086 D FaceProvider/default/4: skip authentication frame return
09-28 14:43:10.626  1787  2086 D FaceProvider/default/4: skip authentication frame return
09-28 14:43:10.679  1787  2086 D FaceProvider/default/4: skip authentication frame return
09-28 14:43:10.680  1787  2086 D FaceProvider/default/4: skip authentication frame return
09-28 14:43:10.738  1787  2014 V OplusNPMS: getWarningNotification numWarningNotificaion10
09-28 14:43:10.738  1787  2014 V OplusNPMS: getWarningNotification numWarningNotificaion10
09-28 14:43:10.738  1787  2014 V OplusNPMS: getLimitNotificationState subID=2
09-28 14:43:10.738  1787  2014 V OplusNPMS: getLimitNotificationState mSubidToIccId != null
09-28 14:43:10.740  1787  2086 D FaceProvider/default/4: skip authentication frame return
09-28 14:43:10.740  1787  2086 D FaceProvider/default/4: skip authentication frame return
09-28 14:43:10.769  1787  4171 E OplusZoomWindowManagerService: null stack in getZoomScaleRect
09-28 14:43:10.773  1787  2086 D Biometrics/Fingerprint21/OplusFingerprint21ServiceProviderExtImpl: dispatchTouchDown
09-28 14:43:10.774  1787  2086 D Biometrics/Fingerprint21/OplusFingerprint21ServiceProviderExtImpl: [handleOnPointerDown] dispatch to Auth
09-28 14:43:10.774  1787  2089 D OplusDisplayPanelFeature: setDisplayPanelFeatureValue +++, ID:28, value:1
09-28 14:43:10.774  1787  2089 D OplusDisplayPanelFeature: notifyDispFingerLayer 0
09-28 14:43:10.806  1787  2086 D FaceProvider/default/4: skip authentication frame return
09-28 14:43:10.806  1787  2086 V Biometrics/LoggableMonitor: Authentication latency: -1
09-28 14:43:10.806  1787  2086 W Biometrics/LoggableMonitor: found a negative latency : -1
09-28 14:43:10.806  1787  2086 V Biometrics/AuthenticationClient: onAuthenticated(false), ID:0, Owner: com.android.systemui, isBP: false, listener: com.android.server.biometrics.sensors.ClientMonitorCallbackConverter@91a1f73, requireConfirmation: false, user: 0, clientMonitor: {[482] FaceAuthenticationClient, proto=3, owner=com.android.systemui, cookie=0, userId=0}
09-28 14:43:10.806  1787  2086 W Biometrics/AuthenticationClient: Allowing background authentication, this is allowed only for platform or test invocations
09-28 14:43:10.806  1787  2086 W BiometricCoexCoordinator: Skipping face reject haptic
09-28 14:43:10.807  1787  2086 D UaBiometricScheduler/FaceProvider/default/4: [Finishing] {[482] FaceAuthenticationClient, proto=3, owner=com.android.systemui, cookie=0, userId=0}, success: true
09-28 14:43:10.807  1787  2086 D BiometricCoexCoordinator: removeAuthenticationClient(Face), client: {[482] FaceAuthenticationClient, proto=3, owner=com.android.systemui, cookie=0, userId=0}
09-28 14:43:10.807  1787  2086 D UaBiometricScheduler/FaceProvider/default/4: No operations, returning to idle
09-28 14:43:10.807  1787  2086 E UaBiometricScheduler/FaceProvider/default/4: [Finishing] {[482] FaceAuthenticationClient, proto=3, owner=com.android.systemui, cookie=0, userId=0} but current operation is null, success: true, possible lifecycle bug in clientMonitor implementation?
09-28 14:43:10.807  2243  2243 D LinearmotorVibrator: vibrate: effect=WaveformEffect { 82f0f6f, effectType=3, effectStrength=1, effectLoop=false, ringtoneVibrateType=-1, isRingtoneCustomized=false, ringtoneFilePath=, strengthSettingEnabled=true, asynchronous=false, usageHint=0 }
09-28 14:43:10.807  2243  2243 D WaveformEffect: getWaveFormDurationArray mEffectType=3 duration=480 indexOfKey=3
09-28 14:43:10.809  1787  2086 E FaceProvider/default/4: onAuthenticationFrame for incompatible client: null
09-28 14:43:10.810  1787  4171 D WaveformEffect: getWaveFormDurationArray mEffectType=3 duration=480 indexOfKey=3
09-28 14:43:10.811  1787  4171 D LinearMotorVibratorControler: not PatternHeParameter effect, do nothing!!
09-28 14:43:10.811  1787  4171 W VibratorManagerServiceExtImpl: impl ignoreVibrateForOneShotEffect: illegel effect params, curVibEffect=null ,newEffect=OplusNativeOneShotVibrationEffect{mWaveformId=46, mTiming=480, mEffectStrength=2400}
09-28 14:43:10.811  1787  4171 D VibratorManagerServiceExtImpl: startCustomizeVibratorLocked id= 0,size=1
09-28 14:43:10.811  1787  4171 D VibratorManagerServiceExtImpl: startCustomizeVibratorLocked withCallback=true
09-28 14:43:10.817  1787  4171 D VibratorManagerServiceExtImpl: onNoteVibratorOnLocked uid=10120, timing=480
09-28 14:43:10.817  1787  4171 D LinearMotorVibratorControler: OplusMirrorLinearMotorVibratorManager.turnOnLinearmotorVibrator
09-28 14:43:10.817  1787  4171 D LinearMotorVibratorControler: convertEffectStrength amplitude:2400
09-28 14:43:10.819  1787  4171 D WaveformEffect: getWaveFormDurationArray mEffectType=3 duration=480 indexOfKey=3
09-28 14:43:10.819  1787  4171 D LinearmotorVibratorService: linearMotorVibrate WAVEFORM_NODE_RTP, uid=10120 opPkg=com.android.systemui we.getWaveFormIndexArray()=[46] we.getWaveFormDurationArray()=[480] we.getStrengthSettingEnabled()=true
09-28 14:43:10.819  2243  2243 D WaveformEffect: getWaveFormDurationArray mEffectType=3 duration=480 indexOfKey=3
09-28 14:43:10.822  1787  4175 D UserManagerServiceExtImpl: getMultiSystemUserId  res = -10000
09-28 14:43:10.822  1787  4175 E OplusCustomizeRestrictionManagerService: isBiometricDisabled start
09-28 14:43:10.823  1787  4175 W DevicePolicyManager: Unknown user type: UserInfo{999:MultiApp:4001010}
09-28 14:43:10.823  1787  4175 E OplusCustomizeRestrictionManagerService: isBiometricDisabled start
09-28 14:43:10.823  1787  4175 E OplusCustomizeRestrictionManagerService: isBiometricDisabled start
09-28 14:43:10.824  1787  4175 E OplusCustomizeRestrictionManagerService: isBiometricDisabled start
09-28 14:43:10.824  1787  4175 W DevicePolicyManager: Unknown user type: UserInfo{999:MultiApp:4001010}
09-28 14:43:10.827  1787  4175 E OplusCustomizeRestrictionManagerService: isBiometricDisabled start
09-28 14:43:10.828  1787  4171 E OplusCustomizeRestrictionManagerService: isBiometricDisabled start
09-28 14:43:10.828  1787  4171 W DevicePolicyManager: Unknown user type: UserInfo{999:MultiApp:4001010}
09-28 14:43:10.829  1787  4175 E OplusCustomizeRestrictionManagerService: isBiometricDisabled start
09-28 14:43:10.830  1787  4175 E OplusCustomizeRestrictionManagerService: isBiometricDisabled start
09-28 14:43:10.830  1787  4175 W DevicePolicyManager: Unknown user type: UserInfo{999:MultiApp:4001010}
09-28 14:43:10.832  1787  4175 E OplusCustomizeRestrictionManagerService: isBiometricDisabled start
09-28 14:43:10.833  1787  4175 E OplusCustomizeRestrictionManagerService: isBiometricDisabled start
09-28 14:43:10.833  1787  4175 W DevicePolicyManager: Unknown user type: UserInfo{999:MultiApp:4001010}
09-28 14:43:10.834  1787  4175 E OplusCustomizeRestrictionManagerService: isBiometricDisabled start
09-28 14:43:10.836  1787  4171 E OplusCustomizeRestrictionManagerService: isBiometricDisabled start
09-28 14:43:10.837  1787  4171 W DevicePolicyManager: Unknown user type: UserInfo{999:MultiApp:4001010}
09-28 14:43:10.837  1787  4171 E OplusCustomizeRestrictionManagerService: isBiometricDisabled start
09-28 14:43:10.838  1787  4171 E OplusCustomizeRestrictionManagerService: isBiometricDisabled start
09-28 14:43:10.838  1787  4171 W DevicePolicyManager: Unknown user type: UserInfo{999:MultiApp:4001010}
09-28 14:43:10.839  1787  4171 E OplusCustomizeRestrictionManagerService: isBiometricDisabled start
09-28 14:43:10.840  1787  4175 E OplusCustomizeRestrictionManagerService: isBiometricDisabled start
09-28 14:43:10.840  1787  4175 W DevicePolicyManager: Unknown user type: UserInfo{999:MultiApp:4001010}
09-28 14:43:10.869  1787  4175 W ContextImpl: Calling a method in the system process without a qualified user: android.app.ContextImpl.sendBroadcast:1177 com.android.server.camera.OplusCameraStateBroadcast.notifyCameraState:50 com.android.server.camera.CameraServiceProxyExtImpl.extendNotifyCameraState:35 com.android.server.camera.CameraServiceProxy.updateActivityCount:1121 com.android.server.camera.CameraServiceProxy.access$1900:94 
09-28 14:43:10.933  1787  1920 W ContextImpl: Calling a method in the system process without a qualified user: android.app.ContextImpl.sendBroadcast:1177 com.android.server.camera.OplusCameraStateBroadcast.notifyCameraState:50 com.android.server.camera.CameraServiceProxyExtImpl.extendNotifyCameraState:35 com.android.server.camera.CameraServiceProxy.updateActivityCount:1121 com.android.server.camera.CameraServiceProxy.access$1900:94 
09-28 14:43:10.935  2243  2243 V OplusZoomWindowDecorViewHelper: removeZoomView
09-28 14:43:10.937  1787  4175 D WindowManager: setParent old=WindowToken{be144f8 android.os.BinderProxy@ddf845b},new=null,this window=Window{1be1dd1 u0 OplusFrontCameraPinholeView},callers=com.android.server.wm.WindowContainer.removeChild:627 com.android.server.wm.WindowContainer.removeImmediately:683 com.android.server.wm.WindowState.removeImmediately:2543 com.android.server.wm.WindowState.removeIfPossible:2739 com.android.server.wm.WindowState.removeIfPossible:2609 com.android.server.wm.WindowManagerService.removeWindow:2139 
09-28 14:43:10.937  1787  4175 D WindowManager: setParent old=Leaf:61:99@166942786,new=null,this window=WindowToken{be144f8 android.os.BinderProxy@ddf845b},callers=com.android.server.wm.WindowContainer.removeChild:627 com.android.server.wm.WindowContainer.removeImmediately:683 com.android.server.wm.WindowToken.setExiting:253 com.android.server.wm.DisplayContent.removeWindowToken:1241 com.android.server.wm.WindowToken.removeImmediately:372 com.android.server.wm.WindowManagerService.postWindowRemoveCleanupLocked:2185 
09-28 14:43:10.998  1787  1848 D OplusFeatureBrightnessBarController: mDarkLevel: 0
09-28 14:43:11.002  1787  1952 D OplusPowerMonitor: statr analyze standby 
09-28 14:43:11.013  1787  1920 D ActivityManager: getProcessesInErrorState callingUid=10044, CallingPid=9018
09-28 14:43:11.021  1787  2086 V Biometrics/AcquisitionClient: Acquired: 0 0, shouldSend: true
09-28 14:43:11.021  1787  2089 D OplusDisplayPanelFeature: setDisplayPanelFeatureValue +++, ID:28, value:0
09-28 14:43:11.021  1787  2089 D OplusDisplayPanelFeature: notifyDispFingerLayer 1
09-28 14:43:11.022  1787  2086 V Biometrics/LoggableMonitor: Authentication latency: -1
09-28 14:43:11.022  1787  2086 W Biometrics/LoggableMonitor: found a negative latency : -1
09-28 14:43:11.022  1787  2086 V Biometrics/AuthenticationClient: onAuthenticated(true), ID:-680890901, Owner: com.android.systemui, isBP: false, listener: com.android.server.biometrics.sensors.ClientMonitorCallbackConverter@e2809eb, requireConfirmation: false, user: 0, clientMonitor: {[484] FingerprintAuthenticationClient, proto=3, owner=com.android.systemui, cookie=0, userId=0}
09-28 14:43:11.022  1787  2086 W Biometrics/AuthenticationClient: Allowing background authentication, this is allowed only for platform or test invocations
09-28 14:43:11.022  1787  2086 D BiometricService: resetLockout from: 0, for: 4, userId: 0
09-28 14:43:11.022  1787 12586 V Biometrics/Fingerprint21/OplusFingerprint21ServiceProviderExtImpl: start notify Vold when fingerprint success
09-28 14:43:11.022  1787 12586 D StorageManagerService: unlockUserKey: 0 isFileEncryptedNativeOrEmulated: true hasToken: false hasSecret: false
09-28 14:43:11.023  1787 12586 D StorageManagerService: User 0's CE storage is already unlocked
09-28 14:43:11.023  1787 12586 V Biometrics/Fingerprint21/OplusFingerprint21ServiceProviderExtImpl: notify Vold end
09-28 14:43:11.023  1787  2086 D Biometrics/AuthenticationClient: addAuthToken: 0
09-28 14:43:11.023  1787  1920 D UserManagerServiceExtImpl: getMultiSystemUserId  res = -10000
09-28 14:43:11.024  1787  2086 D UaBiometricScheduler/FaceProvider/default/4: [Added] {[485] FaceResetLockoutClient, proto=12, owner=android, cookie=0, userId=0}, new queue size: 1
09-28 14:43:11.024  1787  2086 D UaBiometricScheduler/FaceProvider/default/4: [Polled] {[485] FaceResetLockoutClient, proto=12, owner=android, cookie=0, userId=0}, State: 0
09-28 14:43:11.024  1787  2086 D UaBiometricScheduler/FaceProvider/default/4: [Starting] {[485] FaceResetLockoutClient, proto=12, owner=android, cookie=0, userId=0}, State: 0
09-28 14:43:11.024  1787  2086 D UaBiometricScheduler/FaceProvider/default/4: [Started] {[485] FaceResetLockoutClient, proto=12, owner=android, cookie=0, userId=0}
09-28 14:43:11.024  1787  1920 D UserManagerServiceExtImpl: getMultiSystemUserId  res = -10000
09-28 14:43:11.024  1787  4175 D UserManagerServiceExtImpl: getMultiSystemUserId  res = -10000
09-28 14:43:11.024  1787  4171 E OplusCustomizeRestrictionManagerService: getUnlockByFingerprintPolicies fail, return default value.
09-28 14:43:11.024  1787  2086 D BiometricScheduler/Fingerprint21: [Finishing] {[484] FingerprintAuthenticationClient, proto=3, owner=com.android.systemui, cookie=0, userId=0}, success: true
09-28 14:43:11.024  1787  2086 D BiometricCoexCoordinator: removeAuthenticationClient(Udfps), client: {[484] FingerprintAuthenticationClient, proto=3, owner=com.android.systemui, cookie=0, userId=0}
09-28 14:43:11.024  1787  2086 D FingerprintService: Client finished, fps state updated to 0, client {[484] FingerprintAuthenticationClient, proto=3, owner=com.android.systemui, cookie=0, userId=0}
09-28 14:43:11.024  1787  2086 D GestureAvailabilityTracker: Notifying gesture availability, active=true
09-28 14:43:11.024  1787  2086 D BiometricScheduler/Fingerprint21: No operations, returning to idle
09-28 14:43:11.024  1787  2086 D FaceProvider/default/4: onLockoutCleared after resetLockout
09-28 14:43:11.024  1787  4175 W DevicePolicyManager: Unknown user type: UserInfo{999:MultiApp:4001010}
09-28 14:43:11.025  1787  2086 D UaBiometricScheduler/FaceProvider/default/4: [Finishing] {[485] FaceResetLockoutClient, proto=12, owner=android, cookie=0, userId=0}, success: true
09-28 14:43:11.025  1787  2086 D UaBiometricScheduler/FaceProvider/default/4: No operations, returning to idle
09-28 14:43:11.025  1787  4175 E OplusCustomizeRestrictionManagerService: getUnlockByFingerprintPolicies fail, return default value.
09-28 14:43:11.025  1787  4438 D ActivityTaskManager: Top Process State changed to PROCESS_STATE_TOP
09-28 14:43:11.026  1787  4438 D OplusSecurePayManager: resume secure pay app : com.truecaller
09-28 14:43:11.026  1787  1866 D OplusSecurePayManager: startSecurePayIntent,pkgName:com.truecaller UserHandle.CURRENT=UserHandle{-2}, mCurrentUserId=0
09-28 14:43:11.026  1787  4441 E OplusCustomizeRestrictionManagerService: isBiometricDisabled start
09-28 14:43:11.026  1787  1787 E OplusCustomizeRestrictionManagerService: isBiometricDisabled start
09-28 14:43:11.026  1787  1787 D BiometricService: Sensor ID(4), oemStrength: 255, updatedStrength: 255, modality 8, state: 0, cookie: 0, props: ID: 4, Strength: 1, Type: 1, SupportsFaceDetection: false, sensorId 4, hasEnrollments: true cannot participate in Keystore operations
09-28 14:43:11.027  1787  1822 D CommonDcsUploader: notifyMsgToCommonDcs, logTag: 20120fingerprint_auth_dcsmsg
09-28 14:43:11.027  1787  1866 W ActivityManager: Unable to start service Intent { act=oplus.intent.action.SECURE_PAY_SCAN_RISK pkg=com.coloros.securepay (has extras) } U=0: not found
09-28 14:43:11.027  1787  4444 E OplusCustomizeRestrictionManagerService: isBiometricDisabled start
09-28 14:43:11.028  1787  4175 E OplusCustomizeRestrictionManagerService: isBiometricDisabled start
09-28 14:43:11.028  1787  4439 E OplusCustomizeRestrictionManagerService: isBiometricDisabled start
09-28 14:43:11.028  1787  4438 I OplusAppSwitchManager: notifyAppSwitch the same packageName!
