09-28 14:40:46.231  1787  4442 I ActivityManager: Process com.oplus.cosa:feature (pid 9044) has died: cch+5 CEM 
09-28 14:40:46.231  1787  4442 W ContextImpl: Calling a method in the system process without a qualified user: android.app.ContextImpl.sendBroadcast:1177 com.android.server.am.OplusExtraActivityManagerService.setKeyLockModeNormal:51 com.android.server.am.ActivityManagerServiceExtImpl.setKeyLockModeNormal:841 com.android.server.am.ActivityManagerService.appDiedLocked:3426 com.android.server.am.ActivityManagerService$AppDeathRecipient.binderDied:1536 
09-28 14:41:22.334  1787  1920 I ActivityManager: Killing 28044:com.google.android.gms.unstable/u0a137 (adj 999): empty for 1825s
09-28 14:41:22.379  1787  4434 V ActivityManager: Death received in com.android.server.am.ActivityManagerService$AppDeathRecipient@16a95ff for thread android.os.BinderProxy@64fbfcc
09-28 14:41:36.720  1787  4434 I ActivityManager: Killing 25863:com.jio.myjio/u0a758 (adj 995): empty for 1807s
09-28 14:41:36.728  1787  3382 D OplusProxyWakeLock: remove uid: 10758 wiht all pids from wakelockUidInfo list
09-28 14:41:36.783  1787  4021 D DisplayManagerService: Display listener for pid 25863 died.
09-28 14:41:36.783  1787  4170 V ActivityManager: Death received in com.android.server.am.ActivityManagerService$AppDeathRecipient@99d2075 for thread android.os.BinderProxy@748a80a
09-28 14:41:39.820  1787  4175 I OplusAppSwitchManagerService: hanldeBinderDied
09-28 14:41:39.820  1787  4444 V ActivityManager: Death received in com.android.server.am.ActivityManagerService$AppDeathRecipient@eb8e20f for thread android.os.BinderProxy@33029c
09-28 14:41:39.820  1787  4175 I OplusAppSwitchManagerService: appswitch unregisterAppSwitchObserver pkgName = com.oplus.securitypermission config = OplusAppSwitchConfig = {  mConfigs = {2=null} observerFingerPrint = 163070426}
09-28 14:41:39.820  1787  4175 I OplusAppSwitchStateDispatcher: unregisterAppSwitchObserver ok, pkgName = com.oplus.securitypermission info = OplusAppSwitchRuleInfo = {  observer = null observerFingerPrint = 163070426}
09-28 14:41:39.820  1787  4444 I ActivityManager: Process com.oplus.securitypermission (pid 31145) has died: cch+99 SVC 
09-28 14:41:39.820  1787  4444 W ContextImpl: Calling a method in the system process without a qualified user: android.app.ContextImpl.sendBroadcast:1177 com.android.server.am.OplusExtraActivityManagerService.setKeyLockModeNormal:51 com.android.server.am.ActivityManagerServiceExtImpl.setKeyLockModeNormal:841 com.android.server.am.ActivityManagerService.appDiedLocked:3426 com.android.server.am.ActivityManagerService$AppDeathRecipient.binderDied:1536 
09-28 14:41:39.822  1787  4444 W ActivityManager: Scheduling restart of crashed service com.oplus.securitypermission/com.oplusos.securitypermission.common.rus.PermissionRUSService in 1000ms for start-requested
09-28 14:41:39.822  1787  4444 W ActivityManager: Scheduling restart of crashed service com.oplus.securitypermission/com.oplusos.lockscreenintercept.LockScreenInterceptService in 11000ms for start-requested
09-28 14:41:39.822  1787  4444 W ActivityManager: Scheduling restart of crashed service com.oplus.securitypermission/com.oplusos.securitypermission.permission.PermissionProtectService in 21000ms for start-requested
09-28 14:41:39.822  1787  4444 W ActivityManager: Scheduling restart of crashed service com.oplus.securitypermission/com.oplusos.securitypermission.permissionrecord.PermissionRecordService in 31000ms for start-requested
09-28 14:41:39.822  1787  4444 W ActivityManager: Scheduling restart of crashed service com.oplus.securitypermission/com.oplusos.securitypermission.permission.dialog.PermissionDialogService in 41000ms for start-requested
09-28 14:41:39.846  1787  3382 D OplusProxyWakeLock: remove uid: 10357 wiht all pids from wakelockUidInfo list
09-28 14:41:39.846  1787  3382 D OplusProxyWakeLock: remove uid: 10310 wiht all pids from wakelockUidInfo list
09-28 14:41:39.846  1787  3382 D OplusProxyWakeLock: remove uid: 10725 wiht all pids from wakelockUidInfo list
09-28 14:41:39.850  1787  3382 D OplusProxyWakeLock: remove uid: 10259 wiht all pids from wakelockUidInfo list
09-28 14:41:39.850  1787  3382 D OplusProxyWakeLock: remove uid: 10244 wiht all pids from wakelockUidInfo list
09-28 14:41:39.850  1787  3382 D OplusProxyWakeLock: remove uid: 10276 wiht all pids from wakelockUidInfo list
09-28 14:41:39.850  1787  3382 D OplusProxyWakeLock: remove uid: 10722 wiht all pids from wakelockUidInfo list
09-28 14:41:39.850  1787  3382 D OplusProxyWakeLock: remove uid: 10701 wiht all pids from wakelockUidInfo list
09-28 14:41:39.851  1787  3382 D OplusProxyWakeLock: remove uid: 10300 wiht all pids from wakelockUidInfo list
09-28 14:41:39.853  1787  3382 D OplusProxyWakeLock: remove uid: 10044 wiht all pids from wakelockUidInfo list
09-28 14:41:39.853  1787  1920 D ActivityManager: getProcessesInErrorState callingUid=10044, CallingPid=9018
09-28 14:41:39.879  1787  1920 D ActivityManager: getProcessesInErrorState callingUid=10044, CallingPid=9018
09-28 14:41:39.879  1787  1920 D ActivityManager: getProcessesInErrorState callingUid=10044, CallingPid=9018
09-28 14:41:39.880  1787  1920 D ActivityManager: getProcessesInErrorState callingUid=10044, CallingPid=9018
09-28 14:41:39.881  1787  1920 D ActivityManager: getProcessesInErrorState callingUid=10044, CallingPid=9018
09-28 14:41:39.882  1787  1920 D ActivityManager: getProcessesInErrorState callingUid=10044, CallingPid=9018
09-28 14:41:39.882  1787  1920 D ActivityManager: getProcessesInErrorState callingUid=10044, CallingPid=9018
09-28 14:41:39.883  1787  1920 D ActivityManager: getProcessesInErrorState callingUid=10044, CallingPid=9018
09-28 14:41:39.884  1787  1920 D ActivityManager: getProcessesInErrorState callingUid=10044, CallingPid=9018
09-28 14:41:39.889  1787  1920 D ActivityManager: getProcessesInErrorState callingUid=10044, CallingPid=9018
09-28 14:41:39.905  1787  1920 D ActivityManager: getProcessesInErrorState callingUid=10044, CallingPid=9018
09-28 14:41:39.906  1787  1920 D ActivityManager: getProcessesInErrorState callingUid=10044, CallingPid=9018
09-28 14:41:39.907  1787  1920 D ActivityManager: getProcessesInErrorState callingUid=10044, CallingPid=9018
09-28 14:41:39.908  1787  1920 D ActivityManager: getProcessesInErrorState callingUid=10044, CallingPid=9018
09-28 14:41:39.908  1787  1920 D ActivityManager: getProcessesInErrorState callingUid=10044, CallingPid=9018
09-28 14:41:39.909  1787  1920 D ActivityManager: getProcessesInErrorState callingUid=10044, CallingPid=9018
09-28 14:41:39.911  1787  1920 D ActivityManager: getProcessesInErrorState callingUid=10044, CallingPid=9018
09-28 14:41:39.912  1787  1920 D ActivityManager: getProcessesInErrorState callingUid=10044, CallingPid=9018
09-28 14:41:39.912  1787  1920 D ActivityManager: getProcessesInErrorState callingUid=10044, CallingPid=9018
09-28 14:41:39.913  1787  1920 D ActivityManager: getProcessesInErrorState callingUid=10044, CallingPid=9018
09-28 14:41:39.913  1787  1920 D ActivityManager: getProcessesInErrorState callingUid=10044, CallingPid=9018
09-28 14:41:39.913  1787  1920 D ActivityManager: getProcessesInErrorState callingUid=10044, CallingPid=9018
09-28 14:41:39.913  1787  1920 D ActivityManager: getProcessesInErrorState callingUid=10044, CallingPid=9018
09-28 14:41:39.914  1787  1920 D ActivityManager: getProcessesInErrorState callingUid=10044, CallingPid=9018
09-28 14:41:39.914  1787  1920 D ActivityManager: getProcessesInErrorState callingUid=10044, CallingPid=9018
09-28 14:41:39.914  1787  1920 D ActivityManager: getProcessesInErrorState callingUid=10044, CallingPid=9018
09-28 14:41:39.915  1787  1920 D ActivityManager: getProcessesInErrorState callingUid=10044, CallingPid=9018
09-28 14:41:39.915  1787  1920 D ActivityManager: getProcessesInErrorState callingUid=10044, CallingPid=9018
09-28 14:41:39.915  1787  1920 D ActivityManager: getProcessesInErrorState callingUid=10044, CallingPid=9018
09-28 14:41:39.917  1787  1920 D ActivityManager: getProcessesInErrorState callingUid=10044, CallingPid=9018
09-28 14:41:39.923  1787  1920 D ActivityManager: getProcessesInErrorState callingUid=10044, CallingPid=9018
09-28 14:41:39.923  1787  1920 D ActivityManager: getProcessesInErrorState callingUid=10044, CallingPid=9018
09-28 14:41:39.928  1787  1920 D ActivityManager: getProcessesInErrorState callingUid=10044, CallingPid=9018
09-28 14:41:39.929  1787  1920 D ActivityManager: getProcessesInErrorState callingUid=10044, CallingPid=9018
09-28 14:41:39.935  1787  1920 D ActivityManager: getProcessesInErrorState callingUid=10044, CallingPid=9018
09-28 14:41:39.935  1787  1920 D ActivityManager: getProcessesInErrorState callingUid=10044, CallingPid=9018
09-28 14:41:39.937  1787  1920 D ActivityManager: getProcessesInErrorState callingUid=10044, CallingPid=9018
09-28 14:41:39.938  1787  1920 D ActivityManager: getProcessesInErrorState callingUid=10044, CallingPid=9018
09-28 14:41:39.938  1787  1920 D ActivityManager: getProcessesInErrorState callingUid=10044, CallingPid=9018
09-28 14:41:39.939  1787  1920 D ActivityManager: getProcessesInErrorState callingUid=10044, CallingPid=9018
09-28 14:41:39.945  1787  1920 D ActivityManager: getProcessesInErrorState callingUid=10044, CallingPid=9018
09-28 14:41:39.946  1787  1920 D ActivityManager: getProcessesInErrorState callingUid=10044, CallingPid=9018
09-28 14:41:39.946  1787  1920 D ActivityManager: getProcessesInErrorState callingUid=10044, CallingPid=9018
09-28 14:41:39.947  1787  1920 D ActivityManager: getProcessesInErrorState callingUid=10044, CallingPid=9018
09-28 14:41:39.947  1787  1920 D ActivityManager: getProcessesInErrorState callingUid=10044, CallingPid=9018
09-28 14:41:39.947  1787  1920 D ActivityManager: getProcessesInErrorState callingUid=10044, CallingPid=9018
09-28 14:41:39.948  1787  1920 D ActivityManager: getProcessesInErrorState callingUid=10044, CallingPid=9018
09-28 14:41:39.948  1787  1920 D ActivityManager: getProcessesInErrorState callingUid=10044, CallingPid=9018
09-28 14:41:39.948  1787  1920 D ActivityManager: getProcessesInErrorState callingUid=10044, CallingPid=9018
09-28 14:41:39.949  1787  1920 D ActivityManager: getProcessesInErrorState callingUid=10044, CallingPid=9018
09-28 14:41:39.949  1787  1920 D ActivityManager: getProcessesInErrorState callingUid=10044, CallingPid=9018
09-28 14:41:39.949  1787  1920 D ActivityManager: getProcessesInErrorState callingUid=10044, CallingPid=9018
09-28 14:41:39.950  1787  1920 D ActivityManager: getProcessesInErrorState callingUid=10044, CallingPid=9018
09-28 14:41:39.950  1787  1920 D ActivityManager: getProcessesInErrorState callingUid=10044, CallingPid=9018
09-28 14:41:39.950  1787  1920 D ActivityManager: getProcessesInErrorState callingUid=10044, CallingPid=9018
09-28 14:41:39.951  1787  1920 D ActivityManager: getProcessesInErrorState callingUid=10044, CallingPid=9018
09-28 14:41:39.951  1787  1920 D ActivityManager: getProcessesInErrorState callingUid=10044, CallingPid=9018
09-28 14:41:39.952  1787  1920 D ActivityManager: getProcessesInErrorState callingUid=10044, CallingPid=9018
09-28 14:41:39.952  1787  1920 D ActivityManager: getProcessesInErrorState callingUid=10044, CallingPid=9018
09-28 14:41:39.952  1787  1920 D ActivityManager: getProcessesInErrorState callingUid=10044, CallingPid=9018
09-28 14:41:39.953  1787  1920 D ActivityManager: getProcessesInErrorState callingUid=10044, CallingPid=9018
09-28 14:41:39.953  1787  1920 D ActivityManager: getProcessesInErrorState callingUid=10044, CallingPid=9018
09-28 14:41:39.953  1787  1920 D ActivityManager: getProcessesInErrorState callingUid=10044, CallingPid=9018
09-28 14:41:39.953  1787  1920 D ActivityManager: getProcessesInErrorState callingUid=10044, CallingPid=9018
09-28 14:41:39.954  1787  1920 D ActivityManager: getProcessesInErrorState callingUid=10044, CallingPid=9018
09-28 14:41:39.954  1787  1920 D ActivityManager: getProcessesInErrorState callingUid=10044, CallingPid=9018
09-28 14:41:39.954  1787  1920 D ActivityManager: getProcessesInErrorState callingUid=10044, CallingPid=9018
09-28 14:41:39.955  1787  1920 D ActivityManager: getProcessesInErrorState callingUid=10044, CallingPid=9018
09-28 14:41:39.955  1787  1920 D ActivityManager: getProcessesInErrorState callingUid=10044, CallingPid=9018
09-28 14:41:39.956  1787  1920 D ActivityManager: getProcessesInErrorState callingUid=10044, CallingPid=9018
09-28 14:41:39.956  1787  1920 D ActivityManager: getProcessesInErrorState callingUid=10044, CallingPid=9018
09-28 14:41:39.956  1787  1920 D ActivityManager: getProcessesInErrorState callingUid=10044, CallingPid=9018
09-28 14:41:39.957  1787  1920 D ActivityManager: getProcessesInErrorState callingUid=10044, CallingPid=9018
09-28 14:41:39.957  1787  1920 D ActivityManager: getProcessesInErrorState callingUid=10044, CallingPid=9018
09-28 14:41:39.958  1787  1920 D ActivityManager: getProcessesInErrorState callingUid=10044, CallingPid=9018
09-28 14:41:39.958  1787  1920 D ActivityManager: getProcessesInErrorState callingUid=10044, CallingPid=9018
09-28 14:41:39.959  1787  1920 D ActivityManager: getProcessesInErrorState callingUid=10044, CallingPid=9018
09-28 14:41:39.959  1787  1920 D ActivityManager: getProcessesInErrorState callingUid=10044, CallingPid=9018
09-28 14:41:39.960  1787  1920 D ActivityManager: getProcessesInErrorState callingUid=10044, CallingPid=9018
09-28 14:41:39.960  1787  1920 D ActivityManager: getProcessesInErrorState callingUid=10044, CallingPid=9018
09-28 14:41:39.960  1787  1920 D ActivityManager: getProcessesInErrorState callingUid=10044, CallingPid=9018
09-28 14:41:39.961  1787  1920 D ActivityManager: getProcessesInErrorState callingUid=10044, CallingPid=9018
09-28 14:41:39.961  1787  1920 D ActivityManager: getProcessesInErrorState callingUid=10044, CallingPid=9018
09-28 14:41:39.962  1787  1920 D ActivityManager: getProcessesInErrorState callingUid=10044, CallingPid=9018
09-28 14:41:39.962  1787  1920 D ActivityManager: getProcessesInErrorState callingUid=10044, CallingPid=9018
09-28 14:41:39.963  1787  1920 D ActivityManager: getProcessesInErrorState callingUid=10044, CallingPid=9018
09-28 14:41:39.964  1787  1920 D ActivityManager: getProcessesInErrorState callingUid=10044, CallingPid=9018
09-28 14:41:39.964  1787  1920 D ActivityManager: getProcessesInErrorState callingUid=10044, CallingPid=9018
09-28 14:41:39.964  1787  1920 D ActivityManager: getProcessesInErrorState callingUid=10044, CallingPid=9018
09-28 14:41:39.965  1787  1920 D ActivityManager: getProcessesInErrorState callingUid=10044, CallingPid=9018
09-28 14:41:39.965  1787  1920 D ActivityManager: getProcessesInErrorState callingUid=10044, CallingPid=9018
09-28 14:41:39.965  1787  1920 D ActivityManager: getProcessesInErrorState callingUid=10044, CallingPid=9018
09-28 14:41:39.966  1787  1920 D ActivityManager: getProcessesInErrorState callingUid=10044, CallingPid=9018
09-28 14:41:39.966  1787  1920 D ActivityManager: getProcessesInErrorState callingUid=10044, CallingPid=9018
09-28 14:41:39.966  1787  1920 D ActivityManager: getProcessesInErrorState callingUid=10044, CallingPid=9018
09-28 14:41:39.967  1787  1920 D ActivityManager: getProcessesInErrorState callingUid=10044, CallingPid=9018
09-28 14:41:39.967  1787  1920 D ActivityManager: getProcessesInErrorState callingUid=10044, CallingPid=9018
09-28 14:41:39.967  1787  1920 D ActivityManager: getProcessesInErrorState callingUid=10044, CallingPid=9018
09-28 14:41:39.968  1787  1920 D ActivityManager: getProcessesInErrorState callingUid=10044, CallingPid=9018
09-28 14:41:39.968  1787  1920 D ActivityManager: getProcessesInErrorState callingUid=10044, CallingPid=9018
09-28 14:41:39.968  1787  1920 D ActivityManager: getProcessesInErrorState callingUid=10044, CallingPid=9018
09-28 14:41:39.969  1787  1920 D ActivityManager: getProcessesInErrorState callingUid=10044, CallingPid=9018
09-28 14:41:39.969  1787  1920 D ActivityManager: getProcessesInErrorState callingUid=10044, CallingPid=9018
09-28 14:41:39.969  1787  1920 D ActivityManager: getProcessesInErrorState callingUid=10044, CallingPid=9018
09-28 14:41:39.969  1787  1920 D ActivityManager: getProcessesInErrorState callingUid=10044, CallingPid=9018
09-28 14:41:39.970  1787  1920 D ActivityManager: getProcessesInErrorState callingUid=10044, CallingPid=9018
09-28 14:41:39.970  1787  1920 D ActivityManager: getProcessesInErrorState callingUid=10044, CallingPid=9018
09-28 14:41:39.970  1787  1920 D ActivityManager: getProcessesInErrorState callingUid=10044, CallingPid=9018
09-28 14:41:39.971  1787  1920 D ActivityManager: getProcessesInErrorState callingUid=10044, CallingPid=9018
09-28 14:41:39.971  1787  1920 D ActivityManager: getProcessesInErrorState callingUid=10044, CallingPid=9018
09-28 14:41:39.971  1787  1920 D ActivityManager: getProcessesInErrorState callingUid=10044, CallingPid=9018
09-28 14:41:39.972  1787  1920 D ActivityManager: getProcessesInErrorState callingUid=10044, CallingPid=9018
09-28 14:41:39.972  1787  1920 D ActivityManager: getProcessesInErrorState callingUid=10044, CallingPid=9018
09-28 14:41:39.972  1787  1920 D ActivityManager: getProcessesInErrorState callingUid=10044, CallingPid=9018
09-28 14:41:39.972  1787  1920 D ActivityManager: getProcessesInErrorState callingUid=10044, CallingPid=9018
09-28 14:41:39.973  1787  1920 D ActivityManager: getProcessesInErrorState callingUid=10044, CallingPid=9018
09-28 14:41:39.973  1787  1920 D ActivityManager: getProcessesInErrorState callingUid=10044, CallingPid=9018
09-28 14:41:39.973  1787  1920 D ActivityManager: getProcessesInErrorState callingUid=10044, CallingPid=9018
09-28 14:41:39.974  1787  1920 D ActivityManager: getProcessesInErrorState callingUid=10044, CallingPid=9018
09-28 14:41:39.974  1787  1920 D ActivityManager: getProcessesInErrorState callingUid=10044, CallingPid=9018
09-28 14:41:39.979  1787  1920 D ActivityManager: getProcessesInErrorState callingUid=10044, CallingPid=9018
09-28 14:41:39.999  1787  1920 D ActivityManager: getProcessesInErrorState callingUid=10044, CallingPid=9018
09-28 14:41:39.999  1787  1920 D ActivityManager: getProcessesInErrorState callingUid=10044, CallingPid=9018
09-28 14:41:40.000  1787  1920 D ActivityManager: getProcessesInErrorState callingUid=10044, CallingPid=9018
09-28 14:41:40.000  1787  1920 D ActivityManager: getProcessesInErrorState callingUid=10044, CallingPid=9018
09-28 14:41:40.000  1787  1920 D ActivityManager: getProcessesInErrorState callingUid=10044, CallingPid=9018
09-28 14:41:40.001  1787  1920 D ActivityManager: getProcessesInErrorState callingUid=10044, CallingPid=9018
09-28 14:41:40.014  1787  1920 D ActivityManager: getProcessesInErrorState callingUid=10044, CallingPid=9018
09-28 14:41:40.193  1787  1920 W PackageManager: package unknown uid 10300 pid 29386 call SetEnabledSetting(com.vanced.android.youtube component = androidx.work.impl.background.systemalarm.RescheduleReceiver, 1, 0x1, 0)
09-28 14:41:40.196  1787  4169 D CompatibilityChangeReporter: Compat change id reported: 135634846; UID 10298; state: DISABLED
09-28 14:41:40.196  1787  4169 D CompatibilityChangeReporter: Compat change id reported: 177438394; UID 10298; state: DISABLED
09-28 14:41:40.196  1787  4169 D CompatibilityChangeReporter: Compat change id reported: 135772972; UID 10298; state: DISABLED
09-28 14:41:40.196  1787  4169 D CompatibilityChangeReporter: Compat change id reported: 135754954; UID 10298; state: ENABLED
09-28 14:41:40.197  1787  1829 D CompatibilityChangeReporter: Compat change id reported: 143937733; UID 10298; state: ENABLED
09-28 14:41:40.215  1787  1829 I ActivityManager: Start proc 11218:com.mgoogle.android.gms/u0a298 for service {com.mgoogle.android.gms/com.google.android.gms.cast.media.CastMediaRouteProviderService}
09-28 14:41:40.234  1787  1829 W ContextImpl: Calling a method in the system process without a qualified user: android.app.ContextImpl.sendBroadcast:1177 com.android.server.am.OplusAppStartupConfig.sendAbnormalNotify:1193 com.android.server.am.OplusAppStartupConfig.notifyAbnormalInfo:1126 com.android.server.am.OplusAppStartupManager.handleStartAppInfo:5111 com.android.server.am.ProcessListExtImpl.hookHandleProcessStart:243 
09-28 14:41:40.243  1787  4169 V ActivityManager: New death recipient com.android.server.am.ActivityManagerService$AppDeathRecipient@13d0220 for thread android.os.BinderProxy@25fd7d9
09-28 14:41:40.383  1787  1920 D CompatibilityChangeReporter: Compat change id reported: 135634846; UID 10276; state: DISABLED
09-28 14:41:40.383  1787  1920 D CompatibilityChangeReporter: Compat change id reported: 177438394; UID 10276; state: DISABLED
09-28 14:41:40.383  1787  1920 D CompatibilityChangeReporter: Compat change id reported: 135772972; UID 10276; state: DISABLED
09-28 14:41:40.383  1787  1920 D CompatibilityChangeReporter: Compat change id reported: 135754954; UID 10276; state: ENABLED
09-28 14:41:40.384  1787  1829 D CompatibilityChangeReporter: Compat change id reported: 143937733; UID 10276; state: ENABLED
09-28 14:41:40.399  1787  1829 I ActivityManager: Start proc 11239:com.grofers.customerapp/u0a276 for service {com.grofers.customerapp/androidx.work.impl.background.systemjob.SystemJobService}
09-28 14:41:40.419  1787  1920 V ActivityManager: New death recipient com.android.server.am.ActivityManagerService$AppDeathRecipient@757a802 for thread android.os.BinderProxy@90f5513
09-28 14:41:40.445  1787  2050 D NsdService: New client listening to asynchronous messages
09-28 14:41:40.446  1787  2050 D NsdService: New client, channel: com.android.internal.util.AsyncChannel@b9c424e messenger: android.os.Messenger@4102f6f
09-28 14:41:40.447  1787  2050 D NsdService: mdnssd [start-service]
09-28 14:41:40.514  1787  1920 D ActivityManager: getProcessesInErrorState callingUid=10044, CallingPid=9018
09-28 14:41:40.669  1787  4169 W PackageManager: package unknown uid 10276 pid 11239 call SetEnabledSetting(com.grofers.customerapp component = androidx.work.impl.background.systemjob.SystemJobService, 1, 0x1, 0)
09-28 14:41:40.737  1787  1921 W ActivityManager: Background start not allowed: service Intent { cmp=com.grofers.customerapp/com.xiaomi.mipush.sdk.PushMessageHandler } to com.grofers.customerapp/com.xiaomi.mipush.sdk.PushMessageHandler from pid=11239 uid=10276 pkg=com.grofers.customerapp startFg?=false
09-28 14:41:40.741  1787  1921 W ActivityManager: Background start not allowed: service Intent { cmp=com.grofers.customerapp/com.xiaomi.mipush.sdk.MessageHandleService } to com.grofers.customerapp/com.xiaomi.mipush.sdk.MessageHandleService from pid=11239 uid=10276 pkg=com.grofers.customerapp startFg?=false
09-28 14:41:40.742  1787  1921 W PackageManager: package unknown uid 10276 pid 11239 call SetEnabledSetting(com.grofers.customerapp component = androidx.work.impl.background.systemalarm.RescheduleReceiver, 2, 0x1, 0)
09-28 14:41:40.748  1787  4169 W PackageManager: package unknown uid 10276 pid 11239 call SetEnabledSetting(com.grofers.customerapp component = androidx.work.impl.background.systemalarm.RescheduleReceiver, 1, 0x1, 0)
09-28 14:41:40.749  1787  2052 W DevicePolicyManager: Unknown user type: UserInfo{999:MultiApp:4001010}
09-28 14:41:40.749  1787  2052 W DevicePolicyManager: Unknown user type: UserInfo{999:MultiApp:4001010}
09-28 14:41:40.750  1787  2052 W DevicePolicyManager: Unknown user type: UserInfo{999:MultiApp:4001010}
09-28 14:41:40.751  1787  2052 W DevicePolicyManager: Unknown user type: UserInfo{999:MultiApp:4001010}
09-28 14:41:40.752  1787  2052 W DevicePolicyManager: Unknown user type: UserInfo{999:MultiApp:4001010}
09-28 14:41:40.752  1787  2052 W DevicePolicyManager: Unknown user type: UserInfo{999:MultiApp:4001010}
09-28 14:41:40.825  1787  1828 D CompatibilityChangeReporter: Compat change id reported: 135634846; UID 99901000; state: DISABLED
09-28 14:41:40.825  1787  1828 D CompatibilityChangeReporter: Compat change id reported: 177438394; UID 99901000; state: DISABLED
09-28 14:41:40.825  1787  1828 D CompatibilityChangeReporter: Compat change id reported: 135772972; UID 99901000; state: DISABLED
09-28 14:41:40.825  1787  1828 D CompatibilityChangeReporter: Compat change id reported: 135754954; UID 99901000; state: ENABLED
09-28 14:41:40.842  1787  1829 I ActivityManager: Start proc 11377:com.oplus.securitypermission/u999s1000 for service {com.oplus.securitypermission/com.oplusos.securitypermission.common.rus.PermissionRUSService}
09-28 14:41:40.869  1787  1920 V ActivityManager: New death recipient com.android.server.am.ActivityManagerService$AppDeathRecipient@e17bde9 for thread android.os.BinderProxy@72f0a6e
09-28 14:41:40.872  1787  1920 D CompatibilityChangeReporter: Compat change id reported: 168419799; UID 99901000; state: DISABLED
09-28 14:41:41.014  1787  1920 D ActivityManager: getProcessesInErrorState callingUid=10044, CallingPid=9018
09-28 14:41:41.055 11377 11377 I InterceptLockScreen.Service: onCreate: LockScreenInterceptService is starting...
09-28 14:41:41.064 11377 11377 D InterceptLockScreen.Service: registerMultiUserReceiver: success 
09-28 14:41:41.089  1787  4444 I OplusAppSwitchManagerService: appswitch registerAppSwitchObserver pName = com@@oplus@@securitypermission observer = com.oplus.app.IOplusAppSwitchObserver$Stub$Proxy@dfb34fb config = OplusAppSwitchConfig = {  mConfigs = {2=null} observerFingerPrint = 163070426}
09-28 14:41:41.090  1787  4444 I OplusAppSwitchStateDispatcher: registerAppSwitchObserver addDynamicListener OK, info = OplusAppSwitchRuleInfo = {  observer = com.oplus.app.IOplusAppSwitchObserver$Stub$Proxy@dfb34fb observerFingerPrint = 163070426} rule size =1
09-28 14:41:41.099  1787  1920 D CompatibilityChangeReporter: Compat change id reported: 157233955; UID 99901000; state: ENABLED
09-28 14:41:41.153  1787  1920 W PackageManager: package unknown uid 10685 pid 4417 call SetEnabledSetting(com.snapchat.android component = androidx.work.impl.background.systemalarm.RescheduleReceiver, 1, 0x1, 0)
09-28 14:41:41.514  1787  1920 D ActivityManager: getProcessesInErrorState callingUid=10044, CallingPid=9018
09-28 14:41:41.758  1787  1933 D CompatibilityChangeReporter: Compat change id reported: 171306433; UID 10276; state: ENABLED
09-28 14:41:41.759  1787  1812 D CompanionDeviceManagerService: onPackageModified(packageName = com.grofers.customerapp)
09-28 14:41:41.807  1787  1787 W DevicePolicyManager: Unknown user type: UserInfo{999:MultiApp:4001010}
09-28 14:41:41.837  1787  1812 D CompatibilityChangeReporter: Compat change id reported: 135634846; UID 10219; state: DISABLED
09-28 14:41:41.837  1787  1812 D CompatibilityChangeReporter: Compat change id reported: 177438394; UID 10219; state: DISABLED
09-28 14:41:41.837  1787  1812 D CompatibilityChangeReporter: Compat change id reported: 135772972; UID 10219; state: DISABLED
09-28 14:41:41.837  1787  1812 D CompatibilityChangeReporter: Compat change id reported: 135754954; UID 10219; state: ENABLED
09-28 14:41:41.837  1787  1829 D CompatibilityChangeReporter: Compat change id reported: 143937733; UID 10219; state: ENABLED
09-28 14:41:41.906  1787  1829 W ActivityManager: Slow operation: 71ms so far, now at startProcess: returned from zygote!
09-28 14:41:41.907  1787  1829 W ActivityManager: Slow operation: 71ms so far, now at startProcess: done updating battery stats
09-28 14:41:41.907  1787  1829 W ActivityManager: Slow operation: 71ms so far, now at startProcess: building log message
09-28 14:41:41.907  1787  1829 I ActivityManager: Start proc 11433:com.google.android.permissioncontroller/u0a219 for service {com.google.android.permissioncontroller/com.android.permissioncontroller.permission.service.PermissionControllerServiceImpl}
09-28 14:41:41.907  1787  1829 W ActivityManager: Slow operation: 72ms so far, now at startProcess: starting to update pids map
09-28 14:41:41.907  1787  1829 W ActivityManager: Slow operation: 72ms so far, now at startProcess: done updating pids map
09-28 14:41:41.928  1787  1920 V ActivityManager: New death recipient com.android.server.am.ActivityManagerService$AppDeathRecipient@d3055ae for thread android.os.BinderProxy@a43af4f
09-28 14:41:42.010  1787  4439 D UsageStatsService: User[0] type=0 b=1664355956651 e=1664356302006 cb=1664340364190 ce=1664356301933 disk=0 all=13
09-28 14:41:42.014  1787  1920 D ActivityManager: getProcessesInErrorState callingUid=10044, CallingPid=9018
09-28 14:41:42.100  1787  1920 W PackageManager: package unknown uid 10219 pid 11433 call SetEnabledSetting(com.google.android.permissioncontroller component = com.android.permissioncontroller.role.ui.SpecialAppAccessListActivity, 2, 0x1, 0)
09-28 14:41:42.727  1787  1824 D RegisteredServicesCacheExtImpl: Skip 10276 in AccountAuthenticatorCache
09-28 14:41:42.888  1787  3382 D OplusProxyWakeLock: remove uid: 10276 wiht all pids from wakelockUidInfo list
09-28 14:41:42.891  1787  1849 D OplusSysStateManager: getSensorName: get sensor fail. type=65617
09-28 14:41:42.897  1787  4439 D CompatibilityChangeReporter: Compat change id reported: 157233955; UID 1000; state: DISABLED
09-28 14:41:42.902  1787  1920 E OplusCustomizeRestrictionManagerService: isBiometricDisabled start
09-28 14:41:42.903  1787  4439 W DevicePolicyManager: Unknown user type: UserInfo{999:MultiApp:4001010}
09-28 14:41:42.904  1787  1921 E OplusCustomizeRestrictionManagerService: isBiometricDisabled start
09-28 14:41:42.921  1787  3382 D CompatibilityChangeReporter: Compat change id reported: 171306433; UID 1000; state: ENABLED
09-28 14:41:42.986  1787  3382 D OplusProxyWakeLock: remove uid: 10300 wiht all pids from wakelockUidInfo list
09-28 14:41:42.991  1787  1933 D CompatibilityChangeReporter: Compat change id reported: 171306433; UID 10819; state: DISABLED
09-28 14:41:42.996  1787  3382 D OplusProxyWakeLock: remove uid: 10244 wiht all pids from wakelockUidInfo list
09-28 14:41:43.009  1787  3382 D OplusProxyWakeLock: remove uid: 10725 wiht all pids from wakelockUidInfo list
09-28 14:41:43.011  1787  3382 D OplusProxyWakeLock: remove uid: 10044 wiht all pids from wakelockUidInfo list
09-28 14:41:43.049  1787  1933 D CompatibilityChangeReporter: Compat change id reported: 171306433; UID 99901000; state: ENABLED
09-28 14:41:43.062  1787  1920 D ActivityManager: getProcessesInErrorState callingUid=10044, CallingPid=9018
09-28 14:41:43.065  1787  1920 D ActivityManager: getProcessesInErrorState callingUid=10044, CallingPid=9018
09-28 14:41:43.071  1787  2240 E DeviceIdleController: Tried to add unknown package to power save whitelist: org.simalliance.openmobileapi.service
09-28 14:41:43.072  1787  2240 E DeviceIdleController: Tried to add unknown package to power save whitelist: com.android.documentsui
09-28 14:41:43.072  1787  2240 E DeviceIdleController: Tried to add unknown package to power save whitelist: com.android.soundrecorder
09-28 14:41:43.072  1787  2240 E DeviceIdleController: Tried to add unknown package to power save whitelist: com.android.defcontainer
09-28 14:41:43.073  1787  2240 E DeviceIdleController: Tried to add unknown package to power save whitelist: com.android.contacts
09-28 14:41:43.073  1787  2240 E DeviceIdleController: Tried to add unknown package to power save whitelist: com.android.mms
09-28 14:41:43.073  1787  2240 E DeviceIdleController: Tried to add unknown package to power save whitelist: com.android.calendar
09-28 14:41:43.073  1787  2240 E DeviceIdleController: Tried to add unknown package to power save whitelist: com.google.android.music
09-28 14:41:43.073  1787  2240 E DeviceIdleController: Tried to add unknown package to power save whitelist: com.android.incallui
09-28 14:41:43.073  1787  2240 E DeviceIdleController: Tried to add unknown package to power save whitelist: com.android.keyguard
09-28 14:41:43.073  1787  2240 E DeviceIdleController: Tried to add unknown package to power save whitelist: com.google.android.syncadapters.calendar
09-28 14:41:43.073  1787  2240 E DeviceIdleController: Tried to add unknown package to power save whitelist: com.google.android.gsf.login
09-28 14:41:43.073  1787  2240 E DeviceIdleController: Tried to add unknown package to power save whitelist: com.android.smspush
09-28 14:41:43.073  1787  2240 E DeviceIdleController: Tried to add unknown package to power save whitelist: com.google.android.backuptransport
09-28 14:41:43.073  1787  2240 E DeviceIdleController: Tried to add unknown package to power save whitelist: com.android.calculator2
09-28 14:41:43.073  1787  2240 E DeviceIdleController: Tried to add unknown package to power save whitelist: com.android.deskclock
09-28 14:41:43.073  1787  2240 E DeviceIdleController: Tried to add unknown package to power save whitelist: com.android.captiveportallogin
09-28 14:41:43.073  1787  2240 E DeviceIdleController: Tried to add unknown package to power save whitelist: com.nearme.feedback1
09-28 14:41:43.073  1787  2240 E DeviceIdleController: Tried to add unknown package to power save whitelist: com.nearme.sync
09-28 14:41:43.073  1787  2240 E DeviceIdleController: Tried to add unknown package to power save whitelist: com.heytap.market
09-28 14:41:43.073  1787  2240 E DeviceIdleController: Tried to add unknown package to power save whitelist: com.nearme.gamecenter
09-28 14:41:43.073  1787  2240 E DeviceIdleController: Tried to add unknown package to power save whitelist: com.heytap.gamecenter
09-28 14:41:43.073  1787  2240 E DeviceIdleController: Tried to add unknown package to power save whitelist: com.android.browser
09-28 14:41:43.073  1787  2240 E DeviceIdleController: Tried to add unknown package to power save whitelist: com.heytap.browser
09-28 14:41:43.073  1787  2240 E DeviceIdleController: Tried to add unknown package to power save whitelist: com.nearme.browser
09-28 14:41:43.073  1787  2240 E DeviceIdleController: Tried to add unknown package to power save whitelist: com.android.dreams.basic
09-28 14:41:43.073  1787  2240 E DeviceIdleController: Tried to add unknown package to power save whitelist: com.google.android.talk
09-28 14:41:43.073  1787  2240 E DeviceIdleController: Tried to add unknown package to power save whitelist: com.android.email
09-28 14:41:43.073  1787  2240 E DeviceIdleController: Tried to add unknown package to power save whitelist: com.android.exchange
09-28 14:41:43.073  1787  2240 E DeviceIdleController: Tried to add unknown package to power save whitelist: jp.naver.line.android
09-28 14:41:43.073  1787  2240 E DeviceIdleController: Tried to add unknown package to power save whitelist: com.zing.zalo
09-28 14:41:43.073  1787  2240 E DeviceIdleController: Tried to add unknown package to power save whitelist: com.jb.gosms
09-28 14:41:43.074  1787  2240 E DeviceIdleController: Tried to add unknown package to power save whitelist: com.yeecall.app
09-28 14:41:43.074  1787  2240 E DeviceIdleController: Tried to add unknown package to power save whitelist: com.linecorp.linelite
09-28 14:41:43.074  1787  2240 E DeviceIdleController: Tried to add unknown package to power save whitelist: com.revesoft.itelmobiledialer.dialer
09-28 14:41:43.074  1787  2240 E DeviceIdleController: Tried to add unknown package to power save whitelist: com.path
09-28 14:41:43.074  1787  2240 E DeviceIdleController: Tried to add unknown package to power save whitelist: com.tumblr
09-28 14:41:43.074  1787  2240 E DeviceIdleController: Tried to add unknown package to power save whitelist: com.askfm
09-28 14:41:43.074  1787  2240 E DeviceIdleController: Tried to add unknown package to power save whitelist: com.myyearbook.m
09-28 14:41:43.074  1787  2240 E DeviceIdleController: Tried to add unknown package to power save whitelist: com.weheartit
09-28 14:41:43.074  1787  2240 E DeviceIdleController: Tried to add unknown package to power save whitelist: com.viettel.mocha.app
09-28 14:41:43.074  1787  2240 E DeviceIdleController: Tried to add unknown package to power save whitelist: com.telepacket.tpsmart
09-28 14:41:43.074  1787  2240 E DeviceIdleController: Tried to add unknown package to power save whitelist: com.alibaba.mobileim
09-28 14:41:43.074  1787  2240 E DeviceIdleController: Tried to add unknown package to power save whitelist: finarea.mobilevoip
09-28 14:41:43.074  1787  2240 E DeviceIdleController: Tried to add unknown package to power save whitelist: com.rts.ic.ym
09-28 14:41:43.074  1787  2240 E DeviceIdleController: Tried to add unknown package to power save whitelist: mong.moptt
09-28 14:41:43.074  1787  2240 E DeviceIdleController: Tried to add unknown package to power save whitelist: in.mohalla.sharechat
09-28 14:41:43.074  1787  2240 E DeviceIdleController: Tried to add unknown package to power save whitelist: com.camshare.camfrog.android
09-28 14:41:43.074  1787  2240 E DeviceIdleController: Tried to add unknown package to power save whitelist: com.jiochat.jiochatapp
09-28 14:41:43.074  1787  2240 E DeviceIdleController: Tried to add unknown package to power save whitelist: chat.ola.vn
09-28 14:41:43.074  1787  2240 E DeviceIdleController: Tried to add unknown package to power save whitelist: com.tencent.mobileqq
09-28 14:41:43.074  1787  2240 E DeviceIdleController: Tried to add unknown package to power save whitelist: com.google.android.apps.plus
09-28 14:41:43.074  1787  2240 E DeviceIdleController: Tried to add unknown package to power save whitelist: com.beetalk.app.mm
09-28 14:41:43.074  1787  2240 E DeviceIdleController: Tried to add unknown package to power save whitelist: com.igg.android.im
09-28 14:41:43.074  1787  2240 E DeviceIdleController: Tried to add unknown package to power save whitelist: com.sina.weibo
09-28 14:41:43.074  1787  2240 E DeviceIdleController: Tried to add unknown package to power save whitelist: com.tencent.mobileqqi
09-28 14:41:43.075  1787  2240 E DeviceIdleController: Tried to add unknown package to power save whitelist: com.tencent.mm
09-28 14:41:43.075  1787  2240 E DeviceIdleController: Tried to add unknown package to power save whitelist: com.baidu.map.location
09-28 14:41:43.075  1787  2240 E DeviceIdleController: Tried to add unknown package to power save whitelist: com.amap.android.location
09-28 14:41:43.075  1787  2240 E DeviceIdleController: Tried to add unknown package to power save whitelist: com.alibaba.android.rimet
09-28 14:41:43.075  1787  2240 E DeviceIdleController: Tried to add unknown package to power save whitelist: com.heytap.pictorial
09-28 14:41:43.075  1787  2240 E DeviceIdleController: Tried to add unknown package to power save whitelist: com.nearme.instant.platform
09-28 14:41:43.075  1787  2240 E DeviceIdleController: Tried to add unknown package to power save whitelist: com.heytap.instant.platform
09-28 14:41:43.075  1787  2240 E DeviceIdleController: Tried to add unknown package to power save whitelist: sg.gov.tech.bluetrace
09-28 14:41:43.075  1787  2240 E DeviceIdleController: Tried to add unknown package to power save whitelist: fr.gouv.android.stopcovid
09-28 14:41:43.075  1787  2240 E DeviceIdleController: Tried to add unknown package to power save whitelist: covid.trace.morocco
09-28 14:41:43.075  1787  2240 E DeviceIdleController: Tried to add unknown package to power save whitelist: sg.gov.homer
09-28 14:41:43.075  1787  2240 E DeviceIdleController: Tried to add unknown package to power save whitelist: com.oplus.sharescreen
09-28 14:41:43.075  1787  2240 E DeviceIdleController: Tried to add unknown package to power save whitelist: ch.admin.bag.dp3t
09-28 14:41:43.075  1787  2240 E DeviceIdleController: Tried to add unknown package to power save whitelist: com.heytap.cast
09-28 14:41:43.075  1787  2240 E DeviceIdleController: Tried to add unknown package to power save whitelist: com.heytap.synergy
09-28 14:41:43.075  1787  2240 E DeviceIdleController: Tried to add unknown package to power save whitelist: cn.oneplus.photos
09-28 14:41:43.075  1787  2240 E DeviceIdleController: Tried to add unknown package to power save whitelist: com.oneplus.screenrecord
09-28 14:41:43.075  1787  2240 E DeviceIdleController: Tried to add unknown package to power save whitelist: com.oppo.launcher
09-28 14:41:43.075  1787  2240 E DeviceIdleController: Tried to add unknown package to power save whitelist: com.coloros.alarmclock
09-28 14:41:43.075  1787  2240 E DeviceIdleController: Tried to add unknown package to power save whitelist: com.oppoex.afterservice
09-28 14:41:43.075  1787  2240 E DeviceIdleController: Tried to add unknown package to power save whitelist: com.oppo.statistics
09-28 14:41:43.075  1787  2240 E DeviceIdleController: Tried to add unknown package to power save whitelist: com.nearme.romupdate
09-28 14:41:43.075  1787  2240 E DeviceIdleController: Tried to add unknown package to power save whitelist: com.oppo.marketcheck
09-28 14:41:43.075  1787  2240 E DeviceIdleController: Tried to add unknown package to power save whitelist: com.coloros.sau
09-28 14:41:43.075  1787  2240 E DeviceIdleController: Tried to add unknown package to power save whitelist: com.oppo.ota
09-28 14:41:43.075  1787  2240 E DeviceIdleController: Tried to add unknown package to power save whitelist: com.oppo.screenlock.pictorial
09-28 14:41:43.075  1787  2240 E DeviceIdleController: Tried to add unknown package to power save whitelist: com.coloros.simsettings
09-28 14:41:43.075  1787  2240 E DeviceIdleController: Tried to add unknown package to power save whitelist: com.oppo.service.account
09-28 14:41:43.076  1787  2240 E DeviceIdleController: Tried to add unknown package to power save whitelist: com.coloros.wirelesssettings
09-28 14:41:43.076  1787  2240 E DeviceIdleController: Tried to add unknown package to power save whitelist: com.coloros.activation
09-28 14:41:43.076  1787  2240 E DeviceIdleController: Tried to add unknown package to power save whitelist: com.coloros.browser
09-28 14:41:43.076  1787  2240 E DeviceIdleController: Tried to add unknown package to power save whitelist: com.coloros.musiclink
09-28 14:41:43.076  1787  2240 E DeviceIdleController: Tried to add unknown package to power save whitelist: com.oppo.market
09-28 14:41:43.076  1787  2240 E DeviceIdleController: Tried to add unknown package to power save whitelist: com.coloros.pictorial
09-28 14:41:43.076  1787  2240 E DeviceIdleController: Tried to add unknown package to power save whitelist: com.coloros.mcs
09-28 14:41:43.076  1787  2240 E DeviceIdleController: Tried to add unknown package to power save whitelist: com.coloros.cloud
09-28 14:41:43.076  1787  2240 E DeviceIdleController: Tried to add unknown package to power save whitelist: com.nearme.themespace
09-28 14:41:43.076  1787  2240 E DeviceIdleController: Tried to add unknown package to power save whitelist: com.nearme.themestore
09-28 14:41:43.076  1787  2240 E DeviceIdleController: Tried to add unknown package to power save whitelist: com.realmestore.app
09-28 14:41:43.076  1787  2240 E DeviceIdleController: Tried to add unknown package to power save whitelist: com.realmecomm.app
09-28 14:41:43.076  1787  2240 E DeviceIdleController: Tried to add unknown package to power save whitelist: com.coloros.videoeditor
09-28 14:41:43.076  1787  2240 E DeviceIdleController: Tried to add unknown package to power save whitelist: com.coloros.sharescreen
09-28 14:41:43.076  1787  2240 E DeviceIdleController: Tried to add unknown package to power save whitelist: com.coloros.backuprestore
09-28 14:41:43.076  1787  2240 E DeviceIdleController: Tried to add unknown package to power save whitelist: com.oplus.padconnect
09-28 14:41:43.092  1787  1849 D AlarmAlignment: findFirstElapsedTimeWakeupNonStandalone:  nowElapsed = 34953733
09-28 14:41:43.092  1787  1849 D AlarmAlignment: reAlignAlarms
09-28 14:41:43.092  1787  1849 D AlarmAlignment: alignWithSys: alarm{Alarm{7bf6584 type 2 origWhen 34961717 whenElapsed 34961717 com.facebook.katana} whenElapsed 34961717 windowLength 0 maxWhenElapsed 34961717 repeatInterval 0 action X.0Es.ACTION_ALARM.MqttLite.com.facebook.katana component null} align to 35253525
09-28 14:41:43.092  1787  1849 D AlarmAlignment: alignWithSys: alarm{Alarm{584a16d type 2 origWhen 34954110 whenElapsed 34954110 android} whenElapsed 34954110 windowLength 60000 maxWhenElapsed 35014110 repeatInterval 0 tag DeviceIdleController.motion_registration} align to 35253525
09-28 14:41:43.093  1787  1849 D AlarmAlignment: alignWithSys: alarm{Alarm{9f621a2 type 2 origWhen 34973547 whenElapsed 34973547 com.facebook.katana} whenElapsed 34973547 windowLength 14984 maxWhenElapsed 34988531 repeatInterval 0 action KeepaliveManager.ACTION_EXACT_ALARM.MqttLite.com.facebook.katana component null} align to 35253525
09-28 14:41:43.093  1787  1849 D AlarmAlignment: alignWithSys: alarm{Alarm{157de33 type 3 origWhen 34977298 whenElapsed 34977298 android} whenElapsed 34977298 windowLength 19834 maxWhenElapsed 34997132 repeatInterval 0 tag *job.delay*} align to 35253525
09-28 14:41:43.093  1787  1849 D AlarmAlignment: alignWithSys: alarm{Alarm{68f55f0 type 2 origWhen 35093162 whenElapsed 35093162 com.instagram.android} whenElapsed 35093162 windowLength 674999 maxWhenElapsed 35768161 repeatInterval 0 action KeepaliveManager.ACTION_INEXACT_ALARM.FBNS.com.instagram.android component null} align to 35253525
09-28 14:41:43.093  1787  1849 D AlarmAlignment: alignWithSys: alarm{Alarm{ed6e769 type 2 origWhen 35116821 whenElapsed 35116821 com.instagram.android} whenElapsed 35116821 windowLength 689997 maxWhenElapsed 35806818 repeatInterval 0 action KeepaliveManager.ACTION_BACKUP_ALARM.FBNS.com.instagram.android component null} align to 35253525
09-28 14:41:43.093  1787  1849 D AlarmAlignment: alignWithSys: alarm{Alarm{38b5ee type 3 origWhen 35122554 whenElapsed 35122554 com.oplus.nhs} whenElapsed 35122554 windowLength 225000 maxWhenElapsed 35347554 repeatInterval 300000 action oplus.intent.action.INTERNAL_LOOP_UPDATE_ACTIVITYINFO_ALARM component ComponentInfo{com.oplus.nhs/com.oplus.nhs.pwr.ModemAci.ModemAciAlarmReceiver}} align to 35253525
09-28 14:41:43.093  1787  1849 D AlarmAlignment: alignWithSys: alarm{Alarm{3a82a8f type 2 origWhen 35171822 whenElapsed 35171822 com.whatsapp} whenElapsed 35171822 windowLength 449999 maxWhenElapsed 35621821 repeatInterval 0 action com.whatsapp.MessageHandler.LOGOUT_ACTION component null} align to 35253525
09-28 14:41:43.093  1787  1849 D AlarmAlignment: alignWithSys: alarm{Alarm{52be11c type 2 origWhen 35233534 whenElapsed 35233534 android} whenElapsed 35233534 windowLength 60000 maxWhenElapsed 35293534 repeatInterval 0 tag DeviceIdleController.light} align to 35253525
09-28 14:41:43.093  1787  1849 D AlarmAlignment: alignWithSys: alarm{Alarm{9ed9125 type 0 origWhen 1664356587924 whenElapsed 35238566 com.heytap.mcs} whenElapsed 35238566 windowLength 10000 maxWhenElapsed 35248566 repeatInterval 0 action com.heytap.mcs.action component null} align to 35253525
09-28 14:41:43.093  1787  1849 D AlarmAlignment: alignWithSys: alarm{Alarm{3fe42fa type 2 origWhen 35238579 whenElapsed 35238579 com.heytap.mcs} whenElapsed 35238579 windowLength 10000 maxWhenElapsed 35248579 repeatInterval 0 action com.heytap.mcs.action component null} align to 35253525
09-28 14:41:43.093  1787  1849 D AlarmAlignment: alignWithSys: alarm{Alarm{306e0ab type 2 origWhen 35242202 whenElapsed 35242202 com.truecaller} whenElapsed 35242202 windowLength 450000 maxWhenElapsed 35692202 repeatInterval 0 action com.truecaller.action.ACTION_UPDATE_PRESENCE_FOR_CURRENT_USER component ComponentInfo{com.truecaller/com.truecaller.presence.PresenceSchedulerReceiver}} align to 35253525
09-28 14:41:43.093  1787  1849 D AlarmAlignment: alignWithSys: alarm{Alarm{1a3f308 type 2 origWhen 35244113 whenElapsed 35244113 android} whenElapsed 35244113 windowLength 60000 maxWhenElapsed 35304113 repeatInterval 0 tag DeviceIdleController.deep} align to 35253525
09-28 14:41:43.096  1787  2202 D OAppNetworkMonitor: First Align tick
09-28 14:41:43.098  1787  2202 D OAppNetworkMonitor: Wakeup[0] { stamp=1664356013013 pid=5948 uid=2000 package=android.uid*********** isAlign=0 isBlock=0 isInput=0 isWhiteList=1}
09-28 14:41:43.128  1787  1920 D CompatibilityChangeReporter: Compat change id reported: 168419799; UID 10276; state: DISABLED
09-28 14:41:43.134  1787  3382 D OplusProxyWakeLock: remove uid: 10701 wiht all pids from wakelockUidInfo list
09-28 14:41:43.154  1787  4175 W ActivityManager: Permission Denial: getIntentForIntentSender() from pid=8936, uid=10237 requires android.permission.GET_INTENT_SENDER_INTENT
09-28 14:41:43.160  1787  4175 D AlarmAlignment: alignWithSys: alarm{Alarm{dbb7cd9 type 2 origWhen 34985794 whenElapsed 34985794 com.whatsapp} whenElapsed 34985794 windowLength 23999 maxWhenElapsed 35009793 repeatInterval 0 action } align to 35253525
09-28 14:41:43.311  1787  1824 D RegisteredServicesCacheExtImpl: Skip 10276 in SyncAdaptersCache
09-28 14:41:43.490  1787  4439 W ActivityManager: Permission Denial: getIntentForIntentSender() from pid=8936, uid=10237 requires android.permission.GET_INTENT_SENDER_INTENT
09-28 14:41:43.490  1787  4439 D AlarmAlignment: alignWithSys: alarm{Alarm{c3f577 type 3 origWhen 35194131 whenElapsed 35194131 com.whatsapp} whenElapsed 35194131 windowLength 180000 maxWhenElapsed 35374131 repeatInterval 0 action } align to 35253525
09-28 14:41:43.514  1787  1920 D ActivityManager: getProcessesInErrorState callingUid=10044, CallingPid=9018
09-28 14:41:44.014  1787  1920 D ActivityManager: getProcessesInErrorState callingUid=10044, CallingPid=9018
09-28 14:41:44.163  1787  2014 V OplusNPMS: getWarningNotification numWarningNotificaion10
09-28 14:41:44.163  1787  2014 V OplusNPMS: getWarningNotification numWarningNotificaion10
09-28 14:41:44.163  1787  2014 V OplusNPMS: getLimitNotificationState subID=2
09-28 14:41:44.163  1787  2014 V OplusNPMS: getLimitNotificationState mSubidToIccId != null
09-28 14:41:44.513  1787  1920 D ActivityManager: getProcessesInErrorState callingUid=10044, CallingPid=9018
