09-28 14:42:49.081  1787  1920 E OplusCustomizeRestrictionManagerService: isBiometricDisabled start
09-28 14:42:49.082  1787  2391 E OplusCustomizeRestrictionManagerService: isBiometricDisabled start
09-28 14:42:49.083  1787  2391 W DevicePolicyManager: Unknown user type: UserInfo{999:MultiApp:4001010}
09-28 14:42:49.083  1787  4174 E OplusCustomizeRestrictionManagerService: isBiometricDisabled start
09-28 14:42:49.084  1787  2391 E OplusCustomizeRestrictionManagerService: isBiometricDisabled start
09-28 14:42:49.084  1787  2391 W DevicePolicyManager: Unknown user type: UserInfo{999:MultiApp:4001010}
09-28 14:42:49.086  1787  4438 E OplusCustomizeRestrictionManagerService: isBiometricDisabled start
09-28 14:42:49.087  1787  4438 E OplusCustomizeRestrictionManagerService: isBiometricDisabled start
09-28 14:42:49.087  1787  4438 W DevicePolicyManager: Unknown user type: UserInfo{999:MultiApp:4001010}
09-28 14:42:49.088  2243  2243 V OplusZoomWindowDecorViewHelper: removeZoomView
09-28 14:42:49.090  1787  4438 D WindowManager: setParent old=WindowToken{7804cc7 android.os.BinderProxy@c9680e1},new=null,this window=Window{9994a1d u0 TemporaryFocusWindow},callers=com.android.server.wm.WindowContainer.removeChild:627 com.android.server.wm.WindowContainer.removeImmediately:683 com.android.server.wm.WindowState.removeImmediately:2543 com.android.server.wm.WindowState.removeIfPossible:2739 com.android.server.wm.WindowState.removeIfPossible:2609 com.android.server.wm.WindowManagerService.removeWindow:2139 
09-28 14:42:49.090  1787  4438 D WindowManager: setParent old=Leaf:20:31@264129876,new=null,this window=WindowToken{7804cc7 android.os.BinderProxy@c9680e1},callers=com.android.server.wm.WindowContainer.removeChild:627 com.android.server.wm.WindowContainer.removeImmediately:683 com.android.server.wm.WindowToken.setExiting:253 com.android.server.wm.DisplayContent.removeWindowToken:1241 com.android.server.wm.WindowToken.removeImmediately:372 com.android.server.wm.WindowManagerService.postWindowRemoveCleanupLocked:2185 
09-28 14:42:49.091  1787  4438 W WindowManager: Changing focus from Window{9994a1d u0 TemporaryFocusWindow} to Window{34529d u0 NotificationShade} displayId=0 Callers=com.android.server.wm.RootWindowContainer.updateFocusedWindowLocked:492 com.android.server.wm.WindowManagerService.updateFocusedWindowLocked:6011 com.android.server.wm.RootWindowContainer.performSurfacePlacementNoTrace:842 com.android.server.wm.RootWindowContainer.performSurfacePlacement:824 
09-28 14:42:49.111  1787  4174 W RefreshRate: setGameRefreshRate: rate=0
09-28 14:42:49.115 11733 11821 I Quality : 17001301:9018 com.ludo.king GAME_PAUSE
09-28 14:42:49.158  1787  1920 D VRR [OPlusRefreshRateService]:  setFrameRateTargetControl [ -1.0 , com.ludo.king , false , com.oplus.cosa ]
09-28 14:42:49.158  1787  1920 D VRR [OPlusExternalRefreshRateManager]:  [FRTC] FrameRate : -1 com.ludo.king false com.oplus.cosa
09-28 14:42:49.159  1787  1853 D VRR [OPlusSurfaceFlingerController]:  add frtc FrameRate : -1 com.ludo.king false com.oplus.cosa
09-28 14:42:49.160  1787  2170 D OplusDisplayPanelFeature: getDisplayPanelFeatureValue +++, featureID:20
09-28 14:42:49.166  1787  1853 D VRR [OPlusRefreshRateService]: onConfigChanged physicalDisplayId: 0 modeId: 0
09-28 14:42:49.168  1787  2170 D OplusDisplayPanelFeature: getDisplayPanelFeatureValue, ret = 0
09-28 14:42:49.168  1787  2170 I OplusDisplayPanelFeature: [0]
09-28 14:42:49.168  1787  2170 D OplusDisplayPanelFeature: getDisplayPanelFeatureValue ---, result = [0]
09-28 14:42:49.168  1787  2170 D OplusSilentRebootManager: silence flags file value is :0
09-28 14:42:49.169  1787  1848 D VRR [OPlusRefreshRateService]: notifyBrightnessChange brightness: 100.0
09-28 14:42:49.169  1787  1848 D PowerManagerServiceExtImpl: aodEnable: true
09-28 14:42:49.169  1787  1848 I DreamManagerService: getDozeComponent mForceAmbientDisplayEnabled = false; mDozeConfig.enabled(userId) = true
09-28 14:42:49.169  1787  1848 I DreamManagerService: getDozeComponent com.android.systemui/com.android.systemui.doze.DozeService
09-28 14:42:49.169  1787  1848 I DreamManagerService: Entering dreamland.
09-28 14:42:49.169  1787  1848 I PowerManagerService: Dozing...
09-28 14:42:49.174  1787  1815 D DisplayManagerService: Delivering display event: displayId=0, event=2
09-28 14:42:49.175  1787  1853 D VRR [OPlusRefreshRateService]: onConfigChanged physicalDisplayId: 0 modeId: 1
09-28 14:42:49.175  1787  1853 D VRR [OPlusRefreshRateService]: onConfigChanged physicalDisplayId: 0 modeId: 1
09-28 14:42:49.176  1787  1812 I DreamController: Starting dream: name=ComponentInfo{com.android.systemui/com.android.systemui.doze.DozeService}, isTest=false, canDoze=true, userId=0
09-28 14:42:49.181  1787  1815 D BatteryServiceExtImpl: getPsyBatteryRm
09-28 14:42:49.183  1787  1815 D OplusBatteryServiceFeature: getPsyBatteryRm: 1466
09-28 14:42:49.183  1787  1815 D OplusBatteryManager: getPsyBatteryRm: 1466
09-28 14:42:49.183  1787  1815 D BatteryStatsImplExtImpl: resumedUid:10252 resumedBatteryLevel:38  resumedPackage:com.truecaller  resumedBatteryRealtimeCapacity:1466
09-28 14:42:49.186  1787  1815 I DisplayDeviceRepository: Display device changed: DisplayDeviceInfo{"Built-in Screen": uniqueId="local:0", 1080 x 2400, modeId 2, defaultModeId 1, supportedModes [{id=1, width=1080, height=2400, fps=60.0, alternativeRefreshRates=[90.0]}, {id=2, width=1080, height=2400, fps=90.0, alternativeRefreshRates=[60.0]}], colorMode 0, supportedColorModes [0], hdrCapabilities HdrCapabilities{mSupportedHdrTypes=[2, 3, 4], mMaxLuminance=500.0, mMaxAverageLuminance=500.0, mMinLuminance=0.0}, allmSupported false, gameContentTypeSupported false, density 480, 403.411 x 401.052 dpi, appVsyncOff 7955555, presDeadline 17488889, cutout DisplayCutout{insets=Rect(0, 107 - 0, 0) waterfall=Insets{left=0, top=0, right=0, bottom=0} boundingRect={Bounds=[Rect(0, 0 - 0, 0), Rect(0, 0 - 150, 107), Rect(0, 0 - 0, 0), Rect(0, 0 - 0, 0)]} cutoutPathParserInfo={CutoutPathParserInfo{displayWidth=1080 displayHeight=2400 density={3.0} cutoutSpec={M -540,0 L -540,107 L -390,107 L -390,0 Z} rotation={0} scale={1.0}}}}, touch INTERNAL, rotation 0, type INTERNAL, address {port=0}, deviceProductInfo null, state OFF, frameRateOverride , brightnessMinimum 0.0, brightnessMaximum 1.0, brightnessDefault 7302.0, FLAG_DEFAULT_DISPLAY, FLAG_ROTATES_WITH_CONTENT, FLAG_SECURE, FLAG_SUPPORTS_PROTECTED_BUFFERS}
09-28 14:42:49.189  1787  1815 D DisplayManagerService: Delivering display event: displayId=0, event=2
09-28 14:42:49.200  1787  1815 D OplusZoomSettingsObserver: GameStateObserver onChange mInGameState:false
09-28 14:42:49.200  1787  1815 D OplusZoomSettingsObserver: GameStateObserver onChange mInGameState:false
09-28 14:42:49.203  1787  1787 I WallpaperManagerServiceExt: removeDisplayData. displayId = 0
09-28 14:42:49.208  1787  1932 D OplusConfineModeManagerService: notifyConfineModeChanged, oldMode: 0, newMode: 0, userId: 0
09-28 14:42:49.210  1787  1815 D DisplayManagerService: Delivering display event: displayId=0, event=2
09-28 14:42:49.213  9162  9162 E ActivityThread: Failed to find provider info for com.heytap.appplatform.settings
09-28 14:42:49.226  1787 12075 D DropBoxManagerService: trimToFit() low storage now , nonreserved = 102400
09-28 14:42:49.226  1787 12075 D DropBoxManagerService: trimToFit() low storage now , quotaPercent = 10
09-28 14:42:49.233  5242  5242 I OMG_Service: onStartCommand...0|8
09-28 14:42:49.233  5242  5242 I OMG_Service: updateGlobalGestureObserver, gesture = 0x2, sPhoneMode=1, threeScreenshotEnable = true, threeAreaScreenshotEnable = true, threeSplitScreenEnable = true, supportTwoFingerSplit = false
09-28 14:42:49.244  1787  2005 W OplusStorageManagerFeature: turn screenOff, maintPrepared:false
09-28 14:42:49.265  2759  7751 W ContextImpl: Calling a method in the system process without a qualified user: android.app.ContextImpl.sendBroadcast:1192 android.content.ContextWrapper.sendBroadcast:494 com.oplus.qualityprotect.p.a:92 com.oplus.qualityprotect.b.l.a:41 com.oplus.qualityprotect.b.l.c:66 
09-28 14:42:49.276  1787  1853 D VRR [OPlusRefreshRateService]: handleConfigIdChange physicalDisplayId: 0 configId: 1
09-28 14:42:49.283  1787  1853 D VRR [OPlusSurfaceFlingerController]:  setTouchIdle : TouchIdleBean{mEnable=true, mHwEnable=false, mSwEnable=true, mAdfrEnable=false, mTimeOut=4000, mContentThreshold=-1, mContentGapMs=500, mBrightnessLimit=200, mNitLimit=-1, mLowestRate=60, mBlackList=[], mReadingWhiteList=[], mSpecialTimeOutMap={}, mSwWhiteList=[], mSwNegligibleOverlay=[], mHwDisablePanel=[], mAdfrToHwList=[]}
09-28 14:42:49.301  9162  9162 E ActivityThread: Failed to find provider info for com.heytap.appplatform.settings
09-28 14:42:49.313  1787  4438 D OplusFeatureAOD: key:1787 tmp:0
09-28 14:42:49.313  1787  1848 D VRR [OPlusRefreshRateService]: notifyBrightnessChange brightness: 100.0
09-28 14:42:49.313  1787  1848 D OplusFeatureAOD: notifySfUnBlockScreenOn
09-28 14:42:49.314  1787  1848 I Quality : ScreenOnOff: OFF 1080 4
09-28 14:42:49.315  1787  1849 D NotifierExtImpl: notifyScreenOnOff: on = false
09-28 14:42:49.317  2243  2243 D OneHandedController: setLockedDisabled locked = true, enabled = false ,FeatureEnabled = false
09-28 14:42:49.318  1787  4174 E OplusCustomizeRestrictionManagerService: getUnlockByFingerprintPolicies fail, return default value.
09-28 14:42:49.328  1787  1815 V UsbDeviceManager: onKeyguardStateChanged: isShowing:true secure:true user:0
09-28 14:42:49.338  1787  4174 E OplusCustomizeRestrictionManagerService: isBiometricDisabled start
09-28 14:42:49.339  1787  4441 E OplusCustomizeRestrictionManagerService: isBiometricDisabled start
09-28 14:42:49.340  1787  4441 W DevicePolicyManager: Unknown user type: UserInfo{999:MultiApp:4001010}
09-28 14:42:49.342  1787  4441 E OplusCustomizeRestrictionManagerService: isBiometricDisabled start
09-28 14:42:49.343  1787  4441 E OplusCustomizeRestrictionManagerService: isBiometricDisabled start
09-28 14:42:49.344  1787  4441 W DevicePolicyManager: Unknown user type: UserInfo{999:MultiApp:4001010}
09-28 14:42:49.346  1787  1920 E OplusCustomizeRestrictionManagerService: isBiometricDisabled start
09-28 14:42:49.347  1787  1920 E OplusCustomizeRestrictionManagerService: isBiometricDisabled start
09-28 14:42:49.347  1787  1920 W DevicePolicyManager: Unknown user type: UserInfo{999:MultiApp:4001010}
09-28 14:42:49.349  1787  1920 E OplusCustomizeRestrictionManagerService: isBiometricDisabled start
09-28 14:42:49.349  1787  1920 E OplusCustomizeRestrictionManagerService: isBiometricDisabled start
09-28 14:42:49.350  1787  1920 W DevicePolicyManager: Unknown user type: UserInfo{999:MultiApp:4001010}
09-28 14:42:49.350  1787  4174 E OplusCustomizeRestrictionManagerService: isBiometricDisabled start
09-28 14:42:49.351  1787  1920 E OplusCustomizeRestrictionManagerService: isBiometricDisabled start
09-28 14:42:49.352  1787  1920 W DevicePolicyManager: Unknown user type: UserInfo{999:MultiApp:4001010}
09-28 14:42:49.353  1787  4438 E OplusCustomizeRestrictionManagerService: isBiometricDisabled start
09-28 14:42:49.354  1787  4438 E OplusCustomizeRestrictionManagerService: isBiometricDisabled start
09-28 14:42:49.355  1787  4438 W DevicePolicyManager: Unknown user type: UserInfo{999:MultiApp:4001010}
09-28 14:42:49.364  1787  4441 E OplusCustomizeRestrictionManagerService: isBiometricDisabled start
09-28 14:42:49.365  1787  1920 E OplusCustomizeRestrictionManagerService: isBiometricDisabled start
09-28 14:42:49.370  1787  4174 E OplusCustomizeRestrictionManagerService: isBiometricDisabled start
09-28 14:42:49.371  1787  4174 E OplusCustomizeRestrictionManagerService: isBiometricDisabled start
09-28 14:42:49.372  1787  4174 W DevicePolicyManager: Unknown user type: UserInfo{999:MultiApp:4001010}
09-28 14:42:49.373  1787  4174 E OplusCustomizeRestrictionManagerService: isBiometricDisabled start
09-28 14:42:49.374  1787  4174 E OplusCustomizeRestrictionManagerService: isBiometricDisabled start
09-28 14:42:49.374  5242  5242 I OMG_Service: onStartCommand...0|9
09-28 14:42:49.374  5242  5242 I OMG_Service: updateGlobalGestureObserver, gesture = 0x2, sPhoneMode=1, threeScreenshotEnable = true, threeAreaScreenshotEnable = true, threeSplitScreenEnable = false, supportTwoFingerSplit = false
09-28 14:42:49.374  1787  4174 W DevicePolicyManager: Unknown user type: UserInfo{999:MultiApp:4001010}
09-28 14:42:49.376  1787  4441 E OplusCustomizeRestrictionManagerService: isBiometricDisabled start
09-28 14:42:49.376  1787  4441 E OplusCustomizeRestrictionManagerService: isBiometricDisabled start
09-28 14:42:49.376  1787  4441 W DevicePolicyManager: Unknown user type: UserInfo{999:MultiApp:4001010}
09-28 14:42:49.378  1787  4441 E OplusCustomizeRestrictionManagerService: isBiometricDisabled start
09-28 14:42:49.380  1787  4441 E OplusCustomizeRestrictionManagerService: isBiometricDisabled start
09-28 14:42:49.381  1787  4441 W DevicePolicyManager: Unknown user type: UserInfo{999:MultiApp:4001010}
09-28 14:42:49.382  1787  4174 E OplusCustomizeRestrictionManagerService: isBiometricDisabled start
09-28 14:42:49.383  1787  1920 E OplusCustomizeRestrictionManagerService: isBiometricDisabled start
09-28 14:42:49.383  1787  1920 W DevicePolicyManager: Unknown user type: UserInfo{999:MultiApp:4001010}
09-28 14:42:49.386  1787  4174 E OplusCustomizeRestrictionManagerService: isBiometricDisabled start
09-28 14:42:49.386  1787  4174 E OplusCustomizeRestrictionManagerService: isBiometricDisabled start
09-28 14:42:49.387  1787  4174 W DevicePolicyManager: Unknown user type: UserInfo{999:MultiApp:4001010}
09-28 14:42:49.389  1787  1920 E OplusCustomizeRestrictionManagerService: isBiometricDisabled start
09-28 14:42:49.390  1787  1920 E OplusCustomizeRestrictionManagerService: isBiometricDisabled start
09-28 14:42:49.390  1787  4174 E OplusCustomizeRestrictionManagerService: isBiometricDisabled start
09-28 14:42:49.391  1787  1920 W DevicePolicyManager: Unknown user type: UserInfo{999:MultiApp:4001010}
09-28 14:42:49.391  1787  4174 E OplusCustomizeRestrictionManagerService: isBiometricDisabled start
09-28 14:42:49.392  1787  4439 E OplusCustomizeRestrictionManagerService: isBiometricDisabled start
09-28 14:42:49.393  1787  1920 E OplusCustomizeRestrictionManagerService: isBiometricDisabled start
09-28 14:42:49.393  1787  2391 I GameManagerServiceExt: re: 1, Bundle[EMPTY_PARCEL] .
09-28 14:42:49.393  1787  2391 E GameManagerServiceExt: param error: no key listener
09-28 14:42:49.393  1787  1920 W DevicePolicyManager: Unknown user type: UserInfo{999:MultiApp:4001010}
09-28 14:42:49.394  1787  2391 E OplusCustomizeRestrictionManagerService: isBiometricDisabled start
09-28 14:42:49.395  1787  1920 E OplusCustomizeRestrictionManagerService: isBiometricDisabled start
09-28 14:42:49.395  1787  1920 W DevicePolicyManager: Unknown user type: UserInfo{999:MultiApp:4001010}
09-28 14:42:49.397  1787  4441 E OplusCustomizeRestrictionManagerService: isBiometricDisabled start
09-28 14:42:49.397  1787  4441 E OplusCustomizeRestrictionManagerService: isBiometricDisabled start
09-28 14:42:49.398  1787  4441 W DevicePolicyManager: Unknown user type: UserInfo{999:MultiApp:4001010}
09-28 14:42:49.398  9162  9162 V OplusZoomWindowDecorViewHelper: removeZoomView
09-28 14:42:49.405  1787  2391 D OplusWindowContainerControlService: removeWindowState: com.oplus.games, count = 1
09-28 14:42:49.405  1787  2391 D WindowManager: setParent old=WindowToken{3000dd6 android.os.BinderProxy@3592f7b},new=null,this window=Window{4c14857 u0 com.oplus.games},callers=com.android.server.wm.WindowContainer.removeChild:627 com.android.server.wm.WindowContainer.removeImmediately:683 com.android.server.wm.WindowState.removeImmediately:2543 com.android.server.wm.WindowState.removeIfPossible:2739 com.android.server.wm.WindowState.removeIfPossible:2609 com.android.server.wm.WindowManagerService.removeWindow:2139 
09-28 14:42:49.405  1787  2391 I OplusZoomWindowManagerService: removeTapExcluedWindow win = Window{4c14857 u0 com.oplus.games}
09-28 14:42:49.407  1787  4441 D CompatibilityChangeReporter: Compat change id reported: 157929241; UID 1000; state: LOGGED
09-28 14:42:49.408  1787  2391 D WindowManager: setParent old=Leaf:3:14@230273924,new=null,this window=WindowToken{3000dd6 android.os.BinderProxy@3592f7b},callers=com.android.server.wm.WindowContainer.removeChild:627 com.android.server.wm.WindowContainer.removeImmediately:683 com.android.server.wm.WindowToken.setExiting:253 com.android.server.wm.DisplayContent.removeWindowToken:1241 com.android.server.wm.WindowToken.removeImmediately:372 com.android.server.wm.WindowManagerService.postWindowRemoveCleanupLocked:2185 
09-28 14:42:49.408  1787  4438 E OplusCustomizeRestrictionManagerService: isBiometricDisabled start
09-28 14:42:49.409  1787  4438 E OplusCustomizeRestrictionManagerService: isBiometricDisabled start
09-28 14:42:49.483  1787  2014 V OplusNPMS: getWarningNotification numWarningNotificaion10
09-28 14:42:49.483  1787  2014 V OplusNPMS: getWarningNotification numWarningNotificaion10
09-28 14:42:49.483  1787  2014 V OplusNPMS: getLimitNotificationState subID=2
09-28 14:42:49.483  1787  2014 V OplusNPMS: getLimitNotificationState mSubidToIccId != null
09-28 14:42:49.513  1787  1920 D ActivityManager: getProcessesInErrorState callingUid=10044, CallingPid=9018
09-28 14:42:49.515  1787  1920 V ActivityManager: Has totaly same connectionRecord, just reuse it!
09-28 14:42:49.536  1787  1815 W ActivityTaskManager: Activity top resumed state loss timeout for ActivityRecord{b65c0c6 u0 com.truecaller/.neo.acs.ui.popup.NeoPACSActivity t81}
09-28 14:42:49.537  1787  1815 W ActivityTaskManager: Activity pause timeout for ActivityRecord{b65c0c6 u0 com.truecaller/.neo.acs.ui.popup.NeoPACSActivity t81}
09-28 14:42:49.539  1787  1815 D BatteryStatsImplExtImpl: pausedBatteryLevel:38 activityFocusedTimeInMin:0
09-28 14:42:49.550  1787  1848 D CameraDelegate: handleMessage:200
09-28 14:42:49.567  1787  1920 D OplusSplitScreenManagerService: isDragToSplitState mOplusSpiltScreenDnDUI is null, just return!
09-28 14:42:49.622  1787  1920 V ActivityManager: Has totaly same connectionRecord, just reuse it!
09-28 14:42:49.639  1787  4438 V ActivityManager: Has totaly same connectionRecord, just reuse it!
09-28 14:42:49.648  1787  4441 V ActivityManager: Has totaly same connectionRecord, just reuse it!
09-28 14:42:49.792  1787  2005 W OplusStorageManagerFeature: turn screenOff, maintPrepared:false
09-28 14:42:49.802  1787  1849 D AlarmAlignment: findFirstElapsedTimeWakeupNonStandalone:  nowElapsed = 35020443
09-28 14:42:49.804  1787  1849 D AlarmAlignment: reAlignAlarms
09-28 14:42:49.805  1787  1849 D AlarmAlignment: alignWithSys: alarm{Alarm{d4338a type 2 origWhen 35028301 whenElapsed 35028301 com.facebook.katana} whenElapsed 35028301 windowLength 0 maxWhenElapsed 35028301 repeatInterval 0 action X.0Es.ACTION_ALARM.MqttLite.com.facebook.katana component null} align to 35320443
09-28 14:42:49.805  1787  1849 D AlarmAlignment: alignWithSys: alarm{Alarm{8ca2dfb type 2 origWhen 35040284 whenElapsed 35040284 com.facebook.katana} whenElapsed 35040284 windowLength 14997 maxWhenElapsed 35055281 repeatInterval 0 action KeepaliveManager.ACTION_EXACT_ALARM.MqttLite.com.facebook.katana component null} align to 35320443
09-28 14:42:49.805  1787  1849 D AlarmAlignment: alignWithSys: alarm{Alarm{33a3e18 type 3 origWhen 35049081 whenElapsed 35049081 android} whenElapsed 35049081 windowLength 22473 maxWhenElapsed 35071554 repeatInterval 0 tag *job.delay*} align to 35320443
09-28 14:42:49.805  1787  1849 D AlarmAlignment: alignWithSys: alarm{Alarm{d47f071 type 2 origWhen 35140411 whenElapsed 35140411 com.facebook.katana} whenElapsed 35140411 windowLength 89996 maxWhenElapsed 35230407 repeatInterval 0 action WakingExecutorService.ACTION_ALARM.com.facebook.katana.Mqtt_Wakeup component null} align to 35320443
09-28 14:42:49.805  1787  1849 D AlarmAlignment: alignWithSys: is not RequestedElapsed alarm alignElapsed=Alarm{38b5ee type 3 origWhen 35122554 whenElapsed 35253525 com.oplus.nhs} whenElapsed 35253525 windowLength 225000 maxWhenElapsed 35253525 repeatInterval 300000 action oplus.intent.action.INTERNAL_LOOP_UPDATE_ACTIVITYINFO_ALARM component ComponentInfo{com.oplus.nhs/com.oplus.nhs.pwr.ModemAci.ModemAciAlarmReceiver}, APP_STANDBY_POLICY=34953525, DEVICE_IDLE_POLICY=0, ATTERY_SAVER_POLICY=0
09-28 14:42:49.805  1787  1849 D AlarmAlignment: alignWithSys: is not RequestedElapsed alarm alignElapsed=Alarm{9ed9125 type 0 origWhen 1664356587924 whenElapsed 35253525 com.heytap.mcs} whenElapsed 35253525 windowLength 10000 maxWhenElapsed 35253525 repeatInterval 0 action com.heytap.mcs.action component null, APP_STANDBY_POLICY=34953569, DEVICE_IDLE_POLICY=0, ATTERY_SAVER_POLICY=0
09-28 14:42:49.805  1787  1849 D AlarmAlignment: alignWithSys: is not RequestedElapsed alarm alignElapsed=Alarm{ed6e769 type 2 origWhen 35116821 whenElapsed 35253525 com.instagram.android} whenElapsed 35253525 windowLength 689997 maxWhenElapsed 35253525 repeatInterval 0 action KeepaliveManager.ACTION_BACKUP_ALARM.FBNS.com.instagram.android component null, APP_STANDBY_POLICY=34196824, DEVICE_IDLE_POLICY=0, ATTERY_SAVER_POLICY=34196824
09-28 14:42:49.805  1787  1849 D AlarmAlignment: alignWithSys: is not RequestedElapsed alarm alignElapsed=Alarm{584a16d type 2 origWhen 34954110 whenElapsed 35253525 android} whenElapsed 35253525 windowLength 60000 maxWhenElapsed 35253525 repeatInterval 0 tag DeviceIdleController.motion_registration, APP_STANDBY_POLICY=34654110, DEVICE_IDLE_POLICY=0, ATTERY_SAVER_POLICY=0
09-28 14:42:49.805  1787  1849 D AlarmAlignment: alignWithSys: is not RequestedElapsed alarm alignElapsed=Alarm{3a82a8f type 2 origWhen 35171822 whenElapsed 35253525 com.whatsapp} whenElapsed 35253525 windowLength 449999 maxWhenElapsed 35253525 repeatInterval 0 action com.whatsapp.MessageHandler.LOGOUT_ACTION component null, APP_STANDBY_POLICY=34571826, DEVICE_IDLE_POLICY=0, ATTERY_SAVER_POLICY=34571826
09-28 14:42:49.805  1787  1849 D AlarmAlignment: alignWithSys: is not RequestedElapsed alarm alignElapsed=Alarm{3fe42fa type 2 origWhen 35238579 whenElapsed 35253525 com.heytap.mcs} whenElapsed 35253525 windowLength 10000 maxWhenElapsed 35253525 repeatInterval 0 action com.heytap.mcs.action component null, APP_STANDBY_POLICY=34953582, DEVICE_IDLE_POLICY=0, ATTERY_SAVER_POLICY=0
09-28 14:42:49.805  1787  1849 D AlarmAlignment: alignWithSys: is not RequestedElapsed alarm alignElapsed=Alarm{68f55f0 type 2 origWhen 35093162 whenElapsed 35253525 com.instagram.android} whenElapsed 35253525 windowLength 674999 maxWhenElapsed 35253525 repeatInterval 0 action KeepaliveManager.ACTION_INEXACT_ALARM.FBNS.com.instagram.android component null, APP_STANDBY_POLICY=34193164, DEVICE_IDLE_POLICY=0, ATTERY_SAVER_POLICY=34193164
09-28 14:42:49.805  1787  1849 D AlarmAlignment: alignWithSys: is not RequestedElapsed alarm alignElapsed=Alarm{c3f577 type 3 origWhen 35194131 whenElapsed 35253525 com.whatsapp} whenElapsed 35253525 windowLength 180000 maxWhenElapsed 35253525 repeatInterval 0 action com.whatsapp.alarm.CLIENT_PING_PERIODIC component null, APP_STANDBY_POLICY=34954131, DEVICE_IDLE_POLICY=0, ATTERY_SAVER_POLICY=34954131
09-28 14:42:49.805  1787  1849 D AlarmAlignment: alignWithSys: alarm{Alarm{b49fe56 type 2 origWhen 35253787 whenElapsed 35253787 com.instagram.android} whenElapsed 35253787 windowLength 225000 maxWhenElapsed 35478787 repeatInterval 0 action action_batch_upload component ComponentInfo{com.instagram.android/com.instagram.analytics.uploadscheduler.AnalyticsUploadAlarmReceiver}} align to 35320443
09-28 14:42:49.805  1787  1849 D AlarmAlignment: alignWithSys: alarm{Alarm{683aed7 type 2 origWhen 35254108 whenElapsed 35254108 android} whenElapsed 35254108 windowLength 60000 maxWhenElapsed 35314108 repeatInterval 0 tag DeviceIdleController.motion} align to 35320443
09-28 14:42:49.805  1787  1849 D AlarmAlignment: alignWithSys: alarm{Alarm{6a123c4 type 2 origWhen 35259124 whenElapsed 35259124 android} whenElapsed 35259124 windowLength 180000 maxWhenElapsed 35439124 repeatInterval 0 tag CameraMonitor} align to 35320443
09-28 14:42:49.805  1787  1849 D AcmeAlarmPolicy: network change from -1 to 1
09-28 14:42:49.836  1787  4441 D UsageStatsService: User[0] type=0 b=1664354569833 e=1664356369833 cb=1664340364190 ce=1664356369747 disk=0 all=289
09-28 14:42:49.861  1787  4174 E OplusCustomizeRestrictionManagerService: isBiometricDisabled start
09-28 14:42:49.861  1787  4444 E OplusCustomizeRestrictionManagerService: isBiometricDisabled start
09-28 14:42:49.896  1787  2733 D UsageStatsService: User[0] type=0 b=1664356302050 e=1664356369894 cb=1664340364190 ce=1664356369747 disk=0 all=19
09-28 14:42:49.898  1787  1787 D OplusPowerMonitor: Receive broadcast android.intent.action.SCREEN_OFF
09-28 14:42:49.898  1787  1952 D OplusPowerMonitor: mScreenOffCurrentTime = 1664356369898, mScreenOffElapsedRealTime = 35020540, mScreenOffUpTime = 17628680
09-28 14:42:49.902  1787  1787 D AlarmAlignment: alignWithSys: alarm{Alarm{f61c142 type 2 origWhen 35300543 whenElapsed 35300543 android} whenElapsed 35300543 windowLength 60000 maxWhenElapsed 35360543 repeatInterval 0 tag DeviceIdleController.light} align to 35320443
09-28 14:42:49.922  1787  1787 D OplusFeatureBrightnessBarController: screen state:false
09-28 14:42:50.014  1787  1920 D ActivityManager: getProcessesInErrorState callingUid=10044, CallingPid=9018
09-28 14:42:50.040  1787  1848 D OplusDisplayPowerControlBrightnessHelper: handleMessage:101
09-28 14:42:50.514  1787  1920 D ActivityManager: getProcessesInErrorState callingUid=10044, CallingPid=9018
09-28 14:42:50.538  1787  1834 D CompatibilityChangeReporter: Compat change id reported: 135634846; UID 10208; state: DISABLED
09-28 14:42:50.538  1787  1834 D CompatibilityChangeReporter: Compat change id reported: 177438394; UID 10208; state: DISABLED
09-28 14:42:50.538  1787  1834 D CompatibilityChangeReporter: Compat change id reported: 135772972; UID 10208; state: DISABLED
09-28 14:42:50.538  1787  1834 D CompatibilityChangeReporter: Compat change id reported: 135754954; UID 10208; state: ENABLED
09-28 14:42:50.539  1787  1829 D CompatibilityChangeReporter: Compat change id reported: 143937733; UID 10208; state: ENABLED
09-28 14:42:50.556  1787  2071 D OplusFeatureColorMode: +updateUserDreaming
09-28 14:42:50.568  1787  1829 I ActivityManager: Start proc 12144:com.oneplus.opwlb/u0a208 for broadcast {com.oneplus.opwlb/com.oneplus.opwlb.receivers.WLBReceiver}
09-28 14:42:50.584  1787  4174 V ActivityManager: New death recipient com.android.server.am.ActivityManagerService$AppDeathRecipient@2f48e54 for thread android.os.BinderProxy@e7661fd
09-28 14:42:50.624  1787  1920 D OplusGuardElfFeature: ICharger set value = 0
09-28 14:42:50.624  1787  1920 D OplusGuardElfFeature: calling class name = ThermalControlUtils
09-28 14:42:50.624  2759  5233 D OplusBatteryManager: set charge value = 0
09-28 14:42:50.626  1787  4440 D CompatibilityChangeReporter: Compat change id reported: 157233955; UID 1000; state: ENABLED
09-28 14:42:50.627  1787  1920 I ClipboardManagerTransactionHelper: Invalid transaction code = 8
09-28 14:42:50.703  1787  2014 V OplusNPMS: getWarningNotification numWarningNotificaion10
09-28 14:42:50.703  1787  2014 V OplusNPMS: getWarningNotification numWarningNotificaion10
09-28 14:42:50.703  1787  2014 V OplusNPMS: getLimitNotificationState subID=2
09-28 14:42:50.703  1787  2014 V OplusNPMS: getLimitNotificationState mSubidToIccId != null
09-28 14:42:50.729  5187  5575 W ContextImpl: Calling a method in the system process without a qualified user: android.app.ContextImpl.startService:1820 android.content.ContextWrapper.startService:784 com.oplus.athena.interaction.ExternalUtils.startQualityProtectFrequentTask:40 com.oplus.athena.action.b.a.d:246 com.oplus.athena.action.b.a.e:219 
09-28 14:42:51.014  1787  1920 D ActivityManager: getProcessesInErrorState callingUid=10044, CallingPid=9018
09-28 14:42:51.515  1787  1920 D ActivityManager: getProcessesInErrorState callingUid=10044, CallingPid=9018
09-28 14:42:51.868  1787  2014 V OplusNPMS: getWarningNotification numWarningNotificaion10
09-28 14:42:51.868  1787  2014 V OplusNPMS: getWarningNotification numWarningNotificaion10
09-28 14:42:51.868  1787  2014 V OplusNPMS: getLimitNotificationState subID=2
09-28 14:42:51.868  1787  2014 V OplusNPMS: getLimitNotificationState mSubidToIccId != null
09-28 14:42:52.014  1787  1920 D ActivityManager: getProcessesInErrorState callingUid=10044, CallingPid=9018
09-28 14:42:52.182  1787  2733 V ActivityManager: Has totaly same connectionRecord, just reuse it!
09-28 14:42:52.514  1787  1920 D ActivityManager: getProcessesInErrorState callingUid=10044, CallingPid=9018
09-28 14:42:52.857  1787  1920 V ActivityManager: Death received in com.android.server.am.ActivityManagerService$AppDeathRecipient@bfd4d4f for thread android.os.BinderProxy@2822cdc
09-28 14:42:52.857  1787  1920 I ActivityManager: Process com.oplus.wirelesssettings:tzupdate (pid 11600) has died: cch+15 CEM 
09-28 14:42:52.857  1787  1920 W ContextImpl: Calling a method in the system process without a qualified user: android.app.ContextImpl.sendBroadcast:1177 com.android.server.am.OplusExtraActivityManagerService.setKeyLockModeNormal:51 com.android.server.am.ActivityManagerServiceExtImpl.setKeyLockModeNormal:841 com.android.server.am.ActivityManagerService.appDiedLocked:3426 com.android.server.am.ActivityManagerService$AppDeathRecipient.binderDied:1536 
09-28 14:42:53.014  1787  1920 D ActivityManager: getProcessesInErrorState callingUid=10044, CallingPid=9018
09-28 14:42:53.076  1787  1920 V ActivityManager: Has totaly same connectionRecord, just reuse it!
09-28 14:42:53.078  1787  1920 D CompatibilityChangeReporter: Compat change id reported: 177438394; UID 10201; state: DISABLED
09-28 14:42:53.078  1787  1920 D CompatibilityChangeReporter: Compat change id reported: 135772972; UID 10201; state: DISABLED
09-28 14:42:53.078  1787  1920 D CompatibilityChangeReporter: Compat change id reported: 135754954; UID 10201; state: ENABLED
09-28 14:42:53.079  1787  1829 D CompatibilityChangeReporter: Compat change id reported: 143937733; UID 10201; state: ENABLED
09-28 14:42:53.097  1787  1829 I ActivityManager: Start proc 12213:com.google.android.apps.tachyon/u0a201 for service {com.google.android.apps.tachyon/com.google.android.apps.tachyon.clientapi.ClientApiService}
09-28 14:42:53.132  1787  1920 V ActivityManager: New death recipient com.android.server.am.ActivityManagerService$AppDeathRecipient@9be5347 for thread android.os.BinderProxy@3534774
09-28 14:42:53.514  1787  1920 D ActivityManager: getProcessesInErrorState callingUid=10044, CallingPid=9018
09-28 14:42:53.935  1787  1920 W PackageManager: package unknown uid 10201 pid 12213 call SetEnabledSetting(com.google.android.apps.tachyon component = com.google.android.libraries.communications.conference.ui.intents.ConferenceGatewayActivity, 1, 0x1, 0)
09-28 14:42:53.939  1787  1920 W PackageManager: package unknown uid 10201 pid 12213 call SetEnabledSetting(com.google.android.apps.tachyon component = com.google.android.libraries.communications.conference.ui.intents.ConferenceUrlHandlerActivity, 1, 0x1, 0)
09-28 14:42:53.942  1787  1920 W PackageManager: package unknown uid 10201 pid 12213 call SetEnabledSetting(com.google.android.apps.tachyon component = com.google.android.libraries.communications.conference.ui.intents.AssistantNewUrlHandlerActivity, 1, 0x1, 0)
09-28 14:42:53.967  1787  2052 W DevicePolicyManager: Unknown user type: UserInfo{999:MultiApp:4001010}
09-28 14:42:53.967  1787  2052 W DevicePolicyManager: Unknown user type: UserInfo{999:MultiApp:4001010}
09-28 14:42:53.967  1787  2052 W DevicePolicyManager: Unknown user type: UserInfo{999:MultiApp:4001010}
09-28 14:42:53.967  1787  2052 W DevicePolicyManager: Unknown user type: UserInfo{999:MultiApp:4001010}
09-28 14:42:54.014  1787  1920 D ActivityManager: getProcessesInErrorState callingUid=10044, CallingPid=9018
09-28 14:42:54.514  1787  1920 D ActivityManager: getProcessesInErrorState callingUid=10044, CallingPid=9018
09-28 14:42:55.014  1787  1920 D ActivityManager: getProcessesInErrorState callingUid=10044, CallingPid=9018
09-28 14:42:55.515  1787  1920 D ActivityManager: getProcessesInErrorState callingUid=10044, CallingPid=9018
09-28 14:42:56.014  1787  1920 D ActivityManager: getProcessesInErrorState callingUid=10044, CallingPid=9018
09-28 14:42:56.311  1787  1952 D NetworkDiagnostics: unbind service
09-28 14:42:56.514  1787  1920 D ActivityManager: getProcessesInErrorState callingUid=10044, CallingPid=9018
09-28 14:42:56.859  1787  2015 D CompatibilityChangeReporter: Compat change id reported: 171306433; UID 10305; state: ENABLED
09-28 14:42:57.015  1787  1920 D ActivityManager: getProcessesInErrorState callingUid=10044, CallingPid=9018
09-28 14:42:57.514  1787  1920 D ActivityManager: getProcessesInErrorState callingUid=10044, CallingPid=9018
09-28 14:42:58.007  1787  2050 D NsdService: mdnssd [stop-service]
09-28 14:42:58.019  1787  1920 D ActivityManager: getProcessesInErrorState callingUid=10044, CallingPid=9018
09-28 14:42:58.514  1787  1920 D ActivityManager: getProcessesInErrorState callingUid=10044, CallingPid=9018
09-28 14:42:58.728  1787  1828 D CompatibilityChangeReporter: Compat change id reported: 135634846; UID 1000; state: DISABLED
09-28 14:42:58.729  1787  1828 D CompatibilityChangeReporter: Compat change id reported: 177438394; UID 1000; state: DISABLED
09-28 14:42:58.729  1787  1828 D CompatibilityChangeReporter: Compat change id reported: 135772972; UID 1000; state: DISABLED
09-28 14:42:58.730  1787  1828 D CompatibilityChangeReporter: Compat change id reported: 135754954; UID 1000; state: ENABLED
09-28 14:42:58.753  1787  1829 I ActivityManager: Start proc 12340:com.oplus.securitypermission/1000 for service {com.oplus.securitypermission/com.oplusos.lockscreenintercept.LockScreenInterceptService}
09-28 14:42:58.808  1787  1920 V ActivityManager: New death recipient com.android.server.am.ActivityManagerService$AppDeathRecipient@d85d919 for thread android.os.BinderProxy@c793dde
09-28 14:42:58.816  1787  1920 D CompatibilityChangeReporter: Compat change id reported: 168419799; UID 1000; state: DISABLED
09-28 14:42:58.882 12340 12340 W ContextImpl: Calling a method in the system process without a qualified user: android.app.ContextImpl.startService:1820 android.content.ContextWrapper.startService:784 com.oplusos.securitypermission.PermissionApplication.b:70 com.oplusos.securitypermission.PermissionApplication.onCreate:47 android.app.Instrumentation.callApplicationOnCreate:1225 
09-28 14:42:58.884 12340 12340 W ContextImpl: Calling a method in the system process without a qualified user: android.app.ContextImpl.startService:1820 android.content.ContextWrapper.startService:784 com.oplusos.securitypermission.PermissionApplication.b:71 com.oplusos.securitypermission.PermissionApplication.onCreate:47 android.app.Instrumentation.callApplicationOnCreate:1225 
09-28 14:42:58.885 12340 12340 W ContextImpl: Calling a method in the system process without a qualified user: android.app.ContextImpl.startService:1820 android.content.ContextWrapper.startService:784 com.oplusos.securitypermission.PermissionApplication.c:76 com.oplusos.securitypermission.PermissionApplication.onCreate:48 android.app.Instrumentation.callApplicationOnCreate:1225 
09-28 14:42:58.887 12340 12340 W ContextImpl: Calling a method in the system process without a qualified user: android.app.ContextImpl.startService:1820 android.content.ContextWrapper.startService:784 com.oplusos.securitypermission.PermissionApplication.a:65 com.oplusos.securitypermission.PermissionApplication.onCreate:49 android.app.Instrumentation.callApplicationOnCreate:1225 
09-28 14:42:58.892 12340 12340 W ContextImpl: Calling a method in the system process without a qualified user: android.app.ContextImpl.bindService:1905 android.content.ContextWrapper.bindService:820 com.oplusos.floatwindow.sysfloatwindow.cache.b.a:76 com.oplusos.securitypermission.PermissionApplication.onCreate:53 android.app.Instrumentation.callApplicationOnCreate:1225 
09-28 14:42:58.935 12340 12340 I InterceptLockScreen.Service: onCreate: LockScreenInterceptService is starting...
09-28 14:42:58.945 12340 12340 D InterceptLockScreen.Service: registerMultiUserReceiver: success 
09-28 14:42:58.964  1787  4174 I OplusAppSwitchManagerService: appswitch registerAppSwitchObserver pName = com@@oplus@@securitypermission observer = com.oplus.app.IOplusAppSwitchObserver$Stub$Proxy@bda1849 config = OplusAppSwitchConfig = {  mConfigs = {2=null} observerFingerPrint = 163070426}
09-28 14:42:58.964  1787  4174 I OplusAppSwitchStateDispatcher: registerAppSwitchObserver addDynamicListener OK, info = OplusAppSwitchRuleInfo = {  observer = com.oplus.app.IOplusAppSwitchObserver$Stub$Proxy@bda1849 observerFingerPrint = 163070426} rule size =0
09-28 14:42:58.972  1787  2733 D CompatibilityChangeReporter: Compat change id reported: 157233955; UID 1000; state: ENABLED
09-28 14:42:58.980 12340 12340 W ContextImpl: Calling a method in the system process without a qualified user: android.app.ContextImpl.startService:1820 android.content.ContextWrapper.startService:784 com.oplusos.securitypermission.permission.dialog.PermissionDialogService.c:1769 com.oplusos.securitypermission.permission.dialog.PermissionDialogService.onCreate:437 android.app.ActivityThread.handleCreateService:4685 
09-28 14:42:58.983 12340 12340 W ContextImpl: Calling a method in the system process without a qualified user: android.app.ContextImpl.startService:1820 android.content.ContextWrapper.startService:784 com.oplusos.securitypermission.permission.dialog.PermissionDialogService.c:1771 com.oplusos.securitypermission.permission.dialog.PermissionDialogService.onCreate:437 android.app.ActivityThread.handleCreateService:4685 
09-28 14:42:59.015  1787  1920 D ActivityManager: getProcessesInErrorState callingUid=10044, CallingPid=9018
09-28 14:42:59.514  1787  1920 D ActivityManager: getProcessesInErrorState callingUid=10044, CallingPid=9018
09-28 14:43:00.014  1787  1920 D ActivityManager: getProcessesInErrorState callingUid=10044, CallingPid=9018
09-28 14:43:00.515  1787  1920 D ActivityManager: getProcessesInErrorState callingUid=10044, CallingPid=9018
09-28 14:43:01.014  1787  1920 D ActivityManager: getProcessesInErrorState callingUid=10044, CallingPid=9018
09-28 14:43:01.515  1787  1920 D ActivityManager: getProcessesInErrorState callingUid=10044, CallingPid=9018
09-28 14:43:02.014  1787  1920 D ActivityManager: getProcessesInErrorState callingUid=10044, CallingPid=9018
09-28 14:43:02.176  1787  1920 D MinimumBrightnessDelegate: isWifiConnected = true
09-28 14:43:02.178  1787  1920 D MinimumBrightnessDelegate: isWifiConnected = true
09-28 14:43:02.514  1787  1920 D ActivityManager: getProcessesInErrorState callingUid=10044, CallingPid=9018
09-28 14:43:03.014  1787  1920 D ActivityManager: getProcessesInErrorState callingUid=10044, CallingPid=9018
09-28 14:43:03.514  1787  1920 D ActivityManager: getProcessesInErrorState callingUid=10044, CallingPid=9018
09-28 14:43:04.017  1787  1920 D ActivityManager: getProcessesInErrorState callingUid=10044, CallingPid=9018
09-28 14:43:04.494  1787  2733 I ActivityManager: Killing 24150:com.google.android.apps.docs/u0a212 (adj 999): empty for 1800s
09-28 14:43:04.513  1787  1920 D ActivityManager: getProcessesInErrorState callingUid=10044, CallingPid=9018
09-28 14:43:04.560  1787  4169 V ActivityManager: Death received in com.android.server.am.ActivityManagerService$AppDeathRecipient@f065553 for thread android.os.BinderProxy@4e3ce90
09-28 14:43:05.014  1787  1920 D ActivityManager: getProcessesInErrorState callingUid=10044, CallingPid=9018
09-28 14:43:05.514  1787  1920 D ActivityManager: getProcessesInErrorState callingUid=10044, CallingPid=9018
09-28 14:43:06.014  1787  1920 D ActivityManager: getProcessesInErrorState callingUid=10044, CallingPid=9018
09-28 14:43:06.515  1787  1920 D ActivityManager: getProcessesInErrorState callingUid=10044, CallingPid=9018
09-28 14:43:07.014  1787  1920 D ActivityManager: getProcessesInErrorState callingUid=10044, CallingPid=9018
09-28 14:43:07.515  1787  1920 D ActivityManager: getProcessesInErrorState callingUid=10044, CallingPid=9018
09-28 14:43:08.015  1787  1920 D ActivityManager: getProcessesInErrorState callingUid=10044, CallingPid=9018
09-28 14:43:08.515  1787  1920 D ActivityManager: getProcessesInErrorState callingUid=10044, CallingPid=9018
09-28 14:43:09.014  1787  1920 D ActivityManager: getProcessesInErrorState callingUid=10044, CallingPid=9018
09-28 14:43:09.514  1787  1920 D ActivityManager: getProcessesInErrorState callingUid=10044, CallingPid=9018
09-28 14:43:09.821  1787  4175 D OplusPowerManagerHelper: [isFaceAutoUnlockEnabled]
09-28 14:43:09.821  1787  4175 D OplusPowerManagerHelper: [onWakeUp]
09-28 14:43:09.822  1787  4175 D Biometrics/Face/OplusFaceServiceProvider: onWakeUp wakeupReason = oplus.wakeup.gesture:LIFT_HAND
09-28 14:43:09.822  1787  4175 D OplusPowerManagerHelper: [requestKeyguard]
09-28 14:43:09.822  1787  2086 D Biometrics/Face/OplusFaceServiceProvider: startWakeUp
09-28 14:43:09.823  1787  4175 I PowerManagerService: Powering on display group fromDozing (groupId=0, uid=10132, reason=WAKE_REASON_UNKNOWN, details=oplus.wakeup.gesture:LIFT_HAND)...
09-28 14:43:09.823  1787  4175 I PowerManagerService: Waking up from Dozing (uid=10132, reason=WAKE_REASON_UNKNOWN, details=oplus.wakeup.gesture:LIFT_HAND)...
09-28 14:43:09.826  1787  2733 E OplusCustomizeRestrictionManagerService: isBiometricDisabled start
09-28 14:43:09.827  1787  4175 D OplusVFXScreenEffectFeature: notifySFUpdateVFXEffectState state VFX_SCREEN_POWER_ON NeedNotify true
09-28 14:43:09.831  1787  2733 E OplusCustomizeRestrictionManagerService: isBiometricDisabled start
09-28 14:43:09.832  1787  2733 W DevicePolicyManager: Unknown user type: UserInfo{999:MultiApp:4001010}
09-28 14:43:09.835  2243  2377 D FaceManager: FaceManager#cancelAuthentication
09-28 14:43:09.836  1787  1920 E OplusCustomizeRestrictionManagerService: isBiometricDisabled start
09-28 14:43:09.840  2243  2377 D FaceManager: FaceManager#authenticate
09-28 14:43:09.840  1787  2086 E UaBiometricScheduler/FaceProvider/default/4: Unable to cancel authentication, null operation
09-28 14:43:09.840  1787  1849 W ContextImpl: Calling a method in the system process without a qualified user: android.app.ContextImpl.sendBroadcast:1177 com.android.server.am.OplusAppStartupConfig.handleCountRestrictedList:955 com.android.server.am.OplusAppStartupManager.updateScreenStatus:5071 com.android.server.OplusSysStateManager$LocalService.onWakefulnessChanged:412 com.android.server.power.NotifierExtImpl.onWakefulnessChanged:128 
09-28 14:43:09.840  1787  4175 E OplusCustomizeRestrictionManagerService: isBiometricDisabled start
09-28 14:43:09.843  1787  4171 E OplusCustomizeRestrictionManagerService: isBiometricDisabled start
09-28 14:43:09.843  1787  2086 D UaBiometricScheduler/FaceProvider/default/4: [Added] {[482] FaceAuthenticationClient, proto=3, owner=com.android.systemui, cookie=0, userId=0}, new queue size: 1
09-28 14:43:09.844  1787  2086 D UaBiometricScheduler/FaceProvider/default/4: [Polled] {[482] FaceAuthenticationClient, proto=3, owner=com.android.systemui, cookie=0, userId=0}, State: 0
09-28 14:43:09.844  1787  2086 D UaBiometricScheduler/FaceProvider/default/4: [Starting] {[482] FaceAuthenticationClient, proto=3, owner=com.android.systemui, cookie=0, userId=0}, State: 0
09-28 14:43:09.844  1787  2086 D UaBiometricScheduler/FaceProvider/default/4: [Started] {[482] FaceAuthenticationClient, proto=3, owner=com.android.systemui, cookie=0, userId=0}
09-28 14:43:09.844  1787  2086 D BiometricCoexCoordinator: addAuthenticationClient(Face), client: {[482] FaceAuthenticationClient, proto=3, owner=com.android.systemui, cookie=0, userId=0}
09-28 14:43:09.844  1787  2086 D Biometrics/AuthenticationClient: Requesting auth for com.android.systemui
09-28 14:43:09.844  1787  2086 D Biometrics/Face/OplusFaceServiceProvider: blockScreenOn by face
09-28 14:43:09.844  1787  2086 E Biometrics/Face/HealthMonitor: demo process is restarting, startApiName = blockScreenOn, session = 017648625
09-28 14:43:09.844  1787  2086 D OplusPowerManagerHelper: wakeUpAndBlockScreenOn reason= oplus.wakeup.gesture:LIFT_HAND
09-28 14:43:09.844  1787  2086 E OplusDisplayPowerControllerFeature: execuce mBlockReasonList.add
09-28 14:43:09.844  1787  1849 D NotifierExtImpl: notifyScreenOnOff: on = true
09-28 14:43:09.848  1787  4171 E OplusCustomizeRestrictionManagerService: isBiometricDisabled start
09-28 14:43:09.848  1787  4171 W DevicePolicyManager: Unknown user type: UserInfo{999:MultiApp:4001010}
09-28 14:43:09.849  1787  1920 E OplusCustomizeRestrictionManagerService: isBiometricDisabled start
09-28 14:43:09.850  1787  1920 E OplusCustomizeRestrictionManagerService: isBiometricDisabled start
09-28 14:43:09.850  1787  1920 W DevicePolicyManager: Unknown user type: UserInfo{999:MultiApp:4001010}
09-28 14:43:09.853  1787  1848 D OplusDisplayPowerControllerFeature: RECORD: Animation finished when screen is off
09-28 14:43:09.853  1787  1848 D OplusDisplayPowerControllerFeature: [onGoToSleepFinish]
09-28 14:43:09.853  1787  4174 E OplusCustomizeRestrictionManagerService: isBiometricDisabled start
09-28 14:43:09.854  1787  1848 D DisplayPowerController[0]: unblack screen set ColorFadeOffAnimator
09-28 14:43:09.854  1787  1848 D VRR [OPlusRefreshRateService]: screenStateChange state: 2
09-28 14:43:09.855  1787  1853 D VRR [OPlusRefreshRateService]: handleScreenStateChange state: 2
09-28 14:43:09.855  1787  4174 E OplusCustomizeRestrictionManagerService: isBiometricDisabled start
09-28 14:43:09.856  1787  4438 W DevicePolicyManager: Unknown user type: UserInfo{999:MultiApp:4001010}
09-28 14:43:09.857  1787  1848 D DisplayPowerState: setScreenState: state=2
09-28 14:43:09.857  1787  1848 D BackLightStat: setScreenState: state changed:OFF->ON
09-28 14:43:09.857  1787  1848 I DisplayPowerController[0]: Blocking screen on until initial contents have been drawn.
09-28 14:43:09.858  1787  4438 E OplusCustomizeRestrictionManagerService: isBiometricDisabled start
09-28 14:43:09.858  1787  1848 D ColorAutomaticBrightnessController: setLightSensorEnabled: enable=true, mLightSensorEnabled=false
09-28 14:43:09.858  1787  1848 I ColorAutomaticBrightnessController: updateAutoBrightness: Auto
09-28 14:43:09.858  1787  1848 I ColorAutomaticBrightnessController: , sendUpdate = false, adjustment = 2007.0, AIBrightness = 7624, adjustManualBright = 7624
09-28 14:43:09.859  1787  1848 D OplusDisplayPowerControllerExtImpl: original brightness to dataBase:7624 final brightness:7624.0 scale:1.0 reason:4 darkLevel:0
09-28 14:43:09.859  1787  1848 V DisplayPowerController[0]: Brightness [7624.0] reason changing to: 'automatic [ auto_adj ]', previous reason: 'screen_off'.
09-28 14:43:09.859  1787  1848 D VRR [OPlusRefreshRateService]: notifyBrightnessChange brightness: 7624.0
09-28 14:43:09.859  1787  1848 D VRR [OPlusRefreshRateService]: notifyNitsChange nits: 416.48877 discrete nits: 2.8364327
09-28 14:43:09.859  1787  1853 D VRR [OPlusRefreshRateService]: handleBrightnessChange nits: 416.48877
09-28 14:43:09.859  1787  1848 D OplusDisplayPowerControllerExtImpl: original brightness to dataBase:7624 final brightness:7624.0 scale:1.0 reason:4 darkLevel:0
09-28 14:43:09.859  1787  1848 V DisplayPowerController[0]: Brightness [7624.0] reason changing to: 'automatic [ auto_adj ]', previous reason: 'automatic'.
09-28 14:43:09.859  1787  1848 D VRR [OPlusRefreshRateService]: notifyBrightnessChange brightness: 7624.0
09-28 14:43:09.859  1787  1848 D OplusBrightUtils: Skip to send 0 to kernel while display state on, reset to oriBrightnessState -1.0
09-28 14:43:09.859  1787  4438 E OplusCustomizeRestrictionManagerService: isBiometricDisabled start
09-28 14:43:09.860  1787  4438 W DevicePolicyManager: Unknown user type: UserInfo{999:MultiApp:4001010}
09-28 14:43:09.860  1787  1815 I DisplayDeviceRepository: Display device changed state: "Built-in Screen", ON
09-28 14:43:09.861  1787 12398 D OplusFeatureReduceBrightness: registerByNewImpl
09-28 14:43:09.862  1787  4174 E OplusCustomizeRestrictionManagerService: isBiometricDisabled start
09-28 14:43:09.862  1787 12399 W ContextImpl: Calling a method in the system process without a qualified user: android.app.ContextImpl.sendBroadcast:1192 com.android.server.policy.PhoneWindowManagerExtImpl$9.run:1910 java.lang.Thread.run:1012 <bottom of call stack> <bottom of call stack> 
09-28 14:43:09.863  1787  4174 E OplusCustomizeRestrictionManagerService: isBiometricDisabled start
09-28 14:43:09.863  1787  4174 W DevicePolicyManager: Unknown user type: UserInfo{999:MultiApp:4001010}
09-28 14:43:09.864  1787  1815 D DisplayManagerService: Delivering display event: displayId=0, event=2
09-28 14:43:09.865  1787  1952 D OplusDisplayStateMonitor: screenState: STATE_ON  last screenState: STATE_OFF
09-28 14:43:09.865  1787  1952 D OplusDisplayStateMonitor: Display doze summary : 0 / 21068 ratio:0.0
09-28 14:43:09.865  1787  4438 E OplusCustomizeRestrictionManagerService: isBiometricDisabled start
09-28 14:43:09.865  1787  1834 D CompatibilityChangeReporter: Compat change id reported: 168419799; UID 10197; state: DISABLED
09-28 14:43:09.866  1787  4174 E OplusCustomizeRestrictionManagerService: isBiometricDisabled start
09-28 14:43:09.866  1787  4174 W DevicePolicyManager: Unknown user type: UserInfo{999:MultiApp:4001010}
09-28 14:43:09.868  1787  2391 E OplusCustomizeRestrictionManagerService: isBiometricDisabled start
09-28 14:43:09.869  1787  1920 E OplusCustomizeRestrictionManagerService: isBiometricDisabled start
09-28 14:43:09.870  1787  4441 E OplusCustomizeRestrictionManagerService: isBiometricDisabled start
