09-28 14:38:51.856  1787  1920 D ActivityManager: getProcessesInErrorState callingUid=10044, CallingPid=9018
09-28 14:38:51.857  1787  1920 D ActivityManager: getProcessesInErrorState callingUid=10044, CallingPid=9018
09-28 14:38:51.857  1787  1920 D ActivityManager: getProcessesInErrorState callingUid=10044, CallingPid=9018
09-28 14:38:51.857  1787  1920 D ActivityManager: getProcessesInErrorState callingUid=10044, CallingPid=9018
09-28 14:38:51.858  1787  1920 D ActivityManager: getProcessesInErrorState callingUid=10044, CallingPid=9018
09-28 14:38:51.858  1787  1920 D ActivityManager: getProcessesInErrorState callingUid=10044, CallingPid=9018
09-28 14:38:51.858  1787  1920 D ActivityManager: getProcessesInErrorState callingUid=10044, CallingPid=9018
09-28 14:38:51.859  1787  1920 D ActivityManager: getProcessesInErrorState callingUid=10044, CallingPid=9018
09-28 14:38:51.859  1787  1920 D ActivityManager: getProcessesInErrorState callingUid=10044, CallingPid=9018
09-28 14:38:51.860  1787  1920 D ActivityManager: getProcessesInErrorState callingUid=10044, CallingPid=9018
09-28 14:38:51.860  1787  1920 D ActivityManager: getProcessesInErrorState callingUid=10044, CallingPid=9018
09-28 14:38:51.861  1787  1920 D ActivityManager: getProcessesInErrorState callingUid=10044, CallingPid=9018
09-28 14:38:52.014  1787  1920 D ActivityManager: getProcessesInErrorState callingUid=10044, CallingPid=9018
09-28 14:38:52.514  1787  1920 D ActivityManager: getProcessesInErrorState callingUid=10044, CallingPid=9018
09-28 14:38:53.014  1787  1920 D ActivityManager: getProcessesInErrorState callingUid=10044, CallingPid=9018
09-28 14:38:53.514  1787  1920 D ActivityManager: getProcessesInErrorState callingUid=10044, CallingPid=9018
09-28 14:38:54.015  1787  1920 D ActivityManager: getProcessesInErrorState callingUid=10044, CallingPid=9018
09-28 14:38:54.514  1787  1920 D ActivityManager: getProcessesInErrorState callingUid=10044, CallingPid=9018
09-28 14:38:55.014  1787  1920 D ActivityManager: getProcessesInErrorState callingUid=10044, CallingPid=9018
09-28 14:38:55.514  1787  1920 D ActivityManager: getProcessesInErrorState callingUid=10044, CallingPid=9018
09-28 14:38:56.014  1787  1920 D ActivityManager: getProcessesInErrorState callingUid=10044, CallingPid=9018
09-28 14:38:56.514  1787  1920 D ActivityManager: getProcessesInErrorState callingUid=10044, CallingPid=9018
09-28 14:38:57.014  1787  1920 D ActivityManager: getProcessesInErrorState callingUid=10044, CallingPid=9018
09-28 14:38:57.515  1787  1920 D ActivityManager: getProcessesInErrorState callingUid=10044, CallingPid=9018
09-28 14:38:58.014  1787  1920 D ActivityManager: getProcessesInErrorState callingUid=10044, CallingPid=9018
09-28 14:38:58.515  1787  1920 D ActivityManager: getProcessesInErrorState callingUid=10044, CallingPid=9018
09-28 14:38:59.014  1787  1920 D ActivityManager: getProcessesInErrorState callingUid=10044, CallingPid=9018
09-28 14:38:59.514  1787  1920 D ActivityManager: getProcessesInErrorState callingUid=10044, CallingPid=9018
09-28 14:39:00.014  1787  1920 D ActivityManager: getProcessesInErrorState callingUid=10044, CallingPid=9018
09-28 14:39:00.514  1787  1920 D ActivityManager: getProcessesInErrorState callingUid=10044, CallingPid=9018
09-28 14:39:01.014  1787  1920 D ActivityManager: getProcessesInErrorState callingUid=10044, CallingPid=9018
09-28 14:39:01.514  1787  1920 D ActivityManager: getProcessesInErrorState callingUid=10044, CallingPid=9018
09-28 14:39:11.315  1787  1920 D ActivityManager: getProcessesInErrorState callingUid=10044, CallingPid=9018
09-28 14:39:11.317  1787  1920 D ActivityManager: getProcessesInErrorState callingUid=10044, CallingPid=9018
09-28 14:39:11.319  1787  1920 D ActivityManager: getProcessesInErrorState callingUid=10044, CallingPid=9018
09-28 14:39:11.321  1787  1920 D ActivityManager: getProcessesInErrorState callingUid=10044, CallingPid=9018
09-28 14:39:11.321  1787  3382 D OplusProxyWakeLock: remove uid: 10044 wiht all pids from wakelockUidInfo list
09-28 14:39:11.321  1787  1920 D ActivityManager: getProcessesInErrorState callingUid=10044, CallingPid=9018
09-28 14:39:11.322  1787  1920 D ActivityManager: getProcessesInErrorState callingUid=10044, CallingPid=9018
09-28 14:39:11.323  1787  1920 D ActivityManager: getProcessesInErrorState callingUid=10044, CallingPid=9018
09-28 14:39:11.323  1787  1920 D ActivityManager: getProcessesInErrorState callingUid=10044, CallingPid=9018
09-28 14:39:11.324  1787  1920 D ActivityManager: getProcessesInErrorState callingUid=10044, CallingPid=9018
09-28 14:39:11.324  1787  1920 D ActivityManager: getProcessesInErrorState callingUid=10044, CallingPid=9018
09-28 14:39:11.324  1787  1920 D ActivityManager: getProcessesInErrorState callingUid=10044, CallingPid=9018
09-28 14:39:11.325  1787  1920 D ActivityManager: getProcessesInErrorState callingUid=10044, CallingPid=9018
09-28 14:39:11.325  1787  1920 D ActivityManager: getProcessesInErrorState callingUid=10044, CallingPid=9018
09-28 14:39:11.326  1787  1920 D ActivityManager: getProcessesInErrorState callingUid=10044, CallingPid=9018
09-28 14:39:11.326  1787  1920 D ActivityManager: getProcessesInErrorState callingUid=10044, CallingPid=9018
09-28 14:39:11.327  1787  1920 D ActivityManager: getProcessesInErrorState callingUid=10044, CallingPid=9018
09-28 14:39:11.328  1787  1920 D ActivityManager: getProcessesInErrorState callingUid=10044, CallingPid=9018
09-28 14:39:11.328  1787  1920 D ActivityManager: getProcessesInErrorState callingUid=10044, CallingPid=9018
09-28 14:39:11.329  1787  1920 D ActivityManager: getProcessesInErrorState callingUid=10044, CallingPid=9018
09-28 14:39:11.514  1787  1920 D ActivityManager: getProcessesInErrorState callingUid=10044, CallingPid=9018
09-28 14:39:12.014  1787  1920 D ActivityManager: getProcessesInErrorState callingUid=10044, CallingPid=9018
09-28 14:39:27.891  1787  1920 D ActivityManager: getProcessesInErrorState callingUid=10044, CallingPid=9018
09-28 14:39:27.892  1787  3382 D OplusProxyWakeLock: remove uid: 10044 wiht all pids from wakelockUidInfo list
09-28 14:39:27.892  1787  3382 D OplusProxyWakeLock: remove uid: 10244 wiht all pids from wakelockUidInfo list
09-28 14:39:27.895  1787  1920 D ActivityManager: getProcessesInErrorState callingUid=10044, CallingPid=9018
09-28 14:39:27.896  1787  1920 D ActivityManager: getProcessesInErrorState callingUid=10044, CallingPid=9018
09-28 14:39:27.899  1787  1920 D ActivityManager: getProcessesInErrorState callingUid=10044, CallingPid=9018
09-28 14:39:27.900  1787  1920 D ActivityManager: getProcessesInErrorState callingUid=10044, CallingPid=9018
09-28 14:39:27.901  1787  1920 D ActivityManager: getProcessesInErrorState callingUid=10044, CallingPid=9018
09-28 14:39:27.903  1787  1920 D ActivityManager: getProcessesInErrorState callingUid=10044, CallingPid=9018
09-28 14:39:27.904  1787  1920 D ActivityManager: getProcessesInErrorState callingUid=10044, CallingPid=9018
09-28 14:39:27.906  1787  1920 D ActivityManager: getProcessesInErrorState callingUid=10044, CallingPid=9018
09-28 14:39:27.908  1787  1920 D ActivityManager: getProcessesInErrorState callingUid=10044, CallingPid=9018
09-28 14:39:27.911  1787  1920 D ActivityManager: getProcessesInErrorState callingUid=10044, CallingPid=9018
09-28 14:39:27.912  1787  1920 D ActivityManager: getProcessesInErrorState callingUid=10044, CallingPid=9018
09-28 14:39:27.914  1787  3382 D OplusProxyWakeLock: remove uid: 10300 wiht all pids from wakelockUidInfo list
09-28 14:39:27.915  1787  3382 D OplusProxyWakeLock: remove uid: 10725 wiht all pids from wakelockUidInfo list
09-28 14:39:27.915  1787  1920 D ActivityManager: getProcessesInErrorState callingUid=10044, CallingPid=9018
09-28 14:39:27.919  1787  1920 D ActivityManager: getProcessesInErrorState callingUid=10044, CallingPid=9018
09-28 14:39:27.919  1787  1920 D ActivityManager: getProcessesInErrorState callingUid=10044, CallingPid=9018
09-28 14:39:27.919  1787  1920 D ActivityManager: getProcessesInErrorState callingUid=10044, CallingPid=9018
09-28 14:39:27.921  1787  1920 D ActivityManager: getProcessesInErrorState callingUid=10044, CallingPid=9018
09-28 14:39:27.925  1787  1920 D ActivityManager: getProcessesInErrorState callingUid=10044, CallingPid=9018
09-28 14:39:27.926  1787  1920 D ActivityManager: getProcessesInErrorState callingUid=10044, CallingPid=9018
09-28 14:39:27.927  1787  1920 D ActivityManager: getProcessesInErrorState callingUid=10044, CallingPid=9018
09-28 14:39:27.928  1787  1920 D ActivityManager: getProcessesInErrorState callingUid=10044, CallingPid=9018
09-28 14:39:27.928  1787  1920 D ActivityManager: getProcessesInErrorState callingUid=10044, CallingPid=9018
09-28 14:39:27.928  1787  1920 D ActivityManager: getProcessesInErrorState callingUid=10044, CallingPid=9018
09-28 14:39:27.929  1787  1920 D ActivityManager: getProcessesInErrorState callingUid=10044, CallingPid=9018
09-28 14:39:27.930  1787  1920 D ActivityManager: getProcessesInErrorState callingUid=10044, CallingPid=9018
09-28 14:39:27.931  1787  1920 D ActivityManager: getProcessesInErrorState callingUid=10044, CallingPid=9018
09-28 14:39:27.933  1787  1920 D ActivityManager: getProcessesInErrorState callingUid=10044, CallingPid=9018
09-28 14:39:27.933  1787  1920 D ActivityManager: getProcessesInErrorState callingUid=10044, CallingPid=9018
09-28 14:39:27.933  1787  1920 D ActivityManager: getProcessesInErrorState callingUid=10044, CallingPid=9018
09-28 14:39:27.934  1787  1920 D ActivityManager: getProcessesInErrorState callingUid=10044, CallingPid=9018
09-28 14:39:27.935  1787  1920 D ActivityManager: getProcessesInErrorState callingUid=10044, CallingPid=9018
09-28 14:39:28.014  1787  1920 D ActivityManager: getProcessesInErrorState callingUid=10044, CallingPid=9018
09-28 14:39:28.514  1787  1920 D ActivityManager: getProcessesInErrorState callingUid=10044, CallingPid=9018
09-28 14:39:29.014  1787  1920 D ActivityManager: getProcessesInErrorState callingUid=10044, CallingPid=9018
09-28 14:39:29.514  1787  1920 D ActivityManager: getProcessesInErrorState callingUid=10044, CallingPid=9018
09-28 14:39:30.014  1787  1920 D ActivityManager: getProcessesInErrorState callingUid=10044, CallingPid=9018
09-28 14:39:30.514  1787  1920 D ActivityManager: getProcessesInErrorState callingUid=10044, CallingPid=9018
09-28 14:39:31.014  1787  1920 D ActivityManager: getProcessesInErrorState callingUid=10044, CallingPid=9018
09-28 14:39:31.514  1787  1920 D ActivityManager: getProcessesInErrorState callingUid=10044, CallingPid=9018
09-28 14:39:32.014  1787  1920 D ActivityManager: getProcessesInErrorState callingUid=10044, CallingPid=9018
09-28 14:39:32.514  1787  1920 D ActivityManager: getProcessesInErrorState callingUid=10044, CallingPid=9018
09-28 14:39:33.014  1787  1920 D ActivityManager: getProcessesInErrorState callingUid=10044, CallingPid=9018
09-28 14:39:33.514  1787  1920 D ActivityManager: getProcessesInErrorState callingUid=10044, CallingPid=9018
09-28 14:39:34.014  1787  1920 D ActivityManager: getProcessesInErrorState callingUid=10044, CallingPid=9018
09-28 14:39:34.514  1787  1920 D ActivityManager: getProcessesInErrorState callingUid=10044, CallingPid=9018
09-28 14:39:35.014  1787  1920 D ActivityManager: getProcessesInErrorState callingUid=10044, CallingPid=9018
09-28 14:39:35.514  1787  1920 D ActivityManager: getProcessesInErrorState callingUid=10044, CallingPid=9018
09-28 14:39:36.015  1787  1920 D ActivityManager: getProcessesInErrorState callingUid=10044, CallingPid=9018
09-28 14:39:36.514  1787  1920 D ActivityManager: getProcessesInErrorState callingUid=10044, CallingPid=9018
09-28 14:39:37.015  1787  1920 D ActivityManager: getProcessesInErrorState callingUid=10044, CallingPid=9018
09-28 14:39:37.514  1787  1920 D ActivityManager: getProcessesInErrorState callingUid=10044, CallingPid=9018
09-28 14:39:39.947  1787  3382 D OplusProxyWakeLock: remove uid: 10044 wiht all pids from wakelockUidInfo list
09-28 14:39:39.947  1787  3382 D OplusProxyWakeLock: remove uid: 10244 wiht all pids from wakelockUidInfo list
09-28 14:39:39.948  1787  1920 D ActivityManager: getProcessesInErrorState callingUid=10044, CallingPid=9018
09-28 14:39:39.951  1787  1920 D ActivityManager: getProcessesInErrorState callingUid=10044, CallingPid=9018
09-28 14:39:39.952  1787  1920 D ActivityManager: getProcessesInErrorState callingUid=10044, CallingPid=9018
09-28 14:39:39.956  1787  1920 D ActivityManager: getProcessesInErrorState callingUid=10044, CallingPid=9018
09-28 14:39:39.958  1787  3382 D OplusProxyWakeLock: remove uid: 10300 wiht all pids from wakelockUidInfo list
09-28 14:39:39.962  1787  3382 D OplusProxyWakeLock: remove uid: 10725 wiht all pids from wakelockUidInfo list
09-28 14:39:40.013  1787  1920 D ActivityManager: getProcessesInErrorState callingUid=10044, CallingPid=9018
09-28 14:39:40.515  1787  1920 D ActivityManager: getProcessesInErrorState callingUid=10044, CallingPid=9018
09-28 14:39:41.014  1787  1920 D ActivityManager: getProcessesInErrorState callingUid=10044, CallingPid=9018
09-28 14:39:41.514  1787  1920 D ActivityManager: getProcessesInErrorState callingUid=10044, CallingPid=9018
09-28 14:39:42.014  1787  1920 D ActivityManager: getProcessesInErrorState callingUid=10044, CallingPid=9018
09-28 14:39:42.671  1787  4021 E OplusCustomizeRestrictionManagerService: isBiometricDisabled start
09-28 14:39:42.671  1787  2743 W DevicePolicyManager: Unknown user type: UserInfo{999:MultiApp:4001010}
09-28 14:39:42.672  1787  2743 E OplusCustomizeRestrictionManagerService: isBiometricDisabled start
09-28 14:39:42.676  1196  1196 E wificond: GetBandInfo: 0
09-28 14:39:42.676  1196  1196 E wificond: NetlinkUtils::GetWiphyInfo: 0
09-28 14:39:42.678  1196  1196 E wificond: NetlinkUtils::handleBandFreqAttributes: 2412
09-28 14:39:42.678  1196  1196 E wificond: NetlinkUtils::handleBandFreqAttributes: 2417
09-28 14:39:42.678  1196  1196 E wificond: NetlinkUtils::handleBandFreqAttributes: 2422
09-28 14:39:42.678  1196  1196 E wificond: NetlinkUtils::handleBandFreqAttributes: 2427
09-28 14:39:42.678  1196  1196 E wificond: NetlinkUtils::handleBandFreqAttributes: 2432
09-28 14:39:42.678  1196  1196 E wificond: NetlinkUtils::handleBandFreqAttributes: 2437
09-28 14:39:42.678  1196  1196 E wificond: NetlinkUtils::handleBandFreqAttributes: 2442
09-28 14:39:42.678  1196  1196 E wificond: NetlinkUtils::handleBandFreqAttributes: 2447
09-28 14:39:42.678  1196  1196 E wificond: NetlinkUtils::handleBandFreqAttributes: 2452
09-28 14:39:42.678  1196  1196 E wificond: NetlinkUtils::handleBandFreqAttributes: 2457
09-28 14:39:42.678  1196  1196 E wificond: NetlinkUtils::handleBandFreqAttributes: 2462
09-28 14:39:42.678  1196  1196 E wificond: NetlinkUtils::handleBandFreqAttributes: 2467
09-28 14:39:42.678  1196  1196 E wificond: NetlinkUtils::handleBandFreqAttributes: 2472
09-28 14:39:42.678  1196  1196 E wificond: NetlinkUtils::handleBandFreqAttributes: 5180
09-28 14:39:42.678  1196  1196 E wificond: NetlinkUtils::handleBandFreqAttributes: 5200
09-28 14:39:42.678  1196  1196 E wificond: NetlinkUtils::handleBandFreqAttributes: 5220
09-28 14:39:42.678  1196  1196 E wificond: NetlinkUtils::handleBandFreqAttributes: 5240
09-28 14:39:42.678  1196  1196 E wificond: NetlinkUtils::handleBandFreqAttributes: 5260
09-28 14:39:42.678  1196  1196 E wificond: NetlinkUtils::handleBandFreqAttributes: 5280
09-28 14:39:42.678  1196  1196 E wificond: NetlinkUtils::handleBandFreqAttributes: 5300
09-28 14:39:42.678  1196  1196 E wificond: NetlinkUtils::handleBandFreqAttributes: 5320
09-28 14:39:42.678  1196  1196 E wificond: NetlinkUtils::handleBandFreqAttributes: 5500
09-28 14:39:42.678  1196  1196 E wificond: NetlinkUtils::handleBandFreqAttributes: 5520
09-28 14:39:42.678  1196  1196 E wificond: NetlinkUtils::handleBandFreqAttributes: 5540
09-28 14:39:42.678  1196  1196 E wificond: NetlinkUtils::handleBandFreqAttributes: 5560
09-28 14:39:42.678  1196  1196 E wificond: NetlinkUtils::handleBandFreqAttributes: 5580
09-28 14:39:42.678  1196  1196 E wificond: NetlinkUtils::handleBandFreqAttributes: 5600
09-28 14:39:42.678  1196  1196 E wificond: NetlinkUtils::handleBandFreqAttributes: 5620
09-28 14:39:42.678  1196  1196 E wificond: NetlinkUtils::handleBandFreqAttributes: 5640
09-28 14:39:42.678  1196  1196 E wificond: NetlinkUtils::handleBandFreqAttributes: 5660
09-28 14:39:42.678  1196  1196 E wificond: NetlinkUtils::handleBandFreqAttributes: 5680
09-28 14:39:42.678  1196  1196 E wificond: NetlinkUtils::handleBandFreqAttributes: 5700
09-28 14:39:42.678  1196  1196 E wificond: NetlinkUtils::handleBandFreqAttributes: 5745
09-28 14:39:42.678  1196  1196 E wificond: NetlinkUtils::handleBandFreqAttributes: 5765
09-28 14:39:42.678  1196  1196 E wificond: NetlinkUtils::handleBandFreqAttributes: 5785
09-28 14:39:42.678  1196  1196 E wificond: NetlinkUtils::handleBandFreqAttributes: 5805
09-28 14:39:42.678  1196  1196 E wificond: NetlinkUtils::handleBandFreqAttributes: 5825
09-28 14:39:42.679  1196  1196 E wificond: GetBandInfo: success
09-28 14:39:42.680  1196  1196 E wificond: getAvailable5gNonDFSChannels ener : Success
09-28 14:39:42.680  1196  1196 E wificond: GetBandInfo: 0
09-28 14:39:42.680  1196  1196 E wificond: NetlinkUtils::GetWiphyInfo: 0
09-28 14:39:42.680  1196  1196 E wificond: NetlinkUtils::handleBandFreqAttributes: 2412
09-28 14:39:42.680  1196  1196 E wificond: NetlinkUtils::handleBandFreqAttributes: 2417
09-28 14:39:42.680  1196  1196 E wificond: NetlinkUtils::handleBandFreqAttributes: 2422
09-28 14:39:42.680  1196  1196 E wificond: NetlinkUtils::handleBandFreqAttributes: 2427
09-28 14:39:42.680  1196  1196 E wificond: NetlinkUtils::handleBandFreqAttributes: 2432
09-28 14:39:42.680  1196  1196 E wificond: NetlinkUtils::handleBandFreqAttributes: 2437
09-28 14:39:42.680  1196  1196 E wificond: NetlinkUtils::handleBandFreqAttributes: 2442
09-28 14:39:42.680  1196  1196 E wificond: NetlinkUtils::handleBandFreqAttributes: 2447
09-28 14:39:42.680  1196  1196 E wificond: NetlinkUtils::handleBandFreqAttributes: 2452
09-28 14:39:42.680  1196  1196 E wificond: NetlinkUtils::handleBandFreqAttributes: 2457
09-28 14:39:42.680  1196  1196 E wificond: NetlinkUtils::handleBandFreqAttributes: 2462
09-28 14:39:42.680  1196  1196 E wificond: NetlinkUtils::handleBandFreqAttributes: 2467
09-28 14:39:42.680  1196  1196 E wificond: NetlinkUtils::handleBandFreqAttributes: 2472
09-28 14:39:42.680  1196  1196 E wificond: NetlinkUtils::handleBandFreqAttributes: 5180
09-28 14:39:42.680  1196  1196 E wificond: NetlinkUtils::handleBandFreqAttributes: 5200
09-28 14:39:42.680  1196  1196 E wificond: NetlinkUtils::handleBandFreqAttributes: 5220
09-28 14:39:42.680  1196  1196 E wificond: NetlinkUtils::handleBandFreqAttributes: 5240
09-28 14:39:42.680  1196  1196 E wificond: NetlinkUtils::handleBandFreqAttributes: 5260
09-28 14:39:42.680  1196  1196 E wificond: NetlinkUtils::handleBandFreqAttributes: 5280
09-28 14:39:42.680  1196  1196 E wificond: NetlinkUtils::handleBandFreqAttributes: 5300
09-28 14:39:42.680  1196  1196 E wificond: NetlinkUtils::handleBandFreqAttributes: 5320
09-28 14:39:42.680  1196  1196 E wificond: NetlinkUtils::handleBandFreqAttributes: 5500
09-28 14:39:42.680  1196  1196 E wificond: NetlinkUtils::handleBandFreqAttributes: 5520
09-28 14:39:42.680  1196  1196 E wificond: NetlinkUtils::handleBandFreqAttributes: 5540
09-28 14:39:42.680  1196  1196 E wificond: NetlinkUtils::handleBandFreqAttributes: 5560
09-28 14:39:42.680  1196  1196 E wificond: NetlinkUtils::handleBandFreqAttributes: 5580
09-28 14:39:42.680  1196  1196 E wificond: NetlinkUtils::handleBandFreqAttributes: 5600
09-28 14:39:42.680  1196  1196 E wificond: NetlinkUtils::handleBandFreqAttributes: 5620
09-28 14:39:42.680  1196  1196 E wificond: NetlinkUtils::handleBandFreqAttributes: 5640
09-28 14:39:42.680  1196  1196 E wificond: NetlinkUtils::handleBandFreqAttributes: 5660
09-28 14:39:42.681  1196  1196 E wificond: NetlinkUtils::handleBandFreqAttributes: 5680
09-28 14:39:42.681  1196  1196 E wificond: NetlinkUtils::handleBandFreqAttributes: 5700
09-28 14:39:42.681  1196  1196 E wificond: NetlinkUtils::handleBandFreqAttributes: 5745
09-28 14:39:42.681  1196  1196 E wificond: NetlinkUtils::handleBandFreqAttributes: 5765
09-28 14:39:42.681  1196  1196 E wificond: NetlinkUtils::handleBandFreqAttributes: 5785
09-28 14:39:42.681  1196  1196 E wificond: NetlinkUtils::handleBandFreqAttributes: 5805
09-28 14:39:42.681  1196  1196 E wificond: NetlinkUtils::handleBandFreqAttributes: 5825
09-28 14:39:42.681  1196  1196 E wificond: GetBandInfo: success
09-28 14:39:42.681  1196  1196 E wificond: getAvailable5gNonDFSChannels band_5g.size=9: Success
09-28 14:39:42.681  1196  1196 E wificond: GetBandInfo: 0
09-28 14:39:42.682  1196  1196 E wificond: NetlinkUtils::GetWiphyInfo: 0
09-28 14:39:42.683  1196  1196 E wificond: NetlinkUtils::handleBandFreqAttributes: 2412
09-28 14:39:42.683  1196  1196 E wificond: NetlinkUtils::handleBandFreqAttributes: 2417
09-28 14:39:42.683  1196  1196 E wificond: NetlinkUtils::handleBandFreqAttributes: 2422
09-28 14:39:42.683  1196  1196 E wificond: NetlinkUtils::handleBandFreqAttributes: 2427
09-28 14:39:42.683  1196  1196 E wificond: NetlinkUtils::handleBandFreqAttributes: 2432
09-28 14:39:42.683  1196  1196 E wificond: NetlinkUtils::handleBandFreqAttributes: 2437
09-28 14:39:42.683  1196  1196 E wificond: NetlinkUtils::handleBandFreqAttributes: 2442
09-28 14:39:42.683  1196  1196 E wificond: NetlinkUtils::handleBandFreqAttributes: 2447
09-28 14:39:42.683  1196  1196 E wificond: NetlinkUtils::handleBandFreqAttributes: 2452
09-28 14:39:42.683  1196  1196 E wificond: NetlinkUtils::handleBandFreqAttributes: 2457
09-28 14:39:42.683  1196  1196 E wificond: NetlinkUtils::handleBandFreqAttributes: 2462
09-28 14:39:42.683  1196  1196 E wificond: NetlinkUtils::handleBandFreqAttributes: 2467
09-28 14:39:42.683  1196  1196 E wificond: NetlinkUtils::handleBandFreqAttributes: 2472
09-28 14:39:42.683  1196  1196 E wificond: NetlinkUtils::handleBandFreqAttributes: 5180
09-28 14:39:42.683  1196  1196 E wificond: NetlinkUtils::handleBandFreqAttributes: 5200
09-28 14:39:42.683  1196  1196 E wificond: NetlinkUtils::handleBandFreqAttributes: 5220
09-28 14:39:42.683  1196  1196 E wificond: NetlinkUtils::handleBandFreqAttributes: 5240
09-28 14:39:42.683  1196  1196 E wificond: NetlinkUtils::handleBandFreqAttributes: 5260
09-28 14:39:42.683  1196  1196 E wificond: NetlinkUtils::handleBandFreqAttributes: 5280
09-28 14:39:42.683  1196  1196 E wificond: NetlinkUtils::handleBandFreqAttributes: 5300
09-28 14:39:42.683  1196  1196 E wificond: NetlinkUtils::handleBandFreqAttributes: 5320
09-28 14:39:42.683  1196  1196 E wificond: NetlinkUtils::handleBandFreqAttributes: 5500
09-28 14:39:42.683  1196  1196 E wificond: NetlinkUtils::handleBandFreqAttributes: 5520
09-28 14:39:42.683  1196  1196 E wificond: NetlinkUtils::handleBandFreqAttributes: 5540
09-28 14:39:42.683  1196  1196 E wificond: NetlinkUtils::handleBandFreqAttributes: 5560
09-28 14:39:42.683  1196  1196 E wificond: NetlinkUtils::handleBandFreqAttributes: 5580
09-28 14:39:42.683  1196  1196 E wificond: NetlinkUtils::handleBandFreqAttributes: 5600
09-28 14:39:42.683  1196  1196 E wificond: NetlinkUtils::handleBandFreqAttributes: 5620
09-28 14:39:42.683  1196  1196 E wificond: NetlinkUtils::handleBandFreqAttributes: 5640
09-28 14:39:42.683  1196  1196 E wificond: NetlinkUtils::handleBandFreqAttributes: 5660
09-28 14:39:42.683  1196  1196 E wificond: NetlinkUtils::handleBandFreqAttributes: 5680
09-28 14:39:42.683  1196  1196 E wificond: NetlinkUtils::handleBandFreqAttributes: 5700
09-28 14:39:42.683  1196  1196 E wificond: NetlinkUtils::handleBandFreqAttributes: 5745
09-28 14:39:42.683  1196  1196 E wificond: NetlinkUtils::handleBandFreqAttributes: 5765
09-28 14:39:42.683  1196  1196 E wificond: NetlinkUtils::handleBandFreqAttributes: 5785
09-28 14:39:42.683  1196  1196 E wificond: NetlinkUtils::handleBandFreqAttributes: 5805
09-28 14:39:42.683  1196  1196 E wificond: NetlinkUtils::handleBandFreqAttributes: 5825
09-28 14:39:42.683  1196  1196 E wificond: GetBandInfo: success
09-28 14:39:42.684  1196  1196 E wificond: getAvailable6gChannels ener : Success
09-28 14:39:42.684  1196  1196 E wificond: GetBandInfo: -1
09-28 14:39:42.684  1196  1196 E wificond: getAvailable6gChannels GetBandInfo fail.: Success
09-28 14:39:42.684  1196  1196 E wificond: GetBandInfo: -1
09-28 14:39:42.690  1787  2043 D AlarmAlignment: alignWithSys: alarm{Alarm{97a48c4 type 2 origWhen 34848331 whenElapsed 34848331 android} whenElapsed 34848331 windowLength 11249 maxWhenElapsed 34859580 repeatInterval 0 tag WificondScannerImpl Scan Timeout} align to 34953525
09-28 14:39:42.691  1787  2016 D AlarmAlignment: alignWithSys: alarm{Alarm{6d4e3ad type 2 origWhen 34863332 whenElapsed 34863332 android} whenElapsed 34863332 windowLength 22500 maxWhenElapsed 34885832 repeatInterval 0 tag Fp Scan result timer} align to 34953525
09-28 14:39:42.704  1787  4440 E AppOps  : package com.oplus.internal.telephony not found, can't check for attributionTag null
09-28 14:39:42.704  1787  4440 E AppOps  : noteOperation
09-28 14:39:42.704  1787  4440 E AppOps  : java.lang.SecurityException: Specified package com.oplus.internal.telephony under uid 1001 but it is not
09-28 14:39:42.704  1787  4440 E AppOps  : 	at com.android.server.appop.AppOpsService.verifyAndGetBypass(AppOpsService.java:4791)
09-28 14:39:42.704  1787  4440 E AppOps  : 	at com.android.server.appop.AppOpsService.noteOperationUnchecked(AppOpsService.java:3575)
09-28 14:39:42.704  1787  4440 E AppOps  : 	at com.android.server.appop.AppOpsService.noteOperationImpl(AppOpsService.java:3563)
09-28 14:39:42.704  1787  4440 E AppOps  : 	at com.android.server.appop.AppOpsService.access$4000(AppOpsService.java:223)
09-28 14:39:42.704  1787  4440 E AppOps  : 	at com.android.server.appop.AppOpsService$CheckOpsDelegateDispatcher.lambda$noteOperation$4(AppOpsService.java:7769)
09-28 14:39:42.704  1787  4440 E AppOps  : 	at com.android.server.appop.AppOpsService$CheckOpsDelegateDispatcher$$ExternalSyntheticLambda5.apply(Unknown Source:33)
09-28 14:39:42.704  1787  4440 E AppOps  : 	at com.android.server.policy.AppOpsPolicy.noteOperation(AppOpsPolicy.java:221)
09-28 14:39:42.704  1787  4440 E AppOps  : 	at com.android.server.appop.AppOpsService$CheckOpsDelegateDispatcher.noteOperation(AppOpsService.java:7767)
09-28 14:39:42.704  1787  4440 E AppOps  : 	at com.android.server.appop.AppOpsService.noteOperation(AppOpsService.java:3547)
09-28 14:39:42.704  1787  4440 E AppOps  : 	at com.android.internal.app.IAppOpsService$Stub.onTransact(IAppOpsService.java:476)
09-28 14:39:42.704  1787  4440 E AppOps  : 	at com.android.server.appop.OplusAppOpsService.onTransact(OplusAppOpsService.java:38)
09-28 14:39:42.704  1787  4440 E AppOps  : 	at android.os.Binder.execTransactInternal(Binder.java:1226)
09-28 14:39:42.704  1787  4440 E AppOps  : 	at android.os.Binder.execTransact(Binder.java:1163)
09-28 14:39:42.707  1787  1834 D CompatibilityChangeReporter: Compat change id reported: 135634846; UID 1000; state: DISABLED
09-28 14:39:42.707  1787  1834 D CompatibilityChangeReporter: Compat change id reported: 177438394; UID 1000; state: DISABLED
09-28 14:39:42.707  1787  1834 D CompatibilityChangeReporter: Compat change id reported: 135772972; UID 1000; state: DISABLED
09-28 14:39:42.707  1787  1834 D CompatibilityChangeReporter: Compat change id reported: 135754954; UID 1000; state: ENABLED
09-28 14:39:42.732  1787  1829 I ActivityManager: Start proc 10978:com.oplus.wirelesssettings:tzupdate/1000 for broadcast {com.oplus.wirelesssettings/com.oplus.tzupdate.timezone.MccChangeReceiver}
09-28 14:39:42.776  1787  4440 V ActivityManager: New death recipient com.android.server.am.ActivityManagerService$AppDeathRecipient@3bdb65 for thread android.os.BinderProxy@b73603a
09-28 14:39:42.787  1787  1834 D CompatibilityChangeReporter: Compat change id reported: 135634846; UID 10334; state: DISABLED
09-28 14:39:42.788  1787  1834 D CompatibilityChangeReporter: Compat change id reported: 177438394; UID 10334; state: DISABLED
09-28 14:39:42.788  1787  1834 D CompatibilityChangeReporter: Compat change id reported: 135772972; UID 10334; state: DISABLED
09-28 14:39:42.788  1787  1834 D CompatibilityChangeReporter: Compat change id reported: 135754954; UID 10334; state: ENABLED
09-28 14:39:42.788  1787  1829 D CompatibilityChangeReporter: Compat change id reported: 143937733; UID 10334; state: ENABLED
09-28 14:39:42.803  1787  1829 I ActivityManager: Start proc 10993:com.redteamobile.roaming/u0a334 for broadcast {com.redteamobile.roaming/com.redteamobile.roaming.receiver.MccChangeReceiver}
09-28 14:39:42.829  1787  4440 V ActivityManager: New death recipient com.android.server.am.ActivityManagerService$AppDeathRecipient@ae36af4 for thread android.os.BinderProxy@a23121d
09-28 14:39:42.959 10993 11016 E ActivityThread: Failed to find provider info for com.nearme.romupdate.provider.db
09-28 14:39:46.002  1787  1920 V ActivityManager: Death received in com.android.server.am.ActivityManagerService$AppDeathRecipient@ae36af4 for thread android.os.BinderProxy@a23121d
09-28 14:39:46.003  1787  1920 I ActivityManager: Process com.redteamobile.roaming (pid 10993) has died: fg  RCVR
09-28 14:39:46.003  1787  1920 W ContextImpl: Calling a method in the system process without a qualified user: android.app.ContextImpl.sendBroadcast:1177 com.android.server.am.OplusExtraActivityManagerService.setKeyLockModeNormal:51 com.android.server.am.ActivityManagerServiceExtImpl.setKeyLockModeNormal:841 com.android.server.am.ActivityManagerService.appDiedLocked:3426 com.android.server.am.ActivityManagerService$AppDeathRecipient.binderDied:1536 
09-28 14:39:46.029  1787  3382 D OplusProxyWakeLock: remove uid: 10758 wiht all pids from wakelockUidInfo list
09-28 14:39:46.030  1787  3382 D OplusProxyWakeLock: remove uid: 10357 wiht all pids from wakelockUidInfo list
09-28 14:39:46.033  1787  3382 D OplusProxyWakeLock: remove uid: 10310 wiht all pids from wakelockUidInfo list
09-28 14:39:46.039  1787  3382 D OplusProxyWakeLock: remove uid: 10725 wiht all pids from wakelockUidInfo list
09-28 14:39:46.039  1787  3382 D OplusProxyWakeLock: remove uid: 10259 wiht all pids from wakelockUidInfo list
09-28 14:39:46.047  1787  3382 D OplusProxyWakeLock: remove uid: 10244 wiht all pids from wakelockUidInfo list
09-28 14:39:46.049  1787  1920 D ActivityManager: getProcessesInErrorState callingUid=10044, CallingPid=9018
09-28 14:39:46.051  1787  1920 D ActivityManager: getProcessesInErrorState callingUid=10044, CallingPid=9018
09-28 14:39:46.052  1787  1920 D ActivityManager: getProcessesInErrorState callingUid=10044, CallingPid=9018
09-28 14:39:46.052  1787  3382 D OplusProxyWakeLock: remove uid: 10276 wiht all pids from wakelockUidInfo list
09-28 14:39:46.052  1787  3382 D OplusProxyWakeLock: remove uid: 10722 wiht all pids from wakelockUidInfo list
09-28 14:39:46.052  1787  3382 D OplusProxyWakeLock: remove uid: 10300 wiht all pids from wakelockUidInfo list
09-28 14:39:46.053  1787  3382 D OplusProxyWakeLock: remove uid: 10701 wiht all pids from wakelockUidInfo list
09-28 14:39:46.053  1787  1920 D ActivityManager: getProcessesInErrorState callingUid=10044, CallingPid=9018
09-28 14:39:46.053  1787  3382 D OplusProxyWakeLock: remove uid: 10044 wiht all pids from wakelockUidInfo list
09-28 14:39:46.053  1787  1920 D ActivityManager: getProcessesInErrorState callingUid=10044, CallingPid=9018
09-28 14:39:46.056  1787  1920 D ActivityManager: getProcessesInErrorState callingUid=10044, CallingPid=9018
09-28 14:39:46.057  1787  1920 D ActivityManager: getProcessesInErrorState callingUid=10044, CallingPid=9018
09-28 14:39:46.057  1787  1920 D ActivityManager: getProcessesInErrorState callingUid=10044, CallingPid=9018
09-28 14:39:46.514  1787  1920 D ActivityManager: getProcessesInErrorState callingUid=10044, CallingPid=9018
09-28 14:39:47.014  1787  1920 D ActivityManager: getProcessesInErrorState callingUid=10044, CallingPid=9018
09-28 14:39:47.514  1787  1920 D ActivityManager: getProcessesInErrorState callingUid=10044, CallingPid=9018
09-28 14:39:48.014  1787  1920 D ActivityManager: getProcessesInErrorState callingUid=10044, CallingPid=9018
09-28 14:39:48.514  1787  1920 D ActivityManager: getProcessesInErrorState callingUid=10044, CallingPid=9018
09-28 14:39:48.943  1787  1920 V ActivityManager: Death received in com.android.server.am.ActivityManagerService$AppDeathRecipient@3bdb65 for thread android.os.BinderProxy@b73603a
09-28 14:39:48.943  1787  1920 I ActivityManager: Process com.oplus.wirelesssettings:tzupdate (pid 10978) has died: cch+5 CEM 
09-28 14:39:48.944  1787  1920 W ContextImpl: Calling a method in the system process without a qualified user: android.app.ContextImpl.sendBroadcast:1177 com.android.server.am.OplusExtraActivityManagerService.setKeyLockModeNormal:51 com.android.server.am.ActivityManagerServiceExtImpl.setKeyLockModeNormal:841 com.android.server.am.ActivityManagerService.appDiedLocked:3426 com.android.server.am.ActivityManagerService$AppDeathRecipient.binderDied:1536 
09-28 14:39:49.014  1787  1920 D ActivityManager: getProcessesInErrorState callingUid=10044, CallingPid=9018
09-28 14:39:49.514  1787  1920 D ActivityManager: getProcessesInErrorState callingUid=10044, CallingPid=9018
09-28 14:39:50.014  1787  1920 D ActivityManager: getProcessesInErrorState callingUid=10044, CallingPid=9018
09-28 14:39:50.514  1787  1920 D ActivityManager: getProcessesInErrorState callingUid=10044, CallingPid=9018
09-28 14:39:51.014  1787  1920 D ActivityManager: getProcessesInErrorState callingUid=10044, CallingPid=9018
09-28 14:39:51.514  1787  1920 D ActivityManager: getProcessesInErrorState callingUid=10044, CallingPid=9018
09-28 14:39:52.018  1787  1920 D ActivityManager: getProcessesInErrorState callingUid=10044, CallingPid=9018
09-28 14:39:52.514  1787  1920 D ActivityManager: getProcessesInErrorState callingUid=10044, CallingPid=9018
09-28 14:39:53.014  1787  1920 D ActivityManager: getProcessesInErrorState callingUid=10044, CallingPid=9018
09-28 14:39:53.514  1787  1920 D ActivityManager: getProcessesInErrorState callingUid=10044, CallingPid=9018
09-28 14:39:54.014  1787  1920 D ActivityManager: getProcessesInErrorState callingUid=10044, CallingPid=9018
09-28 14:39:54.514  1787  1920 D ActivityManager: getProcessesInErrorState callingUid=10044, CallingPid=9018
09-28 14:39:55.014  1787  1920 D ActivityManager: getProcessesInErrorState callingUid=10044, CallingPid=9018
09-28 14:39:55.514  1787  1920 D ActivityManager: getProcessesInErrorState callingUid=10044, CallingPid=9018
09-28 14:39:56.014  1787  1920 D ActivityManager: getProcessesInErrorState callingUid=10044, CallingPid=9018
09-28 14:39:58.003  1787  1920 D ActivityManager: getProcessesInErrorState callingUid=10044, CallingPid=9018
09-28 14:39:58.004  1787  1920 D ActivityManager: getProcessesInErrorState callingUid=10044, CallingPid=9018
09-28 14:39:58.005  1787  1920 D ActivityManager: getProcessesInErrorState callingUid=10044, CallingPid=9018
09-28 14:39:58.007  1787  3382 D OplusProxyWakeLock: remove uid: 10044 wiht all pids from wakelockUidInfo list
09-28 14:39:58.007  1787  3382 D OplusProxyWakeLock: remove uid: 10244 wiht all pids from wakelockUidInfo list
09-28 14:39:58.014  1787  1920 D ActivityManager: getProcessesInErrorState callingUid=10044, CallingPid=9018
09-28 14:39:58.016  1787  3382 D OplusProxyWakeLock: remove uid: 10300 wiht all pids from wakelockUidInfo list
09-28 14:39:58.023  1787  3382 D OplusProxyWakeLock: remove uid: 10725 wiht all pids from wakelockUidInfo list
09-28 14:39:58.515  1787  1920 D ActivityManager: getProcessesInErrorState callingUid=10044, CallingPid=9018
09-28 14:39:59.014  1787  1920 D ActivityManager: getProcessesInErrorState callingUid=10044, CallingPid=9018
09-28 14:39:59.514  1787  1920 D ActivityManager: getProcessesInErrorState callingUid=10044, CallingPid=9018
09-28 14:40:00.014  1787  1920 D ActivityManager: getProcessesInErrorState callingUid=10044, CallingPid=9018
09-28 14:40:00.514  1787  1920 D ActivityManager: getProcessesInErrorState callingUid=10044, CallingPid=9018
09-28 14:40:01.014  1787  1920 D ActivityManager: getProcessesInErrorState callingUid=10044, CallingPid=9018
09-28 14:40:01.514  1787  1920 D ActivityManager: getProcessesInErrorState callingUid=10044, CallingPid=9018
09-28 14:40:02.014  1787  1920 D ActivityManager: getProcessesInErrorState callingUid=10044, CallingPid=9018
09-28 14:40:02.514  1787  1920 D ActivityManager: getProcessesInErrorState callingUid=10044, CallingPid=9018
09-28 14:40:03.014  1787  1920 D ActivityManager: getProcessesInErrorState callingUid=10044, CallingPid=9018
09-28 14:40:03.514  1787  1920 D ActivityManager: getProcessesInErrorState callingUid=10044, CallingPid=9018
09-28 14:40:04.014  1787  1920 D ActivityManager: getProcessesInErrorState callingUid=10044, CallingPid=9018
09-28 14:40:04.514  1787  1920 D ActivityManager: getProcessesInErrorState callingUid=10044, CallingPid=9018
09-28 14:40:05.014  1787  1920 D ActivityManager: getProcessesInErrorState callingUid=10044, CallingPid=9018
09-28 14:40:05.515  1787  1920 D ActivityManager: getProcessesInErrorState callingUid=10044, CallingPid=9018
09-28 14:40:06.014  1787  1920 D ActivityManager: getProcessesInErrorState callingUid=10044, CallingPid=9018
09-28 14:40:06.518  1787  1920 D ActivityManager: getProcessesInErrorState callingUid=10044, CallingPid=9018
09-28 14:40:07.014  1787  1920 D ActivityManager: getProcessesInErrorState callingUid=10044, CallingPid=9018
09-28 14:40:07.514  1787  1920 D ActivityManager: getProcessesInErrorState callingUid=10044, CallingPid=9018
09-28 14:40:21.024  1787  1920 D AlarmAlignment: alignWithSys: alarm{Alarm{38d148b type 3 origWhen 34875785 whenElapsed 34875785 android} whenElapsed 34875785 windowLength 0 maxWhenElapsed 34875785 repeatInterval 0 tag *job.delay*} align to 34953525
09-28 14:40:21.032  1787  3382 D OplusProxyWakeLock: remove uid: 10300 wiht all pids from wakelockUidInfo list
09-28 14:40:24.118 24744 25361 V ActivityThread: scheduleReceiver info = ActivityInfo{37d7376 com.google.firebase.iid.FirebaseInstanceIdReceiver} intent = Intent { act=com.google.android.c2dm.intent.RECEIVE flg=0x11080010 pkg=org.telegram.messenger cmp=org.telegram.messenger/com.google.firebase.iid.FirebaseInstanceIdReceiver (has extras) } sync = true hasCode = 238864681
09-28 14:40:24.437  1787  1824 W NotificationHistory: Attempted to remove conversation for locked/gone/disabled user 0
09-28 14:40:24.642  1787  1824 W NotificationHistory: Attempted to remove conversation for locked/gone/disabled user 0
09-28 14:40:24.664  1787  1824 W NotificationHistory: Attempted to remove conversation for locked/gone/disabled user 0
09-28 14:40:26.310  1787  1838 D OplusThermalStats: REPORT_UPDATE_CPU  ->  phoneTemp:350  preHeatThreshold:400
09-28 14:40:26.315  1787  1920 D ActivityManager: getProcessesInErrorState callingUid=10044, CallingPid=9018
09-28 14:40:26.318  1787  1920 D ActivityManager: getProcessesInErrorState callingUid=10044, CallingPid=9018
09-28 14:40:26.319  1787  3382 D OplusProxyWakeLock: remove uid: 10044 wiht all pids from wakelockUidInfo list
09-28 14:40:26.321  1787  1920 D ActivityManager: getProcessesInErrorState callingUid=10044, CallingPid=9018
09-28 14:40:26.322  1787  1920 D ActivityManager: getProcessesInErrorState callingUid=10044, CallingPid=9018
09-28 14:40:26.323  1787  1920 D ActivityManager: getProcessesInErrorState callingUid=10044, CallingPid=9018
09-28 14:40:26.323  1787  1920 D ActivityManager: getProcessesInErrorState callingUid=10044, CallingPid=9018
09-28 14:40:26.323  1787  1920 D ActivityManager: getProcessesInErrorState callingUid=10044, CallingPid=9018
09-28 14:40:26.324  1787  1920 D ActivityManager: getProcessesInErrorState callingUid=10044, CallingPid=9018
09-28 14:40:26.324  1787  1920 D ActivityManager: getProcessesInErrorState callingUid=10044, CallingPid=9018
09-28 14:40:26.324  1787  1920 D ActivityManager: getProcessesInErrorState callingUid=10044, CallingPid=9018
09-28 14:40:26.325  1787  1920 D ActivityManager: getProcessesInErrorState callingUid=10044, CallingPid=9018
09-28 14:40:26.325  1787  1920 D ActivityManager: getProcessesInErrorState callingUid=10044, CallingPid=9018
09-28 14:40:26.325  1787  1920 D ActivityManager: getProcessesInErrorState callingUid=10044, CallingPid=9018
09-28 14:40:26.326  1787  1920 D ActivityManager: getProcessesInErrorState callingUid=10044, CallingPid=9018
09-28 14:40:26.326  1787  1920 D ActivityManager: getProcessesInErrorState callingUid=10044, CallingPid=9018
09-28 14:40:26.326  1787  1920 D ActivityManager: getProcessesInErrorState callingUid=10044, CallingPid=9018
09-28 14:40:26.327  1787  1920 D ActivityManager: getProcessesInErrorState callingUid=10044, CallingPid=9018
09-28 14:40:26.327  1787  1920 D ActivityManager: getProcessesInErrorState callingUid=10044, CallingPid=9018
09-28 14:40:26.328  1787  1920 D ActivityManager: getProcessesInErrorState callingUid=10044, CallingPid=9018
09-28 14:40:26.328  1787  1920 D ActivityManager: getProcessesInErrorState callingUid=10044, CallingPid=9018
09-28 14:40:26.328  1787  1920 D ActivityManager: getProcessesInErrorState callingUid=10044, CallingPid=9018
09-28 14:40:26.329  1787  1920 D ActivityManager: getProcessesInErrorState callingUid=10044, CallingPid=9018
09-28 14:40:26.329  1787  1920 D ActivityManager: getProcessesInErrorState callingUid=10044, CallingPid=9018
09-28 14:40:26.330  1787  1920 D ActivityManager: getProcessesInErrorState callingUid=10044, CallingPid=9018
09-28 14:40:26.331  1787  1920 D ActivityManager: getProcessesInErrorState callingUid=10044, CallingPid=9018
09-28 14:40:26.331  1787  1920 D ActivityManager: getProcessesInErrorState callingUid=10044, CallingPid=9018
09-28 14:40:26.332  1787  1920 D ActivityManager: getProcessesInErrorState callingUid=10044, CallingPid=9018
09-28 14:40:26.332  1787  1920 D ActivityManager: getProcessesInErrorState callingUid=10044, CallingPid=9018
09-28 14:40:26.333  1787  1920 D ActivityManager: getProcessesInErrorState callingUid=10044, CallingPid=9018
09-28 14:40:26.333  1787  1920 D ActivityManager: getProcessesInErrorState callingUid=10044, CallingPid=9018
09-28 14:40:26.334  1787  1920 D ActivityManager: getProcessesInErrorState callingUid=10044, CallingPid=9018
09-28 14:40:26.334  1787  1920 D ActivityManager: getProcessesInErrorState callingUid=10044, CallingPid=9018
09-28 14:40:26.335  1787  1920 D ActivityManager: getProcessesInErrorState callingUid=10044, CallingPid=9018
09-28 14:40:26.335  1787  1920 D ActivityManager: getProcessesInErrorState callingUid=10044, CallingPid=9018
09-28 14:40:26.336  1787  1920 D ActivityManager: getProcessesInErrorState callingUid=10044, CallingPid=9018
09-28 14:40:26.336  1787  1920 D ActivityManager: getProcessesInErrorState callingUid=10044, CallingPid=9018
09-28 14:40:26.336  1787  1920 D ActivityManager: getProcessesInErrorState callingUid=10044, CallingPid=9018
09-28 14:40:26.514  1787  1920 D ActivityManager: getProcessesInErrorState callingUid=10044, CallingPid=9018
09-28 14:40:27.014  1787  1920 D ActivityManager: getProcessesInErrorState callingUid=10044, CallingPid=9018
09-28 14:40:27.515  1787  1920 D ActivityManager: getProcessesInErrorState callingUid=10044, CallingPid=9018
09-28 14:40:28.015  1787  1920 D ActivityManager: getProcessesInErrorState callingUid=10044, CallingPid=9018
09-28 14:40:28.514  1787  1920 D ActivityManager: getProcessesInErrorState callingUid=10044, CallingPid=9018
09-28 14:40:29.014  1787  1920 D ActivityManager: getProcessesInErrorState callingUid=10044, CallingPid=9018
09-28 14:40:29.514  1787  1920 D ActivityManager: getProcessesInErrorState callingUid=10044, CallingPid=9018
09-28 14:40:30.015  1787  1920 D ActivityManager: getProcessesInErrorState callingUid=10044, CallingPid=9018
09-28 14:40:30.515  1787  1920 D ActivityManager: getProcessesInErrorState callingUid=10044, CallingPid=9018
09-28 14:40:31.014  1787  1920 D ActivityManager: getProcessesInErrorState callingUid=10044, CallingPid=9018
09-28 14:40:31.514  1787  1920 D ActivityManager: getProcessesInErrorState callingUid=10044, CallingPid=9018
09-28 14:40:32.014  1787  1920 D ActivityManager: getProcessesInErrorState callingUid=10044, CallingPid=9018
09-28 14:40:32.514  1787  1920 D ActivityManager: getProcessesInErrorState callingUid=10044, CallingPid=9018
09-28 14:40:33.014  1787  1920 D ActivityManager: getProcessesInErrorState callingUid=10044, CallingPid=9018
09-28 14:40:33.514  1787  1920 D ActivityManager: getProcessesInErrorState callingUid=10044, CallingPid=9018
09-28 14:40:34.014  1787  1920 D ActivityManager: getProcessesInErrorState callingUid=10044, CallingPid=9018
09-28 14:40:34.514  1787  1920 D ActivityManager: getProcessesInErrorState callingUid=10044, CallingPid=9018
09-28 14:40:35.014  1787  1920 D ActivityManager: getProcessesInErrorState callingUid=10044, CallingPid=9018
09-28 14:40:35.514  1787  1920 D ActivityManager: getProcessesInErrorState callingUid=10044, CallingPid=9018
09-28 14:40:36.014  1787  1920 D ActivityManager: getProcessesInErrorState callingUid=10044, CallingPid=9018
09-28 14:40:40.020  1787  4956 D UsageStatsService: User[0] type=0 b=1664356003540 e=1664356240018 cb=1664340364190 ce=1664356238438 disk=0 all=7
09-28 14:40:41.197  9044  9044 E ActivityThread: Service com.oplus.cosa.feature.FeatureService has leaked ServiceConnection com.oplus.cosa.f.a$a@559a054 that was originally bound here
09-28 14:40:41.197  9044  9044 E ActivityThread: android.app.ServiceConnectionLeaked: Service com.oplus.cosa.feature.FeatureService has leaked ServiceConnection com.oplus.cosa.f.a$a@559a054 that was originally bound here
09-28 14:40:41.197  9044  9044 E ActivityThread: 	at android.app.LoadedApk$ServiceDispatcher.<init>(LoadedApk.java:2047)
09-28 14:40:41.197  9044  9044 E ActivityThread: 	at android.app.LoadedApk.getServiceDispatcherCommon(LoadedApk.java:1919)
09-28 14:40:41.197  9044  9044 E ActivityThread: 	at android.app.LoadedApk.getServiceDispatcher(LoadedApk.java:1898)
09-28 14:40:41.197  9044  9044 E ActivityThread: 	at android.app.ContextImpl.bindServiceCommon(ContextImpl.java:1975)
09-28 14:40:41.197  9044  9044 E ActivityThread: 	at android.app.ContextImpl.bindService(ContextImpl.java:1906)
09-28 14:40:41.197  9044  9044 E ActivityThread: 	at android.content.ContextWrapper.bindService(ContextWrapper.java:820)
09-28 14:40:41.197  9044  9044 E ActivityThread: 	at com.oplus.cosa.f.a.e(COSAProcessHelper.kt:77)
09-28 14:40:41.197  9044  9044 E ActivityThread: 	at com.oplus.cosa.f.a.a(COSAProcessHelper.kt:120)
09-28 14:40:41.197  9044  9044 E ActivityThread: 	at com.oplus.cosa.feature.i.a(InfoTransfer.kt:56)
09-28 14:40:41.197  9044  9044 E ActivityThread: 	at com.oplus.cosa.feature.datacollector.c.e.a.a(CallBackUIUtils.kt:38)
09-28 14:40:41.197  9044  9044 E ActivityThread: 	at com.oplus.cosa.feature.datacollector.c.a.a(ReportHolder.kt:39)
09-28 14:40:41.197  9044  9044 E ActivityThread: 	at com.oplus.cosa.feature.datacollector.b.a(DataCollector.kt:114)
09-28 14:40:41.197  9044  9044 E ActivityThread: 	at com.oplus.cosa.feature.datacollector.c.a(DataCollectorFeature.kt:52)
09-28 14:40:41.197  9044  9044 E ActivityThread: 	at com.oplus.cosa.feature.FeatureService.a(FeatureService.kt:118)
09-28 14:40:41.197  9044  9044 E ActivityThread: 	at com.oplus.cosa.feature.FeatureService.lambda$rPAKG0ARJugQDfzZoDeXjEsQa9k(Unknown Source:0)
09-28 14:40:41.197  9044  9044 E ActivityThread: 	at com.oplus.cosa.feature.-$$Lambda$FeatureService$rPAKG0ARJugQDfzZoDeXjEsQa9k.run(Unknown Source:10)
09-28 14:40:41.197  9044  9044 E ActivityThread: 	at java.util.concurrent.Executors$RunnableAdapter.call(Executors.java:463)
09-28 14:40:41.197  9044  9044 E ActivityThread: 	at java.util.concurrent.FutureTask.run(FutureTask.java:264)
09-28 14:40:41.197  9044  9044 E ActivityThread: 	at java.util.concurrent.ThreadPoolExecutor.runWorker(ThreadPoolExecutor.java:1137)
09-28 14:40:41.197  9044  9044 E ActivityThread: 	at java.util.concurrent.ThreadPoolExecutor$Worker.run(ThreadPoolExecutor.java:637)
09-28 14:40:41.197  9044  9044 E ActivityThread: 	at java.lang.Thread.run(Thread.java:1012)
09-28 14:40:41.235  1787  2743 D DisplayManagerService: Display listener for pid 9037 died.
09-28 14:40:41.235  1787  4444 V ActivityManager: Death received in com.android.server.am.ActivityManagerService$AppDeathRecipient@a6f3a96 for thread android.os.BinderProxy@b39d617
09-28 14:40:41.235  1787  4444 I ActivityManager: Process com.oplus.cosa:oiface (pid 9037) has died: svc SVC 
09-28 14:40:41.236  1787  4444 W ContextImpl: Calling a method in the system process without a qualified user: android.app.ContextImpl.sendBroadcast:1177 com.android.server.am.OplusExtraActivityManagerService.setKeyLockModeNormal:51 com.android.server.am.ActivityManagerServiceExtImpl.setKeyLockModeNormal:841 com.android.server.am.ActivityManagerService.appDiedLocked:3426 com.android.server.am.ActivityManagerService$AppDeathRecipient.binderDied:1536 
09-28 14:40:41.270  9044  9080 I Quality : 17001301:9018 com.ludo.king GAME_STOP 6 0.06931608
09-28 14:40:41.338  2759  7751 W ContextImpl: Calling a method in the system process without a qualified user: android.app.ContextImpl.sendBroadcast:1192 android.content.ContextWrapper.sendBroadcast:494 com.oplus.qualityprotect.p.a:92 com.oplus.qualityprotect.b.l.a:41 com.oplus.qualityprotect.b.l.c:66 
09-28 14:40:44.205  1787  1920 D AlarmAlignment: alignWithSys: alarm{Alarm{f4e7690 type 3 origWhen 34900260 whenElapsed 34900260 android} whenElapsed 34900260 windowLength 0 maxWhenElapsed 34900260 repeatInterval 0 tag *job.delay*} align to 34953525
09-28 14:40:46.231  1787  4442 V ActivityManager: Death received in com.android.server.am.ActivityManagerService$AppDeathRecipient@1ecbbed for thread android.os.BinderProxy@95c6a22
